Component: ARM Compiler 5.06 update 6 (build 750) Tool: armlink [4d35ed]

==============================================================================

Section Cross References

    startup_stm32f427xx.o(RESET) refers to startup_stm32f427xx.o(STACK) for __initial_sp
    startup_stm32f427xx.o(RESET) refers to startup_stm32f427xx.o(.text) for Reset_Handler
    startup_stm32f427xx.o(RESET) refers to stm32f4xx_it.o(i.NMI_Handler) for NMI_Handler
    startup_stm32f427xx.o(RESET) refers to stm32f4xx_it.o(i.HardFault_Handler) for HardFault_Handler
    startup_stm32f427xx.o(RESET) refers to stm32f4xx_it.o(i.MemManage_Handler) for MemManage_Handler
    startup_stm32f427xx.o(RESET) refers to stm32f4xx_it.o(i.BusFault_Handler) for BusFault_Handler
    startup_stm32f427xx.o(RESET) refers to stm32f4xx_it.o(i.UsageFault_Handler) for UsageFault_Handler
    startup_stm32f427xx.o(RESET) refers to stm32f4xx_it.o(i.SVC_Handler) for SVC_Handler
    startup_stm32f427xx.o(RESET) refers to stm32f4xx_it.o(i.DebugMon_Handler) for DebugMon_Handler
    startup_stm32f427xx.o(RESET) refers to stm32f4xx_it.o(i.PendSV_Handler) for PendSV_Handler
    startup_stm32f427xx.o(RESET) refers to stm32f4xx_it.o(i.SysTick_Handler) for SysTick_Handler
    startup_stm32f427xx.o(RESET) refers to stm32f4xx_it.o(i.TIM1_UP_TIM10_IRQHandler) for TIM1_UP_TIM10_IRQHandler
    startup_stm32f427xx.o(RESET) refers to stm32f4xx_it.o(i.USART1_IRQHandler) for USART1_IRQHandler
    startup_stm32f427xx.o(RESET) refers to stm32f4xx_it.o(i.DMA2_Stream7_IRQHandler) for DMA2_Stream7_IRQHandler
    startup_stm32f427xx.o(.text) refers to system_stm32f4xx.o(i.SystemInit) for SystemInit
    startup_stm32f427xx.o(.text) refers to entry.o(.ARM.Collect$$$$00000000) for __main
    my_printf.o(i.DBG_My_Printf) refers to stm32f4xx_hal_uart.o(i.HAL_UART_Transmit_DMA) for HAL_UART_Transmit_DMA
    my_printf.o(i.DBG_My_Printf) refers to usart.o(.bss) for huart1
    my_printf.o(i.DBG_Print) refers to printfa.o(i.__0vsnprintf) for vsnprintf
    my_printf.o(i.DBG_Print) refers to strlen.o(.text) for strlen
    my_printf.o(i.DBG_Print) refers to my_printf.o(i.DBG_My_Printf) for DBG_My_Printf
    my_printf.o(i.DBG_Print) refers to usart.o(.bss) for huart1
    my_printf.o(i.DBG_Print) refers to my_printf.o(.data) for _level
    main.o(i.HAL_TIM_PeriodElapsedCallback) refers to stm32f4xx_hal_gpio.o(i.HAL_GPIO_TogglePin) for HAL_GPIO_TogglePin
    main.o(i.SystemClock_Config) refers to memseta.o(.text) for __aeabi_memclr4
    main.o(i.SystemClock_Config) refers to stm32f4xx_hal_rcc.o(i.HAL_RCC_OscConfig) for HAL_RCC_OscConfig
    main.o(i.SystemClock_Config) refers to main.o(i.Error_Handler) for Error_Handler
    main.o(i.SystemClock_Config) refers to stm32f4xx_hal_pwr_ex.o(i.HAL_PWREx_EnableOverDrive) for HAL_PWREx_EnableOverDrive
    main.o(i.SystemClock_Config) refers to stm32f4xx_hal_rcc.o(i.HAL_RCC_ClockConfig) for HAL_RCC_ClockConfig
    main.o(i.main) refers to stm32f4xx_hal.o(i.HAL_Init) for HAL_Init
    main.o(i.main) refers to main.o(i.SystemClock_Config) for SystemClock_Config
    main.o(i.main) refers to gpio.o(i.MX_GPIO_Init) for MX_GPIO_Init
    main.o(i.main) refers to dma.o(i.MX_DMA_Init) for MX_DMA_Init
    main.o(i.main) refers to usart.o(i.MX_USART1_UART_Init) for MX_USART1_UART_Init
    main.o(i.main) refers to sdio.o(i.MX_SDIO_SD_Init) for MX_SDIO_SD_Init
    main.o(i.main) refers to tim.o(i.MX_TIM1_Init) for MX_TIM1_Init
    main.o(i.main) refers to stm32f4xx_hal_tim.o(i.HAL_TIM_Base_Start_IT) for HAL_TIM_Base_Start_IT
    main.o(i.main) refers to sdio.o(i.SDIO_ShowInfo) for SDIO_ShowInfo
    main.o(i.main) refers to stm32f4xx_hal_uart.o(i.HAL_UART_Receive) for HAL_UART_Receive
    main.o(i.main) refers to my_printf.o(i.DBG_Print) for DBG_Print
    main.o(i.main) refers to stm32f4xx_hal.o(i.HAL_Delay) for HAL_Delay
    main.o(i.main) refers to sdio.o(i.SDIO_Write_Sector) for SDIO_Write_Sector
    main.o(i.main) refers to sdio.o(i.SDIO_Write_Buf) for SDIO_Write_Buf
    main.o(i.main) refers to memseta.o(.text) for __aeabi_memclr4
    main.o(i.main) refers to sdio.o(i.SDIO_Read_Sector) for SDIO_Read_Sector
    main.o(i.main) refers to sdio.o(i.SDIO_Read_Buf) for SDIO_Read_Buf
    main.o(i.main) refers to tim.o(.bss) for htim1
    main.o(i.main) refers to usart.o(.bss) for huart1
    gpio.o(i.MX_GPIO_Init) refers to memseta.o(.text) for __aeabi_memclr4
    gpio.o(i.MX_GPIO_Init) refers to stm32f4xx_hal_gpio.o(i.HAL_GPIO_WritePin) for HAL_GPIO_WritePin
    gpio.o(i.MX_GPIO_Init) refers to stm32f4xx_hal_gpio.o(i.HAL_GPIO_Init) for HAL_GPIO_Init
    dma.o(i.MX_DMA_Init) refers to stm32f4xx_hal_cortex.o(i.HAL_NVIC_SetPriority) for HAL_NVIC_SetPriority
    dma.o(i.MX_DMA_Init) refers to stm32f4xx_hal_cortex.o(i.HAL_NVIC_EnableIRQ) for HAL_NVIC_EnableIRQ
    sdio.o(i.HAL_SD_MspDeInit) refers to stm32f4xx_hal_gpio.o(i.HAL_GPIO_DeInit) for HAL_GPIO_DeInit
    sdio.o(i.HAL_SD_MspInit) refers to memseta.o(.text) for __aeabi_memclr4
[...]
    Removing system_stm32f4xx.o(.revsh_text), (4 bytes).
    Removing system_stm32f4xx.o(.rrx_text), (6 bytes).
    Removing system_stm32f4xx.o(i.SystemCoreClockUpdate), (192 bytes).

451 unused section(s) (total 35840 bytes) removed from the image.

==============================================================================

Image Symbol Table

    Local Symbols

    Symbol Name                              Value     Ov Type        Size  Object(Section)

    ../Drivers/STM32F4xx_HAL_Driver/Src/stm32f4xx_hal.c 0x00000000   Number         0  stm32f4xx_hal.o ABSOLUTE
    ../Drivers/STM32F4xx_HAL_Driver/Src/stm32f4xx_hal_cortex.c 0x00000000   Number         0  stm32f4xx_hal_cortex.o ABSOLUTE
    ../Drivers/STM32F4xx_HAL_Driver/Src/stm32f4xx_hal_dma.c 0x00000000   Number         0  stm32f4xx_hal_dma.o ABSOLUTE
    ../Drivers/STM32F4xx_HAL_Driver/Src/stm32f4xx_hal_dma_ex.c 0x00000000   Number         0  stm32f4xx_hal_dma_ex.o ABSOLUTE
    ../Drivers/STM32F4xx_HAL_Driver/Src/stm32f4xx_hal_exti.c 0x00000000   Number         0  stm32f4xx_hal_exti.o ABSOLUTE
    ../Drivers/STM32F4xx_HAL_Driver/Src/stm32f4xx_hal_flash.c 0x00000000   Number         0  stm32f4xx_hal_flash.o ABSOLUTE
    ../Drivers/STM32F4xx_HAL_Driver/Src/stm32f4xx_hal_flash_ex.c 0x00000000   Number         0  stm32f4xx_hal_flash_ex.o ABSOLUTE
    ../Drivers/STM32F4xx_HAL_Driver/Src/stm32f4xx_hal_flash_ramfunc.c 0x00000000   Number         0  stm32f4xx_hal_flash_ramfunc.o ABSOLUTE
    ../Drivers/STM32F4xx_HAL_Driver/Src/stm32f4xx_hal_gpio.c 0x00000000   Number         0  stm32f4xx_hal_gpio.o ABSOLUTE
    ../Drivers/STM32F4xx_HAL_Driver/Src/stm32f4xx_hal_pwr.c 0x00000000   Number         0  stm32f4xx_hal_pwr.o ABSOLUTE
    ../Drivers/STM32F4xx_HAL_Driver/Src/stm32f4xx_hal_pwr_ex.c 0x00000000   Number         0  stm32f4xx_hal_pwr_ex.o ABSOLUTE
    ../Drivers/STM32F4xx_HAL_Driver/Src/stm32f4xx_hal_rcc.c 0x00000000   Number         0  stm32f4xx_hal_rcc.o ABSOLUTE
    ../Drivers/STM32F4xx_HAL_Driver/Src/stm32f4xx_hal_rcc_ex.c 0x00000000   Number         0  stm32f4xx_hal_rcc_ex.o ABSOLUTE
    ../Drivers/STM32F4xx_HAL_Driver/Src/stm32f4xx_hal_sd.c 0x00000000   Number         0  stm32f4xx_hal_sd.o ABSOLUTE
    ../Drivers/STM32F4xx_HAL_Driver/Src/stm32f4xx_hal_tim.c 0x00000000   Number         0  stm32f4xx_hal_tim.o ABSOLUTE
    ../Drivers/STM32F4xx_HAL_Driver/Src/stm32f4xx_hal_tim_ex.c 0x00000000   Number         0  stm32f4xx_hal_tim_ex.o ABSOLUTE
    ../Drivers/STM32F4xx_HAL_Driver/Src/stm32f4xx_hal_uart.c 0x00000000   Number         0  stm32f4xx_hal_uart.o ABSOLUTE
    ../Drivers/STM32F4xx_HAL_Driver/Src/stm32f4xx_ll_sdmmc.c 0x00000000   Number         0  stm32f4xx_ll_sdmmc.o ABSOLUTE
    ../Src/dma.c                             0x00000000   Number         0  dma.o ABSOLUTE
    ../Src/gpio.c                            0x00000000   Number         0  gpio.o ABSOLUTE
    ../Src/main.c                            0x00000000   Number         0  main.o ABSOLUTE
    ../Src/sdio.c                            0x00000000   Number         0  sdio.o ABSOLUTE
    ../Src/stm32f4xx_hal_msp.c               0x00000000   Number         0  stm32f4xx_hal_msp.o ABSOLUTE
    ../Src/stm32f4xx_it.c                    0x00000000   Number         0  stm32f4xx_it.o ABSOLUTE
    ../Src/system_stm32f4xx.c                0x00000000   Number         0  system_stm32f4xx.o ABSOLUTE
    ../Src/tim.c                             0x00000000   Number         0  tim.o ABSOLUTE
    ../Src/usart.c                           0x00000000   Number         0  usart.o ABSOLUTE
    ../clib/microlib/division.c              0x00000000   Number         0  uldiv.o ABSOLUTE
    ../clib/microlib/division.c              0x00000000   Number         0  uidiv.o ABSOLUTE
    ../clib/microlib/init/entry.s            0x00000000   Number         0  entry2.o ABSOLUTE
    ../clib/microlib/init/entry.s            0x00000000   Number         0  entry5.o ABSOLUTE
    ../clib/microlib/init/entry.s            0x00000000   Number         0  entry.o ABSOLUTE
    ../clib/microlib/init/entry.s            0x00000000   Number         0  entry7a.o ABSOLUTE
    ../clib/microlib/init/entry.s            0x00000000   Number         0  entry7b.o ABSOLUTE
    ../clib/microlib/init/entry.s            0x00000000   Number         0  entry8a.o ABSOLUTE
    ../clib/microlib/init/entry.s            0x00000000   Number         0  entry9a.o ABSOLUTE
    ../clib/microlib/init/entry.s            0x00000000   Number         0  entry9b.o ABSOLUTE
    ../clib/microlib/init/entry.s            0x00000000   Number         0  entry10a.o ABSOLUTE
    ../clib/microlib/init/entry.s            0x00000000   Number         0  entry10b.o ABSOLUTE
    ../clib/microlib/init/entry.s            0x00000000   Number         0  entry11a.o ABSOLUTE
    ../clib/microlib/init/entry.s            0x00000000   Number         0  entry8b.o ABSOLUTE
    ../clib/microlib/init/entry.s            0x00000000   Number         0  entry11b.o ABSOLUTE
    ../clib/microlib/longlong.c              0x00000000   Number         0  llsshr.o ABSOLUTE
    ../clib/microlib/longlong.c              0x00000000   Number         0  llushr.o ABSOLUTE
    ../clib/microlib/longlong.c              0x00000000   Number         0  llshl.o ABSOLUTE
    ../clib/microlib/printf/printf.c         0x00000000   Number         0  printfa.o ABSOLUTE
    ../clib/microlib/stdio/fputc.c           0x00000000   Number         0  fputc.o ABSOLUTE
    ../clib/microlib/stdio/semi.s            0x00000000   Number         0  semi.o ABSOLUTE
    ../clib/microlib/stdio/streams.c         0x00000000   Number         0  stdout.o ABSOLUTE
    ../clib/microlib/string/memcpy.c         0x00000000   Number         0  memcpyb.o ABSOLUTE
    ../clib/microlib/string/memcpy.c         0x00000000   Number         0  memcpya.o ABSOLUTE
    ../clib/microlib/string/memset.c         0x00000000   Number         0  memseta.o ABSOLUTE
    ../clib/microlib/string/strlen.c         0x00000000   Number         0  strlen.o ABSOLUTE
    ../clib/microlib/stubs.s                 0x00000000   Number         0  iusefp.o ABSOLUTE
    ../clib/microlib/stubs.s                 0x00000000   Number         0  iusesemip.o ABSOLUTE
    ../fplib/microlib/fpadd.c                0x00000000   Number         0  dadd.o ABSOLUTE
    ../fplib/microlib/fpdiv.c                0x00000000   Number         0  ddiv.o ABSOLUTE
    ../fplib/microlib/fpepilogue.c           0x00000000   Number         0  depilogue.o ABSOLUTE
    ../fplib/microlib/fpfix.c                0x00000000   Number         0  dfixul.o ABSOLUTE
    ../fplib/microlib/fpmul.c                0x00000000   Number         0  dmul.o ABSOLUTE
    ..\Drivers\STM32F4xx_HAL_Driver\Src\stm32f4xx_hal.c 0x00000000   Number         0  stm32f4xx_hal.o ABSOLUTE
    ..\Drivers\STM32F4xx_HAL_Driver\Src\stm32f4xx_hal_cortex.c 0x00000000   Number         0  stm32f4xx_hal_cortex.o ABSOLUTE
    ..\Drivers\STM32F4xx_HAL_Driver\Src\stm32f4xx_hal_dma.c 0x00000000   Number         0  stm32f4xx_hal_dma.o ABSOLUTE
    ..\Drivers\STM32F4xx_HAL_Driver\Src\stm32f4xx_hal_dma_ex.c 0x00000000   Number         0  stm32f4xx_hal_dma_ex.o ABSOLUTE
    ..\Drivers\STM32F4xx_HAL_Driver\Src\stm32f4xx_hal_exti.c 0x00000000   Number         0  stm32f4xx_hal_exti.o ABSOLUTE
    ..\Drivers\STM32F4xx_HAL_Driver\Src\stm32f4xx_hal_flash.c 0x00000000   Number         0  stm32f4xx_hal_flash.o ABSOLUTE
    ..\Drivers\STM32F4xx_HAL_Driver\Src\stm32f4xx_hal_flash_ex.c 0x00000000   Number         0  stm32f4xx_hal_flash_ex.o ABSOLUTE
    ..\Drivers\STM32F4xx_HAL_Driver\Src\stm32f4xx_hal_flash_ramfunc.c 0x00000000   Number         0  stm32f4xx_hal_flash_ramfunc.o ABSOLUTE
    ..\Drivers\STM32F4xx_HAL_Driver\Src\stm32f4xx_hal_gpio.c 0x00000000   Number         0  stm32f4xx_hal_gpio.o ABSOLUTE
    ..\Drivers\STM32F4xx_HAL_Driver\Src\stm32f4xx_hal_pwr.c 0x00000000   Number         0  stm32f4xx_hal_pwr.o ABSOLUTE
    ..\Drivers\STM32F4xx_HAL_Driver\Src\stm32f4xx_hal_pwr_ex.c 0x00000000   Number         0  stm32f4xx_hal_pwr_ex.o ABSOLUTE
    ..\Drivers\STM32F4xx_HAL_Driver\Src\stm32f4xx_hal_rcc.c 0x00000000   Number         0  stm32f4xx_hal_rcc.o ABSOLUTE
    ..\Drivers\STM32F4xx_HAL_Driver\Src\stm32f4xx_hal_rcc_ex.c 0x00000000   Number         0  stm32f4xx_hal_rcc_ex.o ABSOLUTE
    ..\Drivers\STM32F4xx_HAL_Driver\Src\stm32f4xx_hal_sd.c 0x00000000   Number         0  stm32f4xx_hal_sd.o ABSOLUTE
    ..\Drivers\STM32F4xx_HAL_Driver\Src\stm32f4xx_hal_tim.c 0x00000000   Number         0  stm32f4xx_hal_tim.o ABSOLUTE
    ..\Drivers\STM32F4xx_HAL_Driver\Src\stm32f4xx_hal_tim_ex.c 0x00000000   Number         0  stm32f4xx_hal_tim_ex.o ABSOLUTE
    ..\Drivers\STM32F4xx_HAL_Driver\Src\stm32f4xx_hal_uart.c 0x00000000   Number         0  stm32f4xx_hal_uart.o ABSOLUTE
    ..\Drivers\STM32F4xx_HAL_Driver\Src\stm32f4xx_ll_sdmmc.c 0x00000000   Number         0  stm32f4xx_ll_sdmmc.o ABSOLUTE
    ..\Src\dma.c                             0x00000000   Number         0  dma.o ABSOLUTE
    ..\Src\gpio.c                            0x00000000   Number         0  gpio.o ABSOLUTE
    ..\Src\main.c                            0x00000000   Number         0  main.o ABSOLUTE
    ..\Src\my_printf.c                       0x00000000   Number         0  my_printf.o ABSOLUTE
    ..\Src\sdio.c                            0x00000000   Number         0  sdio.o ABSOLUTE
    ..\Src\stm32f4xx_hal_msp.c               0x00000000   Number         0  stm32f4xx_hal_msp.o ABSOLUTE
    ..\Src\stm32f4xx_it.c                    0x00000000   Number         0  stm32f4xx_it.o ABSOLUTE
    ..\Src\system_stm32f4xx.c                0x00000000   Number         0  system_stm32f4xx.o ABSOLUTE
    ..\Src\tim.c                             0x00000000   Number         0  tim.o ABSOLUTE
    ..\Src\usart.c                           0x00000000   Number         0  usart.o ABSOLUTE
    ..\\Src\\my_printf.c                     0x00000000   Number         0  my_printf.o ABSOLUTE
    cdrcmple.s                               0x00000000   Number         0  cdrcmple.o ABSOLUTE
    dc.s                                     0x00000000   Number         0  dc.o ABSOLUTE
    handlers.s                               0x00000000   Number         0  handlers.o ABSOLUTE
    init.s                                   0x00000000   Number         0  init.o ABSOLUTE
    startup_stm32f427xx.s                    0x00000000   Number         0  startup_stm32f427xx.o ABSOLUTE
    RESET                                    0x08000000   Section      428  startup_stm32f427xx.o(RESET)
    .ARM.Collect$$$$00000000                 0x080001ac   Section        0  entry.o(.ARM.Collect$$$$00000000)
    .ARM.Collect$$$$00000001                 0x080001ac   Section        4  entry2.o(.ARM.Collect$$$$00000001)
    .ARM.Collect$$$$00000004                 0x080001b0   Section        4  entry5.o(.ARM.Collect$$$$00000004)
    .ARM.Collect$$$$00000008                 0x080001b4   Section        0  entry7b.o(.ARM.Collect$$$$00000008)
    .ARM.Collect$$$$0000000A                 0x080001b4   Section        0  entry8b.o(.ARM.Collect$$$$0000000A)
    .ARM.Collect$$$$0000000B                 0x080001b4   Section        8  entry9a.o(.ARM.Collect$$$$0000000B)
    .ARM.Collect$$$$0000000D                 0x080001bc   Section        0  entry10a.o(.ARM.Collect$$$$0000000D)
    .ARM.Collect$$$$0000000F                 0x080001bc   Section        0  entry11a.o(.ARM.Collect$$$$0000000F)
    .ARM.Collect$$$$00002712                 0x080001bc   Section        4  entry2.o(.ARM.Collect$$$$00002712)
    __lit__00000000                          0x080001bc   Data           4  entry2.o(.ARM.Collect$$$$00002712)
    .emb_text                                0x080001c0   Section        8  sdio.o(.emb_text)
    $v0                                      0x080001c0   Number         0  sdio.o(.emb_text)
    .text                                    0x080001c8   Section       36  startup_stm32f427xx.o(.text)
    $v0                                      0x080001c8   Number         0  startup_stm32f427xx.o(.text)
    .text                                    0x080001ec   Section        0  uldiv.o(.text)
    .text                                    0x0800024e   Section        0  memcpya.o(.text)
    .text                                    0x08000272   Section        0  memseta.o(.text)
    .text                                    0x08000296   Section        0  strlen.o(.text)
    .text                                    0x080002a4   Section        0  uidiv.o(.text)
    .text                                    0x080002d0   Section        0  llshl.o(.text)
    .text                                    0x080002ee   Section        0  llushr.o(.text)
    .text                                    0x0800030e   Section        0  iusefp.o(.text)
    .text                                    0x0800030e   Section        0  dadd.o(.text)
    .text                                    0x0800045c   Section        0  dmul.o(.text)
    .text                                    0x08000540   Section        0  ddiv.o(.text)
    .text                                    0x0800061e   Section        0  dfixul.o(.text)
    .text                                    0x08000650   Section       48  cdrcmple.o(.text)
    .text                                    0x08000680   Section       36  init.o(.text)
    .text                                    0x080006a4   Section        0  llsshr.o(.text)
    .text                                    0x080006c8   Section        0  depilogue.o(.text)
    i.BusFault_Handler                       0x08000782   Section        0  stm32f4xx_it.o(i.BusFault_Handler)
    i.DBG_My_Printf                          0x08000788   Section        0  my_printf.o(i.DBG_My_Printf)
    DBG_My_Printf                            0x08000789   Thumb Code    18  my_printf.o(i.DBG_My_Printf)
    i.DBG_Print                              0x080007a0   Section        0  my_printf.o(i.DBG_Print)
    i.DMA2_Stream7_IRQHandler                0x08000800   Section        0  stm32f4xx_it.o(i.DMA2_Stream7_IRQHandler)
    i.DMA_CalcBaseAndBitshift                0x08000810   Section        0  stm32f4xx_hal_dma.o(i.DMA_CalcBaseAndBitshift)
    DMA_CalcBaseAndBitshift                  0x08000811   Thumb Code    46  stm32f4xx_hal_dma.o(i.DMA_CalcBaseAndBitshift)
    i.DMA_CheckFifoParam                     0x08000844   Section        0  stm32f4xx_hal_dma.o(i.DMA_CheckFifoParam)
    DMA_CheckFifoParam                       0x08000845   Thumb Code   170  stm32f4xx_hal_dma.o(i.DMA_CheckFifoParam)
    i.DMA_SetConfig                          0x080008ee   Section        0  stm32f4xx_hal_dma.o(i.DMA_SetConfig)
    DMA_SetConfig                            0x080008ef   Thumb Code    44  stm32f4xx_hal_dma.o(i.DMA_SetConfig)
    i.DebugMon_Handler                       0x0800091a   Section        0  stm32f4xx_it.o(i.DebugMon_Handler)
    i.Error_Handler                          0x0800091c   Section        0  main.o(i.Error_Handler)
    i.HAL_DMA_Abort_IT                       0x0800091e   Section        0  stm32f4xx_hal_dma.o(i.HAL_DMA_Abort_IT)
    i.HAL_DMA_IRQHandler                     0x08000948   Section        0  stm32f4xx_hal_dma.o(i.HAL_DMA_IRQHandler)
    i.HAL_DMA_Init                           0x08000b88   Section        0  stm32f4xx_hal_dma.o(i.HAL_DMA_Init)
    i.HAL_DMA_Start_IT                       0x08000c74   Section        0  stm32f4xx_hal_dma.o(i.HAL_DMA_Start_IT)
    i.HAL_Delay                              0x08000d08   Section        0  stm32f4xx_hal.o(i.HAL_Delay)
    i.HAL_GPIO_Init                          0x08000d30   Section        0  stm32f4xx_hal_gpio.o(i.HAL_GPIO_Init)
    i.HAL_GPIO_TogglePin                     0x08000f4c   Section        0  stm32f4xx_hal_gpio.o(i.HAL_GPIO_TogglePin)
    i.HAL_GPIO_WritePin                      0x08000f5e   Section        0  stm32f4xx_hal_gpio.o(i.HAL_GPIO_WritePin)
    i.HAL_GetTick                            0x08000f6c   Section        0  stm32f4xx_hal.o(i.HAL_GetTick)
    i.HAL_IncTick                            0x08000f78   Section        0  stm32f4xx_hal.o(i.HAL_IncTick)
    i.HAL_Init                               0x08000f90   Section        0  stm32f4xx_hal.o(i.HAL_Init)
    i.HAL_InitTick                           0x08000fcc   Section        0  stm32f4xx_hal.o(i.HAL_InitTick)
    i.HAL_MspInit                            0x08001018   Section        0  stm32f4xx_hal_msp.o(i.HAL_MspInit)
    i.HAL_NVIC_EnableIRQ                     0x08001060   Section        0  stm32f4xx_hal_cortex.o(i.HAL_NVIC_EnableIRQ)
    i.HAL_NVIC_SetPriority                   0x08001080   Section        0  stm32f4xx_hal_cortex.o(i.HAL_NVIC_SetPriority)
    i.HAL_NVIC_SetPriorityGrouping           0x080010fc   Section        0  stm32f4xx_hal_cortex.o(i.HAL_NVIC_SetPriorityGrouping)
    i.HAL_PWREx_EnableOverDrive              0x08001124   Section        0  stm32f4xx_hal_pwr_ex.o(i.HAL_PWREx_EnableOverDrive)
    i.HAL_RCC_ClockConfig                    0x080011b0   Section        0  stm32f4xx_hal_rcc.o(i.HAL_RCC_ClockConfig)
    i.HAL_RCC_GetHCLKFreq                    0x08001334   Section        0  stm32f4xx_hal_rcc.o(i.HAL_RCC_GetHCLKFreq)
    i.HAL_RCC_GetPCLK1Freq                   0x08001340   Section        0  stm32f4xx_hal_rcc.o(i.HAL_RCC_GetPCLK1Freq)
    i.HAL_RCC_GetPCLK2Freq                   0x08001360   Section        0  stm32f4xx_hal_rcc.o(i.HAL_RCC_GetPCLK2Freq)
    i.HAL_RCC_GetSysClockFreq                0x08001380   Section        0  stm32f4xx_hal_rcc.o(i.HAL_RCC_GetSysClockFreq)
    i.HAL_RCC_OscConfig                      0x08001430   Section        0  stm32f4xx_hal_rcc.o(i.HAL_RCC_OscConfig)
    i.HAL_SD_ConfigWideBusOperation          0x080018b8   Section        0  stm32f4xx_hal_sd.o(i.HAL_SD_ConfigWideBusOperation)
    i.HAL_SD_GetCardCSD                      0x08001960   Section        0  stm32f4xx_hal_sd.o(i.HAL_SD_GetCardCSD)
    i.HAL_SD_GetCardState                    0x08001b28   Section        0  stm32f4xx_hal_sd.o(i.HAL_SD_GetCardState)
    i.HAL_SD_Init                            0x08001b4c   Section        0  stm32f4xx_hal_sd.o(i.HAL_SD_Init)
    i.HAL_SD_InitCard                        0x08001b88   Section        0  stm32f4xx_hal_sd.o(i.HAL_SD_InitCard)
    i.HAL_SD_MspInit                         0x08001c0c   Section        0  sdio.o(i.HAL_SD_MspInit)
    i.HAL_SD_ReadBlocks                      0x08001cd4   Section        0  stm32f4xx_hal_sd.o(i.HAL_SD_ReadBlocks)
    i.HAL_SD_WriteBlocks                     0x08001f94   Section        0  stm32f4xx_hal_sd.o(i.HAL_SD_WriteBlocks)
    i.HAL_SYSTICK_Config                     0x080021e8   Section        0  stm32f4xx_hal_cortex.o(i.HAL_SYSTICK_Config)
    i.HAL_TIMEx_BreakCallback                0x0800221c   Section        0  stm32f4xx_hal_tim_ex.o(i.HAL_TIMEx_BreakCallback)
    i.HAL_TIMEx_CommutCallback               0x0800221e   Section        0  stm32f4xx_hal_tim_ex.o(i.HAL_TIMEx_CommutCallback)
    i.HAL_TIMEx_MasterConfigSynchronization  0x08002220   Section        0  stm32f4xx_hal_tim_ex.o(i.HAL_TIMEx_MasterConfigSynchronization)
    i.HAL_TIM_Base_Init                      0x080022d4   Section        0  stm32f4xx_hal_tim.o(i.HAL_TIM_Base_Init)
    i.HAL_TIM_Base_MspInit                   0x08002308   Section        0  tim.o(i.HAL_TIM_Base_MspInit)
    i.HAL_TIM_Base_Start_IT                  0x08002350   Section        0  stm32f4xx_hal_tim.o(i.HAL_TIM_Base_Start_IT)
    i.HAL_TIM_ConfigClockSource              0x0800237a   Section        0  stm32f4xx_hal_tim.o(i.HAL_TIM_ConfigClockSource)
    i.HAL_TIM_IC_CaptureCallback             0x08002482   Section        0  stm32f4xx_hal_tim.o(i.HAL_TIM_IC_CaptureCallback)
    i.HAL_TIM_IRQHandler                     0x08002484   Section        0  stm32f4xx_hal_tim.o(i.HAL_TIM_IRQHandler)
    i.HAL_TIM_OC_DelayElapsedCallback        0x0800261a   Section        0  stm32f4xx_hal_tim.o(i.HAL_TIM_OC_DelayElapsedCallback)
    i.HAL_TIM_PWM_PulseFinishedCallback      0x0800261c   Section        0  stm32f4xx_hal_tim.o(i.HAL_TIM_PWM_PulseFinishedCallback)
    i.HAL_TIM_PeriodElapsedCallback          0x08002620   Section        0  main.o(i.HAL_TIM_PeriodElapsedCallback)
    i.HAL_TIM_TriggerCallback                0x08002634   Section        0  stm32f4xx_hal_tim.o(i.HAL_TIM_TriggerCallback)
    i.HAL_UART_ErrorCallback                 0x08002636   Section        0  stm32f4xx_hal_uart.o(i.HAL_UART_ErrorCallback)
    i.HAL_UART_IRQHandler                    0x08002638   Section        0  stm32f4xx_hal_uart.o(i.HAL_UART_IRQHandler)
    i.HAL_UART_Init                          0x0800278c   Section        0  stm32f4xx_hal_uart.o(i.HAL_UART_Init)
    i.HAL_UART_MspInit                       0x08002800   Section        0  usart.o(i.HAL_UART_MspInit)
    i.HAL_UART_Receive                       0x080028dc   Section        0  stm32f4xx_hal_uart.o(i.HAL_UART_Receive)
    i.HAL_UART_RxCpltCallback                0x080029bc   Section        0  stm32f4xx_hal_uart.o(i.HAL_UART_RxCpltCallback)
    i.HAL_UART_Transmit_DMA                  0x080029c0   Section        0  stm32f4xx_hal_uart.o(i.HAL_UART_Transmit_DMA)
    i.HAL_UART_TxCpltCallback                0x08002a5c   Section        0  stm32f4xx_hal_uart.o(i.HAL_UART_TxCpltCallback)
    i.HAL_UART_TxHalfCpltCallback            0x08002a5e   Section        0  stm32f4xx_hal_uart.o(i.HAL_UART_TxHalfCpltCallback)
    i.HardFault_Handler                      0x08002a60   Section        0  stm32f4xx_it.o(i.HardFault_Handler)
    i.MX_DMA_Init                            0x08002a64   Section        0  dma.o(i.MX_DMA_Init)
    i.MX_GPIO_Init                           0x08002a9c   Section        0  gpio.o(i.MX_GPIO_Init)
    i.MX_SDIO_SD_Init                        0x08002b54   Section        0  sdio.o(i.MX_SDIO_SD_Init)
    i.MX_TIM1_Init                           0x08002b94   Section        0  tim.o(i.MX_TIM1_Init)
    i.MX_USART1_UART_Init                    0x08002c04   Section        0  usart.o(i.MX_USART1_UART_Init)
    i.MemManage_Handler                      0x08002c3c   Section        0  stm32f4xx_it.o(i.MemManage_Handler)
    i.NMI_Handler                            0x08002c40   Section        0  stm32f4xx_it.o(i.NMI_Handler)
    i.PendSV_Handler                         0x08002c42   Section        0  stm32f4xx_it.o(i.PendSV_Handler)
    i.SDIO_BufLen2SecCnt                     0x08002c44   Section        0  sdio.o(i.SDIO_BufLen2SecCnt)
    SDIO_BufLen2SecCnt                       0x08002c45   Thumb Code    26  sdio.o(i.SDIO_BufLen2SecCnt)
    i.SDIO_ConfigData                        0x08002c5e   Section        0  stm32f4xx_ll_sdmmc.o(i.SDIO_ConfigData)
    i.SDIO_GetCommandResponse                0x08002c8a   Section        0  stm32f4xx_ll_sdmmc.o(i.SDIO_GetCommandResponse)
    i.SDIO_GetPowerState                     0x08002c92   Section        0  stm32f4xx_ll_sdmmc.o(i.SDIO_GetPowerState)
    i.SDIO_GetResponse                       0x08002c9c   Section        0  stm32f4xx_ll_sdmmc.o(i.SDIO_GetResponse)
    i.SDIO_Init                              0x08002ca8   Section        0  stm32f4xx_ll_sdmmc.o(i.SDIO_Init)
    i.SDIO_Min                               0x08002cdc   Section        0  sdio.o(i.SDIO_Min)
    SDIO_Min                                 0x08002cdd   Thumb Code    14  sdio.o(i.SDIO_Min)
    i.SDIO_PowerState_ON                     0x08002cea   Section        0  stm32f4xx_ll_sdmmc.o(i.SDIO_PowerState_ON)
    i.SDIO_ReadFIFO                          0x08002cfc   Section        0  stm32f4xx_ll_sdmmc.o(i.SDIO_ReadFIFO)
    i.SDIO_Read_Buf                          0x08002d04   Section        0  sdio.o(i.SDIO_Read_Buf)
    i.SDIO_Read_Sector                       0x08002d98   Section        0  sdio.o(i.SDIO_Read_Sector)
    i.SDIO_SendCommand                       0x08002dd8   Section        0  stm32f4xx_ll_sdmmc.o(i.SDIO_SendCommand)
    i.SDIO_ShowInfo                          0x08002e00   Section        0  sdio.o(i.SDIO_ShowInfo)
    i.SDIO_WriteFIFO                         0x08002f9c   Section        0  stm32f4xx_ll_sdmmc.o(i.SDIO_WriteFIFO)
    i.SDIO_Write_Buf                         0x08002fa8   Section        0  sdio.o(i.SDIO_Write_Buf)
    i.SDIO_Write_Sector                      0x0800303c   Section        0  sdio.o(i.SDIO_Write_Sector)
    i.SDMMC_CmdAppCommand                    0x0800307c   Section        0  stm32f4xx_ll_sdmmc.o(i.SDMMC_CmdAppCommand)
    i.SDMMC_CmdAppOperCommand                0x080030b4   Section        0  stm32f4xx_ll_sdmmc.o(i.SDMMC_CmdAppOperCommand)
    i.SDMMC_CmdBlockLength                   0x080030f0   Section        0  stm32f4xx_ll_sdmmc.o(i.SDMMC_CmdBlockLength)
    i.SDMMC_CmdBusWidth                      0x08003128   Section        0  stm32f4xx_ll_sdmmc.o(i.SDMMC_CmdBusWidth)
    i.SDMMC_CmdGoIdleState                   0x08003160   Section        0  stm32f4xx_ll_sdmmc.o(i.SDMMC_CmdGoIdleState)
    i.SDMMC_CmdOperCond                      0x0800318c   Section        0  stm32f4xx_ll_sdmmc.o(i.SDMMC_CmdOperCond)
    i.SDMMC_CmdReadMultiBlock                0x080031c0   Section        0  stm32f4xx_ll_sdmmc.o(i.SDMMC_CmdReadMultiBlock)
    i.SDMMC_CmdReadSingleBlock               0x080031f8   Section        0  stm32f4xx_ll_sdmmc.o(i.SDMMC_CmdReadSingleBlock)
    i.SDMMC_CmdSelDesel                      0x08003230   Section        0  stm32f4xx_ll_sdmmc.o(i.SDMMC_CmdSelDesel)
    i.SDMMC_CmdSendCID                       0x0800326a   Section        0  stm32f4xx_ll_sdmmc.o(i.SDMMC_CmdSendCID)
    i.SDMMC_CmdSendCSD                       0x0800329c   Section        0  stm32f4xx_ll_sdmmc.o(i.SDMMC_CmdSendCSD)
    i.SDMMC_CmdSendSCR                       0x080032ce   Section        0  stm32f4xx_ll_sdmmc.o(i.SDMMC_CmdSendSCR)
    i.SDMMC_CmdSendStatus                    0x08003306   Section        0  stm32f4xx_ll_sdmmc.o(i.SDMMC_CmdSendStatus)
    i.SDMMC_CmdSetRelAdd                     0x0800333e   Section        0  stm32f4xx_ll_sdmmc.o(i.SDMMC_CmdSetRelAdd)
    i.SDMMC_CmdStopTransfer                  0x08003378   Section        0  stm32f4xx_ll_sdmmc.o(i.SDMMC_CmdStopTransfer)
    i.SDMMC_CmdWriteMultiBlock               0x080033b4   Section        0  stm32f4xx_ll_sdmmc.o(i.SDMMC_CmdWriteMultiBlock)
    i.SDMMC_CmdWriteSingleBlock              0x080033ec   Section        0  stm32f4xx_ll_sdmmc.o(i.SDMMC_CmdWriteSingleBlock)
    i.SDMMC_GetCmdError                      0x08003424   Section        0  stm32f4xx_ll_sdmmc.o(i.SDMMC_GetCmdError)
    SDMMC_GetCmdError                        0x08003425   Thumb Code    58  stm32f4xx_ll_sdmmc.o(i.SDMMC_GetCmdError)
    i.SDMMC_GetCmdResp1                      0x08003464   Section        0  stm32f4xx_ll_sdmmc.o(i.SDMMC_GetCmdResp1)
    SDMMC_GetCmdResp1                        0x08003465   Thumb Code   418  stm32f4xx_ll_sdmmc.o(i.SDMMC_GetCmdResp1)
    i.SDMMC_GetCmdResp2                      0x08003610   Section        0  stm32f4xx_ll_sdmmc.o(i.SDMMC_GetCmdResp2)
    SDMMC_GetCmdResp2                        0x08003611   Thumb Code    96  stm32f4xx_ll_sdmmc.o(i.SDMMC_GetCmdResp2)
    i.SDMMC_GetCmdResp3                      0x08003674   Section        0  stm32f4xx_ll_sdmmc.o(i.SDMMC_GetCmdResp3)
    SDMMC_GetCmdResp3                        0x08003675   Thumb Code    82  stm32f4xx_ll_sdmmc.o(i.SDMMC_GetCmdResp3)
    i.SDMMC_GetCmdResp6                      0x080036cc   Section        0  stm32f4xx_ll_sdmmc.o(i.SDMMC_GetCmdResp6)
    SDMMC_GetCmdResp6                        0x080036cd   Thumb Code   180  stm32f4xx_ll_sdmmc.o(i.SDMMC_GetCmdResp6)
    i.SDMMC_GetCmdResp7                      0x08003784   Section        0  stm32f4xx_ll_sdmmc.o(i.SDMMC_GetCmdResp7)
    SDMMC_GetCmdResp7                        0x08003785   Thumb Code   104  stm32f4xx_ll_sdmmc.o(i.SDMMC_GetCmdResp7)
    i.SD_FindSCR                             0x080037f0   Section        0  stm32f4xx_hal_sd.o(i.SD_FindSCR)
    SD_FindSCR                               0x080037f1   Thumb Code   308  stm32f4xx_hal_sd.o(i.SD_FindSCR)
    i.SD_GetCardState                        0x08003924   Section        0  sdio.o(i.SD_GetCardState)
    i.SD_InitCard                            0x0800393c   Section        0  stm32f4xx_hal_sd.o(i.SD_InitCard)
    SD_InitCard                              0x0800393d   Thumb Code   258  stm32f4xx_hal_sd.o(i.SD_InitCard)
    i.SD_PowerON                             0x08003a40   Section        0  stm32f4xx_hal_sd.o(i.SD_PowerON)
    SD_PowerON                               0x08003a41   Thumb Code   198  stm32f4xx_hal_sd.o(i.SD_PowerON)
    i.SD_SendStatus                          0x08003b0c   Section        0  stm32f4xx_hal_sd.o(i.SD_SendStatus)
    SD_SendStatus                            0x08003b0d   Thumb Code    48  stm32f4xx_hal_sd.o(i.SD_SendStatus)
    i.SD_WideBus_Disable                     0x08003b3c   Section        0  stm32f4xx_hal_sd.o(i.SD_WideBus_Disable)
    SD_WideBus_Disable                       0x08003b3d   Thumb Code   104  stm32f4xx_hal_sd.o(i.SD_WideBus_Disable)
    i.SD_WideBus_Enable                      0x08003ba4   Section        0  stm32f4xx_hal_sd.o(i.SD_WideBus_Enable)
    SD_WideBus_Enable                        0x08003ba5   Thumb Code   104  stm32f4xx_hal_sd.o(i.SD_WideBus_Enable)
    i.SVC_Handler                            0x08003c0c   Section        0  stm32f4xx_it.o(i.SVC_Handler)
    i.SysTick_Handler                        0x08003c0e   Section        0  stm32f4xx_it.o(i.SysTick_Handler)
    i.SystemClock_Config                     0x08003c18   Section        0  main.o(i.SystemClock_Config)
    i.SystemInit                             0x08003cd4   Section        0  system_stm32f4xx.o(i.SystemInit)
    i.TIM1_UP_TIM10_IRQHandler               0x08003cf0   Section        0  stm32f4xx_it.o(i.TIM1_UP_TIM10_IRQHandler)
    i.TIM_Base_SetConfig                     0x08003d00   Section        0  stm32f4xx_hal_tim.o(i.TIM_Base_SetConfig)
    i.TIM_ETR_SetConfig                      0x08003dd8   Section        0  stm32f4xx_hal_tim.o(i.TIM_ETR_SetConfig)
    i.TIM_ITRx_SetConfig                     0x08003dee   Section        0  stm32f4xx_hal_tim.o(i.TIM_ITRx_SetConfig)
    TIM_ITRx_SetConfig                       0x08003def   Thumb Code    18  stm32f4xx_hal_tim.o(i.TIM_ITRx_SetConfig)
    i.TIM_TI1_ConfigInputStage               0x08003e00   Section        0  stm32f4xx_hal_tim.o(i.TIM_TI1_ConfigInputStage)
    TIM_TI1_ConfigInputStage                 0x08003e01   Thumb Code    38  stm32f4xx_hal_tim.o(i.TIM_TI1_ConfigInputStage)
    i.TIM_TI2_ConfigInputStage               0x08003e26   Section        0  stm32f4xx_hal_tim.o(i.TIM_TI2_ConfigInputStage)
    TIM_TI2_ConfigInputStage                 0x08003e27   Thumb Code    40  stm32f4xx_hal_tim.o(i.TIM_TI2_ConfigInputStage)
    i.UART_DMAAbortOnError                   0x08003e4e   Section        0  stm32f4xx_hal_uart.o(i.UART_DMAAbortOnError)
    UART_DMAAbortOnError                     0x08003e4f   Thumb Code    20  stm32f4xx_hal_uart.o(i.UART_DMAAbortOnError)
    i.UART_DMAError                          0x08003e62   Section        0  stm32f4xx_hal_uart.o(i.UART_DMAError)
    UART_DMAError                            0x08003e63   Thumb Code    80  stm32f4xx_hal_uart.o(i.UART_DMAError)
    i.UART_DMATransmitCplt                   0x08003eb2   Section        0  stm32f4xx_hal_uart.o(i.UART_DMATransmitCplt)
    UART_DMATransmitCplt                     0x08003eb3   Thumb Code    54  stm32f4xx_hal_uart.o(i.UART_DMATransmitCplt)
    i.UART_DMATxHalfCplt                     0x08003ee8   Section        0  stm32f4xx_hal_uart.o(i.UART_DMATxHalfCplt)
    UART_DMATxHalfCplt                       0x08003ee9   Thumb Code    14  stm32f4xx_hal_uart.o(i.UART_DMATxHalfCplt)
    i.UART_EndRxTransfer                     0x08003ef6   Section        0  stm32f4xx_hal_uart.o(i.UART_EndRxTransfer)
    UART_EndRxTransfer                       0x08003ef7   Thumb Code    32  stm32f4xx_hal_uart.o(i.UART_EndRxTransfer)
    i.UART_EndTransmit_IT                    0x08003f16   Section        0  stm32f4xx_hal_uart.o(i.UART_EndTransmit_IT)
    UART_EndTransmit_IT                      0x08003f17   Thumb Code    32  stm32f4xx_hal_uart.o(i.UART_EndTransmit_IT)
    i.UART_EndTxTransfer                     0x08003f36   Section        0  stm32f4xx_hal_uart.o(i.UART_EndTxTransfer)
    UART_EndTxTransfer                       0x08003f37   Thumb Code    20  stm32f4xx_hal_uart.o(i.UART_EndTxTransfer)
    i.UART_Receive_IT                        0x08003f4a   Section        0  stm32f4xx_hal_uart.o(i.UART_Receive_IT)
    UART_Receive_IT                          0x08003f4b   Thumb Code   166  stm32f4xx_hal_uart.o(i.UART_Receive_IT)
    i.UART_SetConfig                         0x08003ff0   Section        0  stm32f4xx_hal_uart.o(i.UART_SetConfig)
    UART_SetConfig                           0x08003ff1   Thumb Code   992  stm32f4xx_hal_uart.o(i.UART_SetConfig)
    i.UART_Transmit_IT                       0x080043d8   Section        0  stm32f4xx_hal_uart.o(i.UART_Transmit_IT)
    UART_Transmit_IT                         0x080043d9   Thumb Code   104  stm32f4xx_hal_uart.o(i.UART_Transmit_IT)
    i.UART_WaitOnFlagUntilTimeout            0x08004440   Section        0  stm32f4xx_hal_uart.o(i.UART_WaitOnFlagUntilTimeout)
    UART_WaitOnFlagUntilTimeout              0x08004441   Thumb Code   108  stm32f4xx_hal_uart.o(i.UART_WaitOnFlagUntilTimeout)
    i.USART1_IRQHandler                      0x080044ac   Section        0  stm32f4xx_it.o(i.USART1_IRQHandler)
    i.UsageFault_Handler                     0x080044bc   Section        0  stm32f4xx_it.o(i.UsageFault_Handler)
    i.__0vsnprintf                           0x080044c0   Section        0  printfa.o(i.__0vsnprintf)
    i.__NVIC_GetPriorityGrouping             0x080044ec   Section        0  stm32f4xx_hal_cortex.o(i.__NVIC_GetPriorityGrouping)
    __NVIC_GetPriorityGrouping               0x080044ed   Thumb Code    10  stm32f4xx_hal_cortex.o(i.__NVIC_GetPriorityGrouping)
    i.__NVIC_SetPriority                     0x080044fc   Section        0  stm32f4xx_hal_cortex.o(i.__NVIC_SetPriority)
    __NVIC_SetPriority                       0x080044fd   Thumb Code    32  stm32f4xx_hal_cortex.o(i.__NVIC_SetPriority)
    i.__scatterload_copy                     0x08004524   Section       14  handlers.o(i.__scatterload_copy)
    i.__scatterload_null                     0x08004532   Section        2  handlers.o(i.__scatterload_null)
    i.__scatterload_zeroinit                 0x08004534   Section       14  handlers.o(i.__scatterload_zeroinit)
    i._fp_digits                             0x08004544   Section        0  printfa.o(i._fp_digits)
    _fp_digits                               0x08004545   Thumb Code   366  printfa.o(i._fp_digits)
    i._printf_core                           0x080046c8   Section        0  printfa.o(i._printf_core)
    _printf_core                             0x080046c9   Thumb Code  1744  printfa.o(i._printf_core)
    i._printf_post_padding                   0x08004da4   Section        0  printfa.o(i._printf_post_padding)
    _printf_post_padding                     0x08004da5   Thumb Code    36  printfa.o(i._printf_post_padding)
    i._printf_pre_padding                    0x08004dc8   Section        0  printfa.o(i._printf_pre_padding)
    _printf_pre_padding                      0x08004dc9   Thumb Code    46  printfa.o(i._printf_pre_padding)
    i._snputc                                0x08004df6   Section        0  printfa.o(i._snputc)
    _snputc                                  0x08004df7   Thumb Code    22  printfa.o(i._snputc)
    i.main                                   0x08004e0c   Section        0  main.o(i.main)
    .constdata                               0x08005150   Section        8  stm32f4xx_hal_dma.o(.constdata)
    flagBitshiftOffset                       0x08005150   Data           8  stm32f4xx_hal_dma.o(.constdata)
    .constdata                               0x08005158   Section       24  system_stm32f4xx.o(.constdata)
    .data                                    0x20000000   Section        1  my_printf.o(.data)
    .data                                    0x20000001   Section        4  sdio.o(.data)
    state                                    0x20000001   Data           1  sdio.o(.data)
    state                                    0x20000002   Data           1  sdio.o(.data)
    state                                    0x20000003   Data           1  sdio.o(.data)
    state                                    0x20000004   Data           1  sdio.o(.data)
    .data                                    0x20000008   Section        9  stm32f4xx_hal.o(.data)
    .data                                    0x20000014   Section        4  system_stm32f4xx.o(.data)
    .bss                                     0x20000018   Section      644  sdio.o(.bss)
    cpy_buf                                  0x20000018   Data         512  sdio.o(.bss)
    .bss                                     0x2000029c   Section       64  tim.o(.bss)
    .bss                                     0x200002dc   Section      160  usart.o(.bss)
    STACK                                    0x20000380   Section     4096  startup_stm32f427xx.o(STACK)

    Global Symbols

    Symbol Name                              Value     Ov Type        Size  Object(Section)

    BuildAttributes$$THM_ISAv4$E$P$D$K$B$S$7EM$VFPi3$EXTD16$VFPS$VFMA$PE$A:L22UL41UL21$X:L11$S22US41US21$IEEE1$IW$USESV6$~STKCKD$USESV7$~SHL$OSPACE$ROPI$EBA8$MICROLIB$REQ8$PRES8$EABIv2 0x00000000   Number         0  anon$$obj.o ABSOLUTE
    __ARM_use_no_argv                        0x00000000   Number         0  main.o ABSOLUTE
    __cpp_initialize__aeabi_                  - Undefined Weak Reference
    __cxa_finalize                            - Undefined Weak Reference
    __decompress                              - Undefined Weak Reference
    _clock_init                               - Undefined Weak Reference
    _microlib_exit                            - Undefined Weak Reference
    __Vectors_Size                           0x000001ac   Number         0  startup_stm32f427xx.o ABSOLUTE
    __Vectors                                0x08000000   Data           4  startup_stm32f427xx.o(RESET)
    __Vectors_End                            0x080001ac   Data           0  startup_stm32f427xx.o(RESET)
    __main                                   0x080001ad   Thumb Code     0  entry.o(.ARM.Collect$$$$00000000)
    _main_stk                                0x080001ad   Thumb Code     0  entry2.o(.ARM.Collect$$$$00000001)
    _main_scatterload                        0x080001b1   Thumb Code     0  entry5.o(.ARM.Collect$$$$00000004)
    __main_after_scatterload                 0x080001b5   Thumb Code     0  entry5.o(.ARM.Collect$$$$00000004)
    _main_clock                              0x080001b5   Thumb Code     0  entry7b.o(.ARM.Collect$$$$00000008)
    _main_cpp_init                           0x080001b5   Thumb Code     0  entry8b.o(.ARM.Collect$$$$0000000A)
    _main_init                               0x080001b5   Thumb Code     0  entry9a.o(.ARM.Collect$$$$0000000B)
    __rt_final_cpp                           0x080001bd   Thumb Code     0  entry10a.o(.ARM.Collect$$$$0000000D)
    __rt_final_exit                          0x080001bd   Thumb Code     0  entry11a.o(.ARM.Collect$$$$0000000F)
    __asm___6_sdio_c_62cda922__INTX_DISABLE  0x080001c1   Thumb Code     4  sdio.o(.emb_text)
    __asm___6_sdio_c_62cda922__INTX_ENABLE   0x080001c5   Thumb Code     4  sdio.o(.emb_text)
    Reset_Handler                            0x080001c9   Thumb Code     8  startup_stm32f427xx.o(.text)
    ADC_IRQHandler                           0x080001e3   Thumb Code     0  startup_stm32f427xx.o(.text)
    CAN1_RX0_IRQHandler                      0x080001e3   Thumb Code     0  startup_stm32f427xx.o(.text)
    CAN1_RX1_IRQHandler                      0x080001e3   Thumb Code     0  startup_stm32f427xx.o(.text)
    CAN1_SCE_IRQHandler                      0x080001e3   Thumb Code     0  startup_stm32f427xx.o(.text)
    CAN1_TX_IRQHandler                       0x080001e3   Thumb Code     0  startup_stm32f427xx.o(.text)
    CAN2_RX0_IRQHandler                      0x080001e3   Thumb Code     0  startup_stm32f427xx.o(.text)
    CAN2_RX1_IRQHandler                      0x080001e3   Thumb Code     0  startup_stm32f427xx.o(.text)
    CAN2_SCE_IRQHandler                      0x080001e3   Thumb Code     0  startup_stm32f427xx.o(.text)
    CAN2_TX_IRQHandler                       0x080001e3   Thumb Code     0  startup_stm32f427xx.o(.text)
    DCMI_IRQHandler                          0x080001e3   Thumb Code     0  startup_stm32f427xx.o(.text)
    DMA1_Stream0_IRQHandler                  0x080001e3   Thumb Code     0  startup_stm32f427xx.o(.text)
    DMA1_Stream1_IRQHandler                  0x080001e3   Thumb Code     0  startup_stm32f427xx.o(.text)
    DMA1_Stream2_IRQHandler                  0x080001e3   Thumb Code     0  startup_stm32f427xx.o(.text)
    DMA1_Stream3_IRQHandler                  0x080001e3   Thumb Code     0  startup_stm32f427xx.o(.text)
    DMA1_Stream4_IRQHandler                  0x080001e3   Thumb Code     0  startup_stm32f427xx.o(.text)
    DMA1_Stream5_IRQHandler                  0x080001e3   Thumb Code     0  startup_stm32f427xx.o(.text)
    DMA1_Stream6_IRQHandler                  0x080001e3   Thumb Code     0  startup_stm32f427xx.o(.text)
    DMA1_Stream7_IRQHandler                  0x080001e3   Thumb Code     0  startup_stm32f427xx.o(.text)
    DMA2D_IRQHandler                         0x080001e3   Thumb Code     0  startup_stm32f427xx.o(.text)
    DMA2_Stream0_IRQHandler                  0x080001e3   Thumb Code     0  startup_stm32f427xx.o(.text)
    DMA2_Stream1_IRQHandler                  0x080001e3   Thumb Code     0  startup_stm32f427xx.o(.text)
    DMA2_Stream2_IRQHandler                  0x080001e3   Thumb Code     0  startup_stm32f427xx.o(.text)
    DMA2_Stream3_IRQHandler                  0x080001e3   Thumb Code     0  startup_stm32f427xx.o(.text)
    DMA2_Stream4_IRQHandler                  0x080001e3   Thumb Code     0  startup_stm32f427xx.o(.text)
    DMA2_Stream5_IRQHandler                  0x080001e3   Thumb Code     0  startup_stm32f427xx.o(.text)
    DMA2_Stream6_IRQHandler                  0x080001e3   Thumb Code     0  startup_stm32f427xx.o(.text)
    ETH_IRQHandler                           0x080001e3   Thumb Code     0  startup_stm32f427xx.o(.text)
    ETH_WKUP_IRQHandler                      0x080001e3   Thumb Code     0  startup_stm32f427xx.o(.text)
    EXTI0_IRQHandler                         0x080001e3   Thumb Code     0  startup_stm32f427xx.o(.text)
    EXTI15_10_IRQHandler                     0x080001e3   Thumb Code     0  startup_stm32f427xx.o(.text)
    EXTI1_IRQHandler                         0x080001e3   Thumb Code     0  startup_stm32f427xx.o(.text)
    EXTI2_IRQHandler                         0x080001e3   Thumb Code     0  startup_stm32f427xx.o(.text)
    EXTI3_IRQHandler                         0x080001e3   Thumb Code     0  startup_stm32f427xx.o(.text)
    EXTI4_IRQHandler                         0x080001e3   Thumb Code     0  startup_stm32f427xx.o(.text)
    EXTI9_5_IRQHandler                       0x080001e3   Thumb Code     0  startup_stm32f427xx.o(.text)
    FLASH_IRQHandler                         0x080001e3   Thumb Code     0  startup_stm32f427xx.o(.text)
    FMC_IRQHandler                           0x080001e3   Thumb Code     0  startup_stm32f427xx.o(.text)
    FPU_IRQHandler                           0x080001e3   Thumb Code     0  startup_stm32f427xx.o(.text)
    HASH_RNG_IRQHandler                      0x080001e3   Thumb Code     0  startup_stm32f427xx.o(.text)
    I2C1_ER_IRQHandler                       0x080001e3   Thumb Code     0  startup_stm32f427xx.o(.text)
    I2C1_EV_IRQHandler                       0x080001e3   Thumb Code     0  startup_stm32f427xx.o(.text)
    I2C2_ER_IRQHandler                       0x080001e3   Thumb Code     0  startup_stm32f427xx.o(.text)
    I2C2_EV_IRQHandler                       0x080001e3   Thumb Code     0  startup_stm32f427xx.o(.text)
    I2C3_ER_IRQHandler                       0x080001e3   Thumb Code     0  startup_stm32f427xx.o(.text)
    I2C3_EV_IRQHandler                       0x080001e3   Thumb Code     0  startup_stm32f427xx.o(.text)
    OTG_FS_IRQHandler                        0x080001e3   Thumb Code     0  startup_stm32f427xx.o(.text)
    OTG_FS_WKUP_IRQHandler                   0x080001e3   Thumb Code     0  startup_stm32f427xx.o(.text)
    OTG_HS_EP1_IN_IRQHandler                 0x080001e3   Thumb Code     0  startup_stm32f427xx.o(.text)
    OTG_HS_EP1_OUT_IRQHandler                0x080001e3   Thumb Code     0  startup_stm32f427xx.o(.text)
    OTG_HS_IRQHandler                        0x080001e3   Thumb Code     0  startup_stm32f427xx.o(.text)
    OTG_HS_WKUP_IRQHandler                   0x080001e3   Thumb Code     0  startup_stm32f427xx.o(.text)
    PVD_IRQHandler                           0x080001e3   Thumb Code     0  startup_stm32f427xx.o(.text)
    RCC_IRQHandler                           0x080001e3   Thumb Code     0  startup_stm32f427xx.o(.text)
    RTC_Alarm_IRQHandler                     0x080001e3   Thumb Code     0  startup_stm32f427xx.o(.text)
    RTC_WKUP_IRQHandler                      0x080001e3   Thumb Code     0  startup_stm32f427xx.o(.text)
    SAI1_IRQHandler                          0x080001e3   Thumb Code     0  startup_stm32f427xx.o(.text)
    SDIO_IRQHandler                          0x080001e3   Thumb Code     0  startup_stm32f427xx.o(.text)
    SPI1_IRQHandler                          0x080001e3   Thumb Code     0  startup_stm32f427xx.o(.text)
    SPI2_IRQHandler                          0x080001e3   Thumb Code     0  startup_stm32f427xx.o(.text)
    SPI3_IRQHandler                          0x080001e3   Thumb Code     0  startup_stm32f427xx.o(.text)
    SPI4_IRQHandler                          0x080001e3   Thumb Code     0  startup_stm32f427xx.o(.text)
    SPI5_IRQHandler                          0x080001e3   Thumb Code     0  startup_stm32f427xx.o(.text)
    SPI6_IRQHandler                          0x080001e3   Thumb Code     0  startup_stm32f427xx.o(.text)
    TAMP_STAMP_IRQHandler                    0x080001e3   Thumb Code     0  startup_stm32f427xx.o(.text)
    TIM1_BRK_TIM9_IRQHandler                 0x080001e3   Thumb Code     0  startup_stm32f427xx.o(.text)
    TIM1_CC_IRQHandler                       0x080001e3   Thumb Code     0  startup_stm32f427xx.o(.text)
    TIM1_TRG_COM_TIM11_IRQHandler            0x080001e3   Thumb Code     0  startup_stm32f427xx.o(.text)
    TIM2_IRQHandler                          0x080001e3   Thumb Code     0  startup_stm32f427xx.o(.text)
    TIM3_IRQHandler                          0x080001e3   Thumb Code     0  startup_stm32f427xx.o(.text)
    TIM4_IRQHandler                          0x080001e3   Thumb Code     0  startup_stm32f427xx.o(.text)
    TIM5_IRQHandler                          0x080001e3   Thumb Code     0  startup_stm32f427xx.o(.text)
    TIM6_DAC_IRQHandler                      0x080001e3   Thumb Code     0  startup_stm32f427xx.o(.text)
    TIM7_IRQHandler                          0x080001e3   Thumb Code     0  startup_stm32f427xx.o(.text)
    TIM8_BRK_TIM12_IRQHandler                0x080001e3   Thumb Code     0  startup_stm32f427xx.o(.text)
    TIM8_CC_IRQHandler                       0x080001e3   Thumb Code     0  startup_stm32f427xx.o(.text)
    TIM8_TRG_COM_TIM14_IRQHandler            0x080001e3   Thumb Code     0  startup_stm32f427xx.o(.text)
    TIM8_UP_TIM13_IRQHandler                 0x080001e3   Thumb Code     0  startup_stm32f427xx.o(.text)
    UART4_IRQHandler                         0x080001e3   Thumb Code     0  startup_stm32f427xx.o(.text)
    UART5_IRQHandler                         0x080001e3   Thumb Code     0  startup_stm32f427xx.o(.text)
    UART7_IRQHandler                         0x080001e3   Thumb Code     0  startup_stm32f427xx.o(.text)
    UART8_IRQHandler                         0x080001e3   Thumb Code     0  startup_stm32f427xx.o(.text)
    USART2_IRQHandler                        0x080001e3   Thumb Code     0  startup_stm32f427xx.o(.text)
    USART3_IRQHandler                        0x080001e3   Thumb Code     0  startup_stm32f427xx.o(.text)
    USART6_IRQHandler                        0x080001e3   Thumb Code     0  startup_stm32f427xx.o(.text)
    WWDG_IRQHandler                          0x080001e3   Thumb Code     0  startup_stm32f427xx.o(.text)
    __aeabi_uldivmod                         0x080001ed   Thumb Code    98  uldiv.o(.text)
    __aeabi_memcpy                           0x0800024f   Thumb Code    36  memcpya.o(.text)
    __aeabi_memcpy4                          0x0800024f   Thumb Code     0  memcpya.o(.text)
    __aeabi_memcpy8                          0x0800024f   Thumb Code     0  memcpya.o(.text)
    __aeabi_memset                           0x08000273   Thumb Code    14  memseta.o(.text)
    __aeabi_memset4                          0x08000273   Thumb Code     0  memseta.o(.text)
    __aeabi_memset8                          0x08000273   Thumb Code     0  memseta.o(.text)
    __aeabi_memclr                           0x08000281   Thumb Code     4  memseta.o(.text)
    __aeabi_memclr4                          0x08000281   Thumb Code     0  memseta.o(.text)
    __aeabi_memclr8                          0x08000281   Thumb Code     0  memseta.o(.text)
    _memset$wrapper                          0x08000285   Thumb Code    18  memseta.o(.text)
    strlen                                   0x08000297   Thumb Code    14  strlen.o(.text)
    __aeabi_uidiv                            0x080002a5   Thumb Code     0  uidiv.o(.text)
    __aeabi_uidivmod                         0x080002a5   Thumb Code    44  uidiv.o(.text)
    __aeabi_llsl                             0x080002d1   Thumb Code    30  llshl.o(.text)
    _ll_shift_l                              0x080002d1   Thumb Code     0  llshl.o(.text)
    __aeabi_llsr                             0x080002ef   Thumb Code    32  llushr.o(.text)
    _ll_ushift_r                             0x080002ef   Thumb Code     0  llushr.o(.text)
    __I$use$fp                               0x0800030f   Thumb Code     0  iusefp.o(.text)
    __aeabi_dadd                             0x0800030f   Thumb Code   322  dadd.o(.text)
    __aeabi_dsub                             0x08000451   Thumb Code     6  dadd.o(.text)
    __aeabi_drsub                            0x08000457   Thumb Code     6  dadd.o(.text)
    __aeabi_dmul                             0x0800045d   Thumb Code   228  dmul.o(.text)
    __aeabi_ddiv                             0x08000541   Thumb Code   222  ddiv.o(.text)
    __aeabi_d2ulz                            0x0800061f   Thumb Code    48  dfixul.o(.text)
    __aeabi_cdrcmple                         0x08000651   Thumb Code    48  cdrcmple.o(.text)
    __scatterload                            0x08000681   Thumb Code    28  init.o(.text)
    __scatterload_rt2                        0x08000681   Thumb Code     0  init.o(.text)
    __aeabi_lasr                             0x080006a5   Thumb Code    36  llsshr.o(.text)
    _ll_sshift_r                             0x080006a5   Thumb Code     0  llsshr.o(.text)
    _double_round                            0x080006c9   Thumb Code    30  depilogue.o(.text)
    _double_epilogue                         0x080006e7   Thumb Code   156  depilogue.o(.text)
    BusFault_Handler                         0x08000783   Thumb Code     4  stm32f4xx_it.o(i.BusFault_Handler)
    DBG_Print                                0x080007a1   Thumb Code    86  my_printf.o(i.DBG_Print)
    DMA2_Stream7_IRQHandler                  0x08000801   Thumb Code    10  stm32f4xx_it.o(i.DMA2_Stream7_IRQHandler)
    DebugMon_Handler                         0x0800091b   Thumb Code     2  stm32f4xx_it.o(i.DebugMon_Handler)
    Error_Handler                            0x0800091d   Thumb Code     2  main.o(i.Error_Handler)
    HAL_DMA_Abort_IT                         0x0800091f   Thumb Code    40  stm32f4xx_hal_dma.o(i.HAL_DMA_Abort_IT)
    HAL_DMA_IRQHandler                       0x08000949   Thumb Code   570  stm32f4xx_hal_dma.o(i.HAL_DMA_IRQHandler)
    HAL_DMA_Init                             0x08000b89   Thumb Code   232  stm32f4xx_hal_dma.o(i.HAL_DMA_Init)
    HAL_DMA_Start_IT                         0x08000c75   Thumb Code   146  stm32f4xx_hal_dma.o(i.HAL_DMA_Start_IT)
    HAL_Delay                                0x08000d09   Thumb Code    36  stm32f4xx_hal.o(i.HAL_Delay)
    HAL_GPIO_Init                            0x08000d31   Thumb Code   486  stm32f4xx_hal_gpio.o(i.HAL_GPIO_Init)
    HAL_GPIO_TogglePin                       0x08000f4d   Thumb Code    18  stm32f4xx_hal_gpio.o(i.HAL_GPIO_TogglePin)
    HAL_GPIO_WritePin                        0x08000f5f   Thumb Code    12  stm32f4xx_hal_gpio.o(i.HAL_GPIO_WritePin)
    HAL_GetTick                              0x08000f6d   Thumb Code     6  stm32f4xx_hal.o(i.HAL_GetTick)
    HAL_IncTick                              0x08000f79   Thumb Code    16  stm32f4xx_hal.o(i.HAL_IncTick)
    HAL_Init                                 0x08000f91   Thumb Code    54  stm32f4xx_hal.o(i.HAL_Init)
    HAL_InitTick                             0x08000fcd   Thumb Code    64  stm32f4xx_hal.o(i.HAL_InitTick)
    HAL_MspInit                              0x08001019   Thumb Code    68  stm32f4xx_hal_msp.o(i.HAL_MspInit)
    HAL_NVIC_EnableIRQ                       0x08001061   Thumb Code    32  stm32f4xx_hal_cortex.o(i.HAL_NVIC_EnableIRQ)
    HAL_NVIC_SetPriority                     0x08001081   Thumb Code   124  stm32f4xx_hal_cortex.o(i.HAL_NVIC_SetPriority)
    HAL_NVIC_SetPriorityGrouping             0x080010fd   Thumb Code    32  stm32f4xx_hal_cortex.o(i.HAL_NVIC_SetPriorityGrouping)
    HAL_PWREx_EnableOverDrive                0x08001125   Thumb Code   128  stm32f4xx_hal_pwr_ex.o(i.HAL_PWREx_EnableOverDrive)
    HAL_RCC_ClockConfig                      0x080011b1   Thumb Code   368  stm32f4xx_hal_rcc.o(i.HAL_RCC_ClockConfig)
    HAL_RCC_GetHCLKFreq                      0x08001335   Thumb Code     6  stm32f4xx_hal_rcc.o(i.HAL_RCC_GetHCLKFreq)
    HAL_RCC_GetPCLK1Freq                     0x08001341   Thumb Code    22  stm32f4xx_hal_rcc.o(i.HAL_RCC_GetPCLK1Freq)
    HAL_RCC_GetPCLK2Freq                     0x08001361   Thumb Code    22  stm32f4xx_hal_rcc.o(i.HAL_RCC_GetPCLK2Freq)
    HAL_RCC_GetSysClockFreq                  0x08001381   Thumb Code   162  stm32f4xx_hal_rcc.o(i.HAL_RCC_GetSysClockFreq)
    HAL_RCC_OscConfig                        0x08001431   Thumb Code  1152  stm32f4xx_hal_rcc.o(i.HAL_RCC_OscConfig)
    HAL_SD_ConfigWideBusOperation            0x080018b9   Thumb Code   164  stm32f4xx_hal_sd.o(i.HAL_SD_ConfigWideBusOperation)
    HAL_SD_GetCardCSD                        0x08001961   Thumb Code   450  stm32f4xx_hal_sd.o(i.HAL_SD_GetCardCSD)
    HAL_SD_GetCardState                      0x08001b29   Thumb Code    36  stm32f4xx_hal_sd.o(i.HAL_SD_GetCardState)
    HAL_SD_Init                              0x08001b4d   Thumb Code    60  stm32f4xx_hal_sd.o(i.HAL_SD_Init)
    HAL_SD_InitCard                          0x08001b89   Thumb Code   128  stm32f4xx_hal_sd.o(i.HAL_SD_InitCard)
    HAL_SD_MspInit                           0x08001c0d   Thumb Code   182  sdio.o(i.HAL_SD_MspInit)
    HAL_SD_ReadBlocks                        0x08001cd5   Thumb Code   700  stm32f4xx_hal_sd.o(i.HAL_SD_ReadBlocks)
    HAL_SD_WriteBlocks                       0x08001f95   Thumb Code   590  stm32f4xx_hal_sd.o(i.HAL_SD_WriteBlocks)
    HAL_SYSTICK_Config                       0x080021e9   Thumb Code    52  stm32f4xx_hal_cortex.o(i.HAL_SYSTICK_Config)
    HAL_TIMEx_BreakCallback                  0x0800221d   Thumb Code     2  stm32f4xx_hal_tim_ex.o(i.HAL_TIMEx_BreakCallback)
    HAL_TIMEx_CommutCallback                 0x0800221f   Thumb Code     2  stm32f4xx_hal_tim_ex.o(i.HAL_TIMEx_CommutCallback)
    HAL_TIMEx_MasterConfigSynchronization    0x08002221   Thumb Code   150  stm32f4xx_hal_tim_ex.o(i.HAL_TIMEx_MasterConfigSynchronization)
    HAL_TIM_Base_Init                        0x080022d5   Thumb Code    52  stm32f4xx_hal_tim.o(i.HAL_TIM_Base_Init)
    HAL_TIM_Base_MspInit                     0x08002309   Thumb Code    62  tim.o(i.HAL_TIM_Base_MspInit)
    HAL_TIM_Base_Start_IT                    0x08002351   Thumb Code    42  stm32f4xx_hal_tim.o(i.HAL_TIM_Base_Start_IT)
    HAL_TIM_ConfigClockSource                0x0800237b   Thumb Code   264  stm32f4xx_hal_tim.o(i.HAL_TIM_ConfigClockSource)
    HAL_TIM_IC_CaptureCallback               0x08002483   Thumb Code     2  stm32f4xx_hal_tim.o(i.HAL_TIM_IC_CaptureCallback)
    HAL_TIM_IRQHandler                       0x08002485   Thumb Code   406  stm32f4xx_hal_tim.o(i.HAL_TIM_IRQHandler)
    HAL_TIM_OC_DelayElapsedCallback          0x0800261b   Thumb Code     2  stm32f4xx_hal_tim.o(i.HAL_TIM_OC_DelayElapsedCallback)
    HAL_TIM_PWM_PulseFinishedCallback        0x0800261d   Thumb Code     2  stm32f4xx_hal_tim.o(i.HAL_TIM_PWM_PulseFinishedCallback)
    HAL_TIM_PeriodElapsedCallback            0x08002621   Thumb Code    16  main.o(i.HAL_TIM_PeriodElapsedCallback)
    HAL_TIM_TriggerCallback                  0x08002635   Thumb Code     2  stm32f4xx_hal_tim.o(i.HAL_TIM_TriggerCallback)
    HAL_UART_ErrorCallback                   0x08002637   Thumb Code     2  stm32f4xx_hal_uart.o(i.HAL_UART_ErrorCallback)
    HAL_UART_IRQHandler                      0x08002639   Thumb Code   336  stm32f4xx_hal_uart.o(i.HAL_UART_IRQHandler)
    HAL_UART_Init                            0x0800278d   Thumb Code   114  stm32f4xx_hal_uart.o(i.HAL_UART_Init)
    HAL_UART_MspInit                         0x08002801   Thumb Code   200  usart.o(i.HAL_UART_MspInit)
    HAL_UART_Receive                         0x080028dd   Thumb Code   224  stm32f4xx_hal_uart.o(i.HAL_UART_Receive)
    HAL_UART_RxCpltCallback                  0x080029bd   Thumb Code     2  stm32f4xx_hal_uart.o(i.HAL_UART_RxCpltCallback)
    HAL_UART_Transmit_DMA                    0x080029c1   Thumb Code   142  stm32f4xx_hal_uart.o(i.HAL_UART_Transmit_DMA)
    HAL_UART_TxCpltCallback                  0x08002a5d   Thumb Code     2  stm32f4xx_hal_uart.o(i.HAL_UART_TxCpltCallback)
    HAL_UART_TxHalfCpltCallback              0x08002a5f   Thumb Code     2  stm32f4xx_hal_uart.o(i.HAL_UART_TxHalfCpltCallback)
    HardFault_Handler                        0x08002a61   Thumb Code     4  stm32f4xx_it.o(i.HardFault_Handler)
    MX_DMA_Init                              0x08002a65   Thumb Code    52  dma.o(i.MX_DMA_Init)
    MX_GPIO_Init                             0x08002a9d   Thumb Code   174  gpio.o(i.MX_GPIO_Init)
    MX_SDIO_SD_Init                          0x08002b55   Thumb Code    54  sdio.o(i.MX_SDIO_SD_Init)
    MX_TIM1_Init                             0x08002b95   Thumb Code   104  tim.o(i.MX_TIM1_Init)
    MX_USART1_UART_Init                      0x08002c05   Thumb Code    46  usart.o(i.MX_USART1_UART_Init)
    MemManage_Handler                        0x08002c3d   Thumb Code     4  stm32f4xx_it.o(i.MemManage_Handler)
    NMI_Handler                              0x08002c41   Thumb Code     2  stm32f4xx_it.o(i.NMI_Handler)
    PendSV_Handler                           0x08002c43   Thumb Code     2  stm32f4xx_it.o(i.PendSV_Handler)
    SDIO_ConfigData                          0x08002c5f   Thumb Code    44  stm32f4xx_ll_sdmmc.o(i.SDIO_ConfigData)
    SDIO_GetCommandResponse                  0x08002c8b   Thumb Code     8  stm32f4xx_ll_sdmmc.o(i.SDIO_GetCommandResponse)
    SDIO_GetPowerState                       0x08002c93   Thumb Code    10  stm32f4xx_ll_sdmmc.o(i.SDIO_GetPowerState)
    SDIO_GetResponse                         0x08002c9d   Thumb Code    12  stm32f4xx_ll_sdmmc.o(i.SDIO_GetResponse)
    SDIO_Init                                0x08002ca9   Thumb Code    52  stm32f4xx_ll_sdmmc.o(i.SDIO_Init)
    SDIO_PowerState_ON                       0x08002ceb   Thumb Code    18  stm32f4xx_ll_sdmmc.o(i.SDIO_PowerState_ON)
    SDIO_ReadFIFO                            0x08002cfd   Thumb Code     8  stm32f4xx_ll_sdmmc.o(i.SDIO_ReadFIFO)
    SDIO_Read_Buf                            0x08002d05   Thumb Code   134  sdio.o(i.SDIO_Read_Buf)
    SDIO_Read_Sector                         0x08002d99   Thumb Code    56  sdio.o(i.SDIO_Read_Sector)
    SDIO_SendCommand                         0x08002dd9   Thumb Code    40  stm32f4xx_ll_sdmmc.o(i.SDIO_SendCommand)
    SDIO_ShowInfo                            0x08002e01   Thumb Code   140  sdio.o(i.SDIO_ShowInfo)
    SDIO_WriteFIFO                           0x08002f9d   Thumb Code    12  stm32f4xx_ll_sdmmc.o(i.SDIO_WriteFIFO)
    SDIO_Write_Buf                           0x08002fa9   Thumb Code   134  sdio.o(i.SDIO_Write_Buf)
    SDIO_Write_Sector                        0x0800303d   Thumb Code    56  sdio.o(i.SDIO_Write_Sector)
    SDMMC_CmdAppCommand                      0x0800307d   Thumb Code    56  stm32f4xx_ll_sdmmc.o(i.SDMMC_CmdAppCommand)
    SDMMC_CmdAppOperCommand                  0x080030b5   Thumb Code    54  stm32f4xx_ll_sdmmc.o(i.SDMMC_CmdAppOperCommand)
    SDMMC_CmdBlockLength                     0x080030f1   Thumb Code    56  stm32f4xx_ll_sdmmc.o(i.SDMMC_CmdBlockLength)
    SDMMC_CmdBusWidth                        0x08003129   Thumb Code    56  stm32f4xx_ll_sdmmc.o(i.SDMMC_CmdBusWidth)
    SDMMC_CmdGoIdleState                     0x08003161   Thumb Code    44  stm32f4xx_ll_sdmmc.o(i.SDMMC_CmdGoIdleState)
    SDMMC_CmdOperCond                        0x0800318d   Thumb Code    52  stm32f4xx_ll_sdmmc.o(i.SDMMC_CmdOperCond)
    SDMMC_CmdReadMultiBlock                  0x080031c1   Thumb Code    56  stm32f4xx_ll_sdmmc.o(i.SDMMC_CmdReadMultiBlock)
    SDMMC_CmdReadSingleBlock                 0x080031f9   Thumb Code    56  stm32f4xx_ll_sdmmc.o(i.SDMMC_CmdReadSingleBlock)
    SDMMC_CmdSelDesel                        0x08003231   Thumb Code    58  stm32f4xx_ll_sdmmc.o(i.SDMMC_CmdSelDesel)
    SDMMC_CmdSendCID                         0x0800326b   Thumb Code    50  stm32f4xx_ll_sdmmc.o(i.SDMMC_CmdSendCID)
    SDMMC_CmdSendCSD                         0x0800329d   Thumb Code    50  stm32f4xx_ll_sdmmc.o(i.SDMMC_CmdSendCSD)
    SDMMC_CmdSendSCR                         0x080032cf   Thumb Code    56  stm32f4xx_ll_sdmmc.o(i.SDMMC_CmdSendSCR)
    SDMMC_CmdSendStatus                      0x08003307   Thumb Code    56  stm32f4xx_ll_sdmmc.o(i.SDMMC_CmdSendStatus)
    SDMMC_CmdSetRelAdd                       0x0800333f   Thumb Code    56  stm32f4xx_ll_sdmmc.o(i.SDMMC_CmdSetRelAdd)
    SDMMC_CmdStopTransfer                    0x08003379   Thumb Code    54  stm32f4xx_ll_sdmmc.o(i.SDMMC_CmdStopTransfer)
    SDMMC_CmdWriteMultiBlock                 0x080033b5   Thumb Code    56  stm32f4xx_ll_sdmmc.o(i.SDMMC_CmdWriteMultiBlock)
    SDMMC_CmdWriteSingleBlock                0x080033ed   Thumb Code    56  stm32f4xx_ll_sdmmc.o(i.SDMMC_CmdWriteSingleBlock)
    SD_GetCardState                          0x08003925   Thumb Code    20  sdio.o(i.SD_GetCardState)
    SVC_Handler                              0x08003c0d   Thumb Code     2  stm32f4xx_it.o(i.SVC_Handler)
    SysTick_Handler                          0x08003c0f   Thumb Code     8  stm32f4xx_it.o(i.SysTick_Handler)
    SystemClock_Config                       0x08003c19   Thumb Code   180  main.o(i.SystemClock_Config)
    SystemInit                               0x08003cd5   Thumb Code    24  system_stm32f4xx.o(i.SystemInit)
    TIM1_UP_TIM10_IRQHandler                 0x08003cf1   Thumb Code    10  stm32f4xx_it.o(i.TIM1_UP_TIM10_IRQHandler)
    TIM_Base_SetConfig                       0x08003d01   Thumb Code   170  stm32f4xx_hal_tim.o(i.TIM_Base_SetConfig)
    TIM_ETR_SetConfig                        0x08003dd9   Thumb Code    22  stm32f4xx_hal_tim.o(i.TIM_ETR_SetConfig)
    USART1_IRQHandler                        0x080044ad   Thumb Code    10  stm32f4xx_it.o(i.USART1_IRQHandler)
    UsageFault_Handler                       0x080044bd   Thumb Code     4  stm32f4xx_it.o(i.UsageFault_Handler)
    __0vsnprintf                             0x080044c1   Thumb Code    40  printfa.o(i.__0vsnprintf)
    __1vsnprintf                             0x080044c1   Thumb Code     0  printfa.o(i.__0vsnprintf)
    __2vsnprintf                             0x080044c1   Thumb Code     0  printfa.o(i.__0vsnprintf)
    __c89vsnprintf                           0x080044c1   Thumb Code     0  printfa.o(i.__0vsnprintf)
    vsnprintf                                0x080044c1   Thumb Code     0  printfa.o(i.__0vsnprintf)
    __scatterload_copy                       0x08004525   Thumb Code    14  handlers.o(i.__scatterload_copy)
    __scatterload_null                       0x08004533   Thumb Code     2  handlers.o(i.__scatterload_null)
    __scatterload_zeroinit                   0x08004535   Thumb Code    14  handlers.o(i.__scatterload_zeroinit)
    main                                     0x08004e0d   Thumb Code   486  main.o(i.main)
    AHBPrescTable                            0x08005158   Data          16  system_stm32f4xx.o(.constdata)
    APBPrescTable                            0x08005168   Data           8  system_stm32f4xx.o(.constdata)
    Region$$Table$$Base                      0x08005170   Number         0  anon$$obj.o(Region$$Table)
    Region$$Table$$Limit                     0x08005190   Number         0  anon$$obj.o(Region$$Table)
    _level                                   0x20000000   Data           1  my_printf.o(.data)
    uwTick                                   0x20000008   Data           4  stm32f4xx_hal.o(.data)
    uwTickPrio                               0x2000000c   Data           4  stm32f4xx_hal.o(.data)
    uwTickFreq                               0x20000010   Data           1  stm32f4xx_hal.o(.data)
    SystemCoreClock                          0x20000014   Data           4  system_stm32f4xx.o(.data)
    hsd                                      0x20000218   Data         132  sdio.o(.bss)
    htim1                                    0x2000029c   Data          64  tim.o(.bss)
    huart1                                   0x200002dc   Data          64  usart.o(.bss)
    hdma_usart1_tx                           0x2000031c   Data          96  usart.o(.bss)
    __initial_sp                             0x20001380   Data           0  startup_stm32f427xx.o(STACK)



==============================================================================

Memory Map of the image

  Image Entry point : 0x080001ad

  Load Region LR_IROM1 (Base: 0x08000000, Size: 0x000051a8, Max: 0x00200000, ABSOLUTE)

    Execution Region ER_IROM1 (Exec base: 0x08000000, Load base: 0x08000000, Size: 0x00005190, Max: 0x00200000, ABSOLUTE)

    Exec Addr    Load Addr    Size         Type   Attr      Idx    E Section Name        Object

    0x08000000   0x08000000   0x000001ac   Data   RO            3    RESET               startup_stm32f427xx.o
    0x080001ac   0x080001ac   0x00000000   Code   RO         3678  * .ARM.Collect$$$$00000000  mc_w.l(entry.o)
    0x080001ac   0x080001ac   0x00000004   Code   RO         3719    .ARM.Collect$$$$00000001  mc_w.l(entry2.o)
    0x080001b0   0x080001b0   0x00000004   Code   RO         3722    .ARM.Collect$$$$00000004  mc_w.l(entry5.o)
    0x080001b4   0x080001b4   0x00000000   Code   RO         3724    .ARM.Collect$$$$00000008  mc_w.l(entry7b.o)
    0x080001b4   0x080001b4   0x00000000   Code   RO         3726    .ARM.Collect$$$$0000000A  mc_w.l(entry8b.o)
    0x080001b4   0x080001b4   0x00000008   Code   RO         3727    .ARM.Collect$$$$0000000B  mc_w.l(entry9a.o)
    0x080001bc   0x080001bc   0x00000000   Code   RO         3729    .ARM.Collect$$$$0000000D  mc_w.l(entry10a.o)
    0x080001bc   0x080001bc   0x00000000   Code   RO         3731    .ARM.Collect$$$$0000000F  mc_w.l(entry11a.o)
    0x080001bc   0x080001bc   0x00000004   Code   RO         3720    .ARM.Collect$$$$00002712  mc_w.l(entry2.o)
    0x080001c0   0x080001c0   0x00000008   Code   RO          279    .emb_text           sdio.o
    0x080001c8   0x080001c8   0x00000024   Code   RO            4    .text               startup_stm32f427xx.o
    0x080001ec   0x080001ec   0x00000062   Code   RO         3681    .text               mc_w.l(uldiv.o)
    0x0800024e   0x0800024e   0x00000024   Code   RO         3683    .text               mc_w.l(memcpya.o)
    0x08000272   0x08000272   0x00000024   Code   RO         3685    .text               mc_w.l(memseta.o)
    0x08000296   0x08000296   0x0000000e   Code   RO         3687    .text               mc_w.l(strlen.o)
    0x080002a4   0x080002a4   0x0000002c   Code   RO         3736    .text               mc_w.l(uidiv.o)
    0x080002d0   0x080002d0   0x0000001e   Code   RO         3738    .text               mc_w.l(llshl.o)
    0x080002ee   0x080002ee   0x00000020   Code   RO         3740    .text               mc_w.l(llushr.o)
    0x0800030e   0x0800030e   0x00000000   Code   RO         3742    .text               mc_w.l(iusefp.o)
    0x0800030e   0x0800030e   0x0000014e   Code   RO         3743    .text               mf_w.l(dadd.o)
    0x0800045c   0x0800045c   0x000000e4   Code   RO         3745    .text               mf_w.l(dmul.o)
    0x08000540   0x08000540   0x000000de   Code   RO         3747    .text               mf_w.l(ddiv.o)
    0x0800061e   0x0800061e   0x00000030   Code   RO         3749    .text               mf_w.l(dfixul.o)
    0x0800064e   0x0800064e   0x00000002   PAD
    0x08000650   0x08000650   0x00000030   Code   RO         3751    .text               mf_w.l(cdrcmple.o)
    0x08000680   0x08000680   0x00000024   Code   RO         3753    .text               mc_w.l(init.o)
    0x080006a4   0x080006a4   0x00000024   Code   RO         3756    .text               mc_w.l(llsshr.o)
    0x080006c8   0x080006c8   0x000000ba   Code   RO         3759    .text               mf_w.l(depilogue.o)
    0x08000782   0x08000782   0x00000004   Code   RO          456    i.BusFault_Handler  stm32f4xx_it.o
    0x08000786   0x08000786   0x00000002   PAD
    0x08000788   0x08000788   0x00000018   Code   RO           13    i.DBG_My_Printf     my_printf.o
    0x080007a0   0x080007a0   0x00000060   Code   RO           14    i.DBG_Print         my_printf.o
    0x08000800   0x08000800   0x00000010   Code   RO          457    i.DMA2_Stream7_IRQHandler  stm32f4xx_it.o
    0x08000810   0x08000810   0x00000034   Code   RO         1411    i.DMA_CalcBaseAndBitshift  stm32f4xx_hal_dma.o
    0x08000844   0x08000844   0x000000aa   Code   RO         1412    i.DMA_CheckFifoParam  stm32f4xx_hal_dma.o
    0x080008ee   0x080008ee   0x0000002c   Code   RO         1413    i.DMA_SetConfig     stm32f4xx_hal_dma.o
    0x0800091a   0x0800091a   0x00000002   Code   RO          458    i.DebugMon_Handler  stm32f4xx_it.o
    0x0800091c   0x0800091c   0x00000002   Code   RO          171    i.Error_Handler     main.o
    0x0800091e   0x0800091e   0x00000028   Code   RO         1415    i.HAL_DMA_Abort_IT  stm32f4xx_hal_dma.o
    0x08000946   0x08000946   0x00000002   PAD
    0x08000948   0x08000948   0x00000240   Code   RO         1419    i.HAL_DMA_IRQHandler  stm32f4xx_hal_dma.o
    0x08000b88   0x08000b88   0x000000ec   Code   RO         1420    i.HAL_DMA_Init      stm32f4xx_hal_dma.o
    0x08000c74   0x08000c74   0x00000092   Code   RO         1424    i.HAL_DMA_Start_IT  stm32f4xx_hal_dma.o
    0x08000d06   0x08000d06   0x00000002   PAD
    0x08000d08   0x08000d08   0x00000028   Code   RO         1856    i.HAL_Delay         stm32f4xx_hal.o
    0x08000d30   0x08000d30   0x0000021c   Code   RO         1307    i.HAL_GPIO_Init     stm32f4xx_hal_gpio.o
    0x08000f4c   0x08000f4c   0x00000012   Code   RO         1310    i.HAL_GPIO_TogglePin  stm32f4xx_hal_gpio.o
    0x08000f5e   0x08000f5e   0x0000000c   Code   RO         1311    i.HAL_GPIO_WritePin  stm32f4xx_hal_gpio.o
    0x08000f6a   0x08000f6a   0x00000002   PAD
    0x08000f6c   0x08000f6c   0x0000000c   Code   RO         1864    i.HAL_GetTick       stm32f4xx_hal.o
    0x08000f78   0x08000f78   0x00000018   Code   RO         1870    i.HAL_IncTick       stm32f4xx_hal.o
    0x08000f90   0x08000f90   0x0000003c   Code   RO         1871    i.HAL_Init          stm32f4xx_hal.o
    0x08000fcc   0x08000fcc   0x0000004c   Code   RO         1872    i.HAL_InitTick      stm32f4xx_hal.o
    0x08001018   0x08001018   0x00000048   Code   RO          550    i.HAL_MspInit       stm32f4xx_hal_msp.o
    0x08001060   0x08001060   0x00000020   Code   RO         1714    i.HAL_NVIC_EnableIRQ  stm32f4xx_hal_cortex.o
    0x08001080   0x08001080   0x0000007c   Code   RO         1720    i.HAL_NVIC_SetPriority  stm32f4xx_hal_cortex.o
    0x080010fc   0x080010fc   0x00000028   Code   RO         1721    i.HAL_NVIC_SetPriorityGrouping  stm32f4xx_hal_cortex.o
    0x08001124   0x08001124   0x0000008c   Code   RO         1643    i.HAL_PWREx_EnableOverDrive  stm32f4xx_hal_pwr_ex.o
    0x080011b0   0x080011b0   0x00000184   Code   RO          851    i.HAL_RCC_ClockConfig  stm32f4xx_hal_rcc.o
    0x08001334   0x08001334   0x0000000c   Code   RO          856    i.HAL_RCC_GetHCLKFreq  stm32f4xx_hal_rcc.o
    0x08001340   0x08001340   0x00000020   Code   RO          858    i.HAL_RCC_GetPCLK1Freq  stm32f4xx_hal_rcc.o
    0x08001360   0x08001360   0x00000020   Code   RO          859    i.HAL_RCC_GetPCLK2Freq  stm32f4xx_hal_rcc.o
    0x08001380   0x08001380   0x000000b0   Code   RO          860    i.HAL_RCC_GetSysClockFreq  stm32f4xx_hal_rcc.o
    0x08001430   0x08001430   0x00000488   Code   RO          863    i.HAL_RCC_OscConfig  stm32f4xx_hal_rcc.o
    0x080018b8   0x080018b8   0x000000a8   Code   RO         2122    i.HAL_SD_ConfigWideBusOperation  stm32f4xx_hal_sd.o
    0x08001960   0x08001960   0x000001c8   Code   RO         2127    i.HAL_SD_GetCardCSD  stm32f4xx_hal_sd.o
    0x08001b28   0x08001b28   0x00000024   Code   RO         2129    i.HAL_SD_GetCardState  stm32f4xx_hal_sd.o
    0x08001b4c   0x08001b4c   0x0000003c   Code   RO         2134    i.HAL_SD_Init       stm32f4xx_hal_sd.o
    0x08001b88   0x08001b88   0x00000084   Code   RO         2135    i.HAL_SD_InitCard   stm32f4xx_hal_sd.o
    0x08001c0c   0x08001c0c   0x000000c8   Code   RO          281    i.HAL_SD_MspInit    sdio.o
    0x08001cd4   0x08001cd4   0x000002c0   Code   RO         2138    i.HAL_SD_ReadBlocks  stm32f4xx_hal_sd.o
    0x08001f94   0x08001f94   0x00000254   Code   RO         2143    i.HAL_SD_WriteBlocks  stm32f4xx_hal_sd.o
    0x080021e8   0x080021e8   0x00000034   Code   RO         1725    i.HAL_SYSTICK_Config  stm32f4xx_hal_cortex.o
    0x0800221c   0x0800221c   0x00000002   Code   RO         3062    i.HAL_TIMEx_BreakCallback  stm32f4xx_hal_tim_ex.o
    0x0800221e   0x0800221e   0x00000002   Code   RO         3063    i.HAL_TIMEx_CommutCallback  stm32f4xx_hal_tim_ex.o
    0x08002220   0x08002220   0x000000b4   Code   RO         3080    i.HAL_TIMEx_MasterConfigSynchronization  stm32f4xx_hal_tim_ex.o
    0x080022d4   0x080022d4   0x00000034   Code   RO         2376    i.HAL_TIM_Base_Init  stm32f4xx_hal_tim.o
    0x08002308   0x08002308   0x00000048   Code   RO          373    i.HAL_TIM_Base_MspInit  tim.o
    0x08002350   0x08002350   0x0000002a   Code   RO         2381    i.HAL_TIM_Base_Start_IT  stm32f4xx_hal_tim.o
    0x0800237a   0x0800237a   0x00000108   Code   RO         2385    i.HAL_TIM_ConfigClockSource  stm32f4xx_hal_tim.o
    0x08002482   0x08002482   0x00000002   Code   RO         2405    i.HAL_TIM_IC_CaptureCallback  stm32f4xx_hal_tim.o
    0x08002484   0x08002484   0x00000196   Code   RO         2419    i.HAL_TIM_IRQHandler  stm32f4xx_hal_tim.o
    0x0800261a   0x0800261a   0x00000002   Code   RO         2422    i.HAL_TIM_OC_DelayElapsedCallback  stm32f4xx_hal_tim.o
    0x0800261c   0x0800261c   0x00000002   Code   RO         2449    i.HAL_TIM_PWM_PulseFinishedCallback  stm32f4xx_hal_tim.o
    0x0800261e   0x0800261e   0x00000002   PAD
    0x08002620   0x08002620   0x00000014   Code   RO          172    i.HAL_TIM_PeriodElapsedCallback  main.o
    0x08002634   0x08002634   0x00000002   Code   RO         2462    i.HAL_TIM_TriggerCallback  stm32f4xx_hal_tim.o
    0x08002636   0x08002636   0x00000002   Code   RO         3334    i.HAL_UART_ErrorCallback  stm32f4xx_hal_uart.o
    0x08002638   0x08002638   0x00000154   Code   RO         3337    i.HAL_UART_IRQHandler  stm32f4xx_hal_uart.o
    0x0800278c   0x0800278c   0x00000072   Code   RO         3338    i.HAL_UART_Init     stm32f4xx_hal_uart.o
    0x080027fe   0x080027fe   0x00000002   PAD
    0x08002800   0x08002800   0x000000dc   Code   RO          415    i.HAL_UART_MspInit  usart.o
    0x080028dc   0x080028dc   0x000000e0   Code   RO         3341    i.HAL_UART_Receive  stm32f4xx_hal_uart.o
    0x080029bc   0x080029bc   0x00000002   Code   RO         3344    i.HAL_UART_RxCpltCallback  stm32f4xx_hal_uart.o
    0x080029be   0x080029be   0x00000002   PAD
    0x080029c0   0x080029c0   0x0000009c   Code   RO         3347    i.HAL_UART_Transmit_DMA  stm32f4xx_hal_uart.o
    0x08002a5c   0x08002a5c   0x00000002   Code   RO         3349    i.HAL_UART_TxCpltCallback  stm32f4xx_hal_uart.o
    0x08002a5e   0x08002a5e   0x00000002   Code   RO         3350    i.HAL_UART_TxHalfCpltCallback  stm32f4xx_hal_uart.o
    0x08002a60   0x08002a60   0x00000004   Code   RO          459    i.HardFault_Handler  stm32f4xx_it.o
    0x08002a64   0x08002a64   0x00000038   Code   RO          255    i.MX_DMA_Init       dma.o
    0x08002a9c   0x08002a9c   0x000000b8   Code   RO          231    i.MX_GPIO_Init      gpio.o
    0x08002b54   0x08002b54   0x00000040   Code   RO          282    i.MX_SDIO_SD_Init   sdio.o
    0x08002b94   0x08002b94   0x00000070   Code   RO          374    i.MX_TIM1_Init      tim.o
    0x08002c04   0x08002c04   0x00000038   Code   RO          416    i.MX_USART1_UART_Init  usart.o
    0x08002c3c   0x08002c3c   0x00000004   Code   RO          460    i.MemManage_Handler  stm32f4xx_it.o
    0x08002c40   0x08002c40   0x00000002   Code   RO          461    i.NMI_Handler       stm32f4xx_it.o
    0x08002c42   0x08002c42   0x00000002   Code   RO          462    i.PendSV_Handler    stm32f4xx_it.o
    0x08002c44   0x08002c44   0x0000001a   Code   RO          283    i.SDIO_BufLen2SecCnt  sdio.o
    0x08002c5e   0x08002c5e   0x0000002c   Code   RO          574    i.SDIO_ConfigData   stm32f4xx_ll_sdmmc.o
    0x08002c8a   0x08002c8a   0x00000008   Code   RO          575    i.SDIO_GetCommandResponse  stm32f4xx_ll_sdmmc.o
    0x08002c92   0x08002c92   0x0000000a   Code   RO          578    i.SDIO_GetPowerState  stm32f4xx_ll_sdmmc.o
    0x08002c9c   0x08002c9c   0x0000000c   Code   RO          579    i.SDIO_GetResponse  stm32f4xx_ll_sdmmc.o
    0x08002ca8   0x08002ca8   0x00000034   Code   RO          580    i.SDIO_Init         stm32f4xx_ll_sdmmc.o
    0x08002cdc   0x08002cdc   0x0000000e   Code   RO          284    i.SDIO_Min          sdio.o
    0x08002cea   0x08002cea   0x00000012   Code   RO          582    i.SDIO_PowerState_ON  stm32f4xx_ll_sdmmc.o
    0x08002cfc   0x08002cfc   0x00000008   Code   RO          583    i.SDIO_ReadFIFO     stm32f4xx_ll_sdmmc.o
    0x08002d04   0x08002d04   0x00000094   Code   RO          285    i.SDIO_Read_Buf     sdio.o
    0x08002d98   0x08002d98   0x00000040   Code   RO          286    i.SDIO_Read_Sector  sdio.o
    0x08002dd8   0x08002dd8   0x00000028   Code   RO          584    i.SDIO_SendCommand  stm32f4xx_ll_sdmmc.o
    0x08002e00   0x08002e00   0x0000019c   Code   RO          287    i.SDIO_ShowInfo     sdio.o
    0x08002f9c   0x08002f9c   0x0000000c   Code   RO          586    i.SDIO_WriteFIFO    stm32f4xx_ll_sdmmc.o
    0x08002fa8   0x08002fa8   0x00000094   Code   RO          288    i.SDIO_Write_Buf    sdio.o
    0x0800303c   0x0800303c   0x00000040   Code   RO          289    i.SDIO_Write_Sector  sdio.o
    0x0800307c   0x0800307c   0x00000038   Code   RO          587    i.SDMMC_CmdAppCommand  stm32f4xx_ll_sdmmc.o
    0x080030b4   0x080030b4   0x0000003c   Code   RO          588    i.SDMMC_CmdAppOperCommand  stm32f4xx_ll_sdmmc.o
    0x080030f0   0x080030f0   0x00000038   Code   RO          589    i.SDMMC_CmdBlockLength  stm32f4xx_ll_sdmmc.o
    0x08003128   0x08003128   0x00000038   Code   RO          590    i.SDMMC_CmdBusWidth  stm32f4xx_ll_sdmmc.o
    0x08003160   0x08003160   0x0000002c   Code   RO          594    i.SDMMC_CmdGoIdleState  stm32f4xx_ll_sdmmc.o
    0x0800318c   0x0800318c   0x00000034   Code   RO          596    i.SDMMC_CmdOperCond  stm32f4xx_ll_sdmmc.o
    0x080031c0   0x080031c0   0x00000038   Code   RO          597    i.SDMMC_CmdReadMultiBlock  stm32f4xx_ll_sdmmc.o
    0x080031f8   0x080031f8   0x00000038   Code   RO          598    i.SDMMC_CmdReadSingleBlock  stm32f4xx_ll_sdmmc.o
    0x08003230   0x08003230   0x0000003a   Code   RO          601    i.SDMMC_CmdSelDesel  stm32f4xx_ll_sdmmc.o
    0x0800326a   0x0800326a   0x00000032   Code   RO          602    i.SDMMC_CmdSendCID  stm32f4xx_ll_sdmmc.o
    0x0800329c   0x0800329c   0x00000032   Code   RO          603    i.SDMMC_CmdSendCSD  stm32f4xx_ll_sdmmc.o
    0x080032ce   0x080032ce   0x00000038   Code   RO          604    i.SDMMC_CmdSendSCR  stm32f4xx_ll_sdmmc.o
    0x08003306   0x08003306   0x00000038   Code   RO          605    i.SDMMC_CmdSendStatus  stm32f4xx_ll_sdmmc.o
    0x0800333e   0x0800333e   0x00000038   Code   RO          606    i.SDMMC_CmdSetRelAdd  stm32f4xx_ll_sdmmc.o
    0x08003376   0x08003376   0x00000002   PAD
    0x08003378   0x08003378   0x0000003c   Code   RO          608    i.SDMMC_CmdStopTransfer  stm32f4xx_ll_sdmmc.o
    0x080033b4   0x080033b4   0x00000038   Code   RO          610    i.SDMMC_CmdWriteMultiBlock  stm32f4xx_ll_sdmmc.o
    0x080033ec   0x080033ec   0x00000038   Code   RO          611    i.SDMMC_CmdWriteSingleBlock  stm32f4xx_ll_sdmmc.o
    0x08003424   0x08003424   0x00000040   Code   RO          612    i.SDMMC_GetCmdError  stm32f4xx_ll_sdmmc.o
    0x08003464   0x08003464   0x000001ac   Code   RO          613    i.SDMMC_GetCmdResp1  stm32f4xx_ll_sdmmc.o
    0x08003610   0x08003610   0x00000064   Code   RO          614    i.SDMMC_GetCmdResp2  stm32f4xx_ll_sdmmc.o
    0x08003674   0x08003674   0x00000058   Code   RO          615    i.SDMMC_GetCmdResp3  stm32f4xx_ll_sdmmc.o
    0x080036cc   0x080036cc   0x000000b8   Code   RO          616    i.SDMMC_GetCmdResp6  stm32f4xx_ll_sdmmc.o
    0x08003784   0x08003784   0x0000006c   Code   RO          617    i.SDMMC_GetCmdResp7  stm32f4xx_ll_sdmmc.o
    0x080037f0   0x080037f0   0x00000134   Code   RO         2151    i.SD_FindSCR        stm32f4xx_hal_sd.o
    0x08003924   0x08003924   0x00000018   Code   RO          290    i.SD_GetCardState   sdio.o
    0x0800393c   0x0800393c   0x00000102   Code   RO         2152    i.SD_InitCard       stm32f4xx_hal_sd.o
    0x08003a3e   0x08003a3e   0x00000002   PAD
    0x08003a40   0x08003a40   0x000000cc   Code   RO         2154    i.SD_PowerON        stm32f4xx_hal_sd.o
    0x08003b0c   0x08003b0c   0x00000030   Code   RO         2157    i.SD_SendStatus     stm32f4xx_hal_sd.o
    0x08003b3c   0x08003b3c   0x00000068   Code   RO         2158    i.SD_WideBus_Disable  stm32f4xx_hal_sd.o
    0x08003ba4   0x08003ba4   0x00000068   Code   RO         2159    i.SD_WideBus_Enable  stm32f4xx_hal_sd.o
    0x08003c0c   0x08003c0c   0x00000002   Code   RO          463    i.SVC_Handler       stm32f4xx_it.o
    0x08003c0e   0x08003c0e   0x00000008   Code   RO          464    i.SysTick_Handler   stm32f4xx_it.o
    0x08003c16   0x08003c16   0x00000002   PAD
    0x08003c18   0x08003c18   0x000000bc   Code   RO          173    i.SystemClock_Config  main.o
    0x08003cd4   0x08003cd4   0x0000001c   Code   RO         3645    i.SystemInit        system_stm32f4xx.o
    0x08003cf0   0x08003cf0   0x00000010   Code   RO          465    i.TIM1_UP_TIM10_IRQHandler  stm32f4xx_it.o
    0x08003d00   0x08003d00   0x000000d8   Code   RO         2464    i.TIM_Base_SetConfig  stm32f4xx_hal_tim.o
    0x08003dd8   0x08003dd8   0x00000016   Code   RO         2475    i.TIM_ETR_SetConfig  stm32f4xx_hal_tim.o
    0x08003dee   0x08003dee   0x00000012   Code   RO         2476    i.TIM_ITRx_SetConfig  stm32f4xx_hal_tim.o
    0x08003e00   0x08003e00   0x00000026   Code   RO         2482    i.TIM_TI1_ConfigInputStage  stm32f4xx_hal_tim.o
    0x08003e26   0x08003e26   0x00000028   Code   RO         2484    i.TIM_TI2_ConfigInputStage  stm32f4xx_hal_tim.o
    0x08003e4e   0x08003e4e   0x00000014   Code   RO         3351    i.UART_DMAAbortOnError  stm32f4xx_hal_uart.o
    0x08003e62   0x08003e62   0x00000050   Code   RO         3352    i.UART_DMAError     stm32f4xx_hal_uart.o
    0x08003eb2   0x08003eb2   0x00000036   Code   RO         3357    i.UART_DMATransmitCplt  stm32f4xx_hal_uart.o
    0x08003ee8   0x08003ee8   0x0000000e   Code   RO         3359    i.UART_DMATxHalfCplt  stm32f4xx_hal_uart.o
    0x08003ef6   0x08003ef6   0x00000020   Code   RO         3361    i.UART_EndRxTransfer  stm32f4xx_hal_uart.o
    0x08003f16   0x08003f16   0x00000020   Code   RO         3362    i.UART_EndTransmit_IT  stm32f4xx_hal_uart.o
    0x08003f36   0x08003f36   0x00000014   Code   RO         3363    i.UART_EndTxTransfer  stm32f4xx_hal_uart.o
    0x08003f4a   0x08003f4a   0x000000a6   Code   RO         3364    i.UART_Receive_IT   stm32f4xx_hal_uart.o
    0x08003ff0   0x08003ff0   0x000003e8   Code   RO         3365    i.UART_SetConfig    stm32f4xx_hal_uart.o
    0x080043d8   0x080043d8   0x00000068   Code   RO         3366    i.UART_Transmit_IT  stm32f4xx_hal_uart.o
    0x08004440   0x08004440   0x0000006c   Code   RO         3367    i.UART_WaitOnFlagUntilTimeout  stm32f4xx_hal_uart.o
    0x080044ac   0x080044ac   0x00000010   Code   RO          466    i.USART1_IRQHandler  stm32f4xx_it.o
    0x080044bc   0x080044bc   0x00000004   Code   RO          467    i.UsageFault_Handler  stm32f4xx_it.o
    0x080044c0   0x080044c0   0x0000002c   Code   RO         3697    i.__0vsnprintf      mc_w.l(printfa.o)
    0x080044ec   0x080044ec   0x00000010   Code   RO         1727    i.__NVIC_GetPriorityGrouping  stm32f4xx_hal_cortex.o
    0x080044fc   0x080044fc   0x00000028   Code   RO         1728    i.__NVIC_SetPriority  stm32f4xx_hal_cortex.o
    0x08004524   0x08004524   0x0000000e   Code   RO         3763    i.__scatterload_copy  mc_w.l(handlers.o)
    0x08004532   0x08004532   0x00000002   Code   RO         3764    i.__scatterload_null  mc_w.l(handlers.o)
    0x08004534   0x08004534   0x0000000e   Code   RO         3765    i.__scatterload_zeroinit  mc_w.l(handlers.o)
    0x08004542   0x08004542   0x00000002   PAD
    0x08004544   0x08004544   0x00000184   Code   RO         3699    i._fp_digits        mc_w.l(printfa.o)
    0x080046c8   0x080046c8   0x000006dc   Code   RO         3700    i._printf_core      mc_w.l(printfa.o)
    0x08004da4   0x08004da4   0x00000024   Code   RO         3701    i._printf_post_padding  mc_w.l(printfa.o)
    0x08004dc8   0x08004dc8   0x0000002e   Code   RO         3702    i._printf_pre_padding  mc_w.l(printfa.o)
    0x08004df6   0x08004df6   0x00000016   Code   RO         3703    i._snputc           mc_w.l(printfa.o)
    0x08004e0c   0x08004e0c   0x00000344   Code   RO          174    i.main              main.o
    0x08005150   0x08005150   0x00000008   Data   RO         1426    .constdata          stm32f4xx_hal_dma.o
    0x08005158   0x08005158   0x00000018   Data   RO         3646    .constdata          system_stm32f4xx.o
    0x08005170   0x08005170   0x00000020   Data   RO         3761    Region$$Table       anon$$obj.o


    Execution Region RW_IRAM2 (Exec base: 0x10000000, Load base: 0x080051a8, Size: 0x00000000, Max: 0x00010000, ABSOLUTE)

    **** No section assigned to this execution region ****


    Execution Region RW_IRAM1 (Exec base: 0x20000000, Load base: 0x08005190, Size: 0x00001380, Max: 0x00030000, ABSOLUTE)

    Exec Addr    Load Addr    Size         Type   Attr      Idx    E Section Name        Object

    0x20000000   0x08005190   0x00000001   Data   RW           16    .data               my_printf.o
    0x20000001   0x08005191   0x00000004   Data   RW          292    .data               sdio.o
    0x20000005   0x08005195   0x00000003   PAD
    0x20000008   0x08005198   0x00000009   Data   RW         1878    .data               stm32f4xx_hal.o
    0x20000011   0x080051a1   0x00000003   PAD
    0x20000014   0x080051a4   0x00000004   Data   RW         3647    .data               system_stm32f4xx.o
    0x20000018        -       0x00000284   Zero   RW          291    .bss                sdio.o
    0x2000029c        -       0x00000040   Zero   RW          375    .bss                tim.o
    0x200002dc        -       0x000000a0   Zero   RW          417    .bss                usart.o
    0x2000037c   0x080051a8   0x00000004   PAD
    0x20000380        -       0x00001000   Zero   RW            1    STACK               startup_stm32f427xx.o


==============================================================================

Image component sizes


      Code (inc. data)   RO Data    RW Data    ZI Data      Debug   Object Name

        56          4          0          0          0        746   dma.o
       184         10          0          0          0        947   gpio.o
      1046        362          0          0          0       3116   main.o
       120         16          0          1          0     760181   my_printf.o
      1172        348          0          4        644       7447   sdio.o
        36          8        428          0       4096        840   startup_stm32f427xx.o
       212         36          0          9          0       9557   stm32f4xx_hal.o
       304         22          0          0          0      34467   stm32f4xx_hal_cortex.o
      1264         16          8          0          0       6214   stm32f4xx_hal_dma.o
       570         54          0          0          0       2957   stm32f4xx_hal_gpio.o
        72          4          0          0          0        834   stm32f4xx_hal_msp.o
       140         12          0          0          0       1284   stm32f4xx_hal_pwr_ex.o
      1800         84          0          0          0       5628   stm32f4xx_hal_rcc.o
      3178         30          0          0          0      12891   stm32f4xx_hal_sd.o
      1106         46          0          0          0       9539   stm32f4xx_hal_tim.o
       184         30          0          0          0       2501   stm32f4xx_hal_tim_ex.o
      2472         26          0          0          0      13680   stm32f4xx_hal_uart.o
        80         18          0          0          0       5639   stm32f4xx_it.o
      2110         46          0          0          0      24443   stm32f4xx_ll_sdmmc.o
        28          4         24          4          0       1139   system_stm32f4xx.o
       184         18          0          0         64       1646   tim.o
       276         30          0          0        160       1765   usart.o

    ----------------------------------------------------------------------
     16614       1224        492         24       4968     907461   Object Totals
         0          0         32          0          0          0   (incl. Generated)
        20          0          0          6          4          0   (incl. Padding)

    ----------------------------------------------------------------------

      Code (inc. data)   RO Data    RW Data    ZI Data      Debug   Library Member Name

         0          0          0          0          0          0   entry.o
         0          0          0          0          0          0   entry10a.o
         0          0          0          0          0          0   entry11a.o
         8          4          0          0          0          0   entry2.o
         4          0          0          0          0          0   entry5.o
         0          0          0          0          0          0   entry7b.o
         0          0          0          0          0          0   entry8b.o
         8          4          0          0          0          0   entry9a.o
        30          0          0          0          0          0   handlers.o
        36          8          0          0          0         68   init.o
         0          0          0          0          0          0   iusefp.o
        30          0          0          0          0         68   llshl.o
        36          0          0          0          0         68   llsshr.o
        32          0          0          0          0         68   llushr.o
        36          0          0          0          0         68   memcpya.o
        36          0          0          0          0        108   memseta.o
      2292         84          0          0          0        516   printfa.o
        14          0          0          0          0         68   strlen.o
        44          0          0          0          0         80   uidiv.o
        98          0          0          0          0         92   uldiv.o
        48          0          0          0          0         68   cdrcmple.o
       334          0          0          0          0        148   dadd.o
       222          0          0          0          0        100   ddiv.o
       186          0          0          0          0        176   depilogue.o
        48          0          0          0          0         68   dfixul.o
       228          0          0          0          0         96   dmul.o

    ----------------------------------------------------------------------
      3774        100          0          0          0       1860   Library Totals
         4          0          0          0          0          0   (incl. Padding)

    ----------------------------------------------------------------------

      Code (inc. data)   RO Data    RW Data    ZI Data      Debug   Library Name

      2704        100          0          0          0       1204   mc_w.l
      1066          0          0          0          0        656   mf_w.l

    ----------------------------------------------------------------------
      3774        100          0          0          0       1860   Library Totals

    ----------------------------------------------------------------------

==============================================================================


      Code (inc. data)   RO Data    RW Data    ZI Data      Debug   

     20388       1324        492         24       4968     894789   Grand Totals
     20388       1324        492         24       4968     894789   ELF Image Totals
     20388       1324        492         24          0          0   ROM Totals

==============================================================================

    Total RO  Size (Code + RO Data)                20880 (  20.39kB)
    Total RW  Size (RW Data + ZI Data)              4992 (   4.88kB)
    Total ROM Size (Code + RO Data + RW Data)      20904 (  20.41kB)

==============================================================================

