Component: ARM Compiler 5.06 update 6 (build 750) Tool: armlink [4d35ed]

==============================================================================

Section Cross References

    startup_stm32f427xx.o(RESET) refers to startup_stm32f427xx.o(STACK) for __initial_sp
    startup_stm32f427xx.o(RESET) refers to startup_stm32f427xx.o(.text) for Reset_Handler
    startup_stm32f427xx.o(RESET) refers to stm32f4xx_it.o(i.NMI_Handler) for NMI_Handler
    startup_stm32f427xx.o(RESET) refers to stm32f4xx_it.o(i.HardFault_Handler) for HardFault_Handler
    startup_stm32f427xx.o(RESET) refers to stm32f4xx_it.o(i.MemManage_Handler) for MemManage_Handler
    startup_stm32f427xx.o(RESET) refers to stm32f4xx_it.o(i.BusFault_Handler) for BusFault_Handler
    startup_stm32f427xx.o(RESET) refers to stm32f4xx_it.o(i.UsageFault_Handler) for UsageFault_Handler
    startup_stm32f427xx.o(RESET) refers to stm32f4xx_it.o(i.SVC_Handler) for SVC_Handler
    startup_stm32f427xx.o(RESET) refers to stm32f4xx_it.o(i.DebugMon_Handler) for DebugMon_Handler
    startup_stm32f427xx.o(RESET) refers to stm32f4xx_it.o(i.PendSV_Handler) for PendSV_Handler
    startup_stm32f427xx.o(RESET) refers to stm32f4xx_it.o(i.SysTick_Handler) for SysTick_Handler
    startup_stm32f427xx.o(RESET) refers to stm32f4xx_it.o(i.TIM1_UP_TIM10_IRQHandler) for TIM1_UP_TIM10_IRQHandler
    startup_stm32f427xx.o(RESET) refers to stm32f4xx_it.o(i.USART1_IRQHandler) for USART1_IRQHandler
    startup_stm32f427xx.o(RESET) refers to stm32f4xx_it.o(i.SDIO_IRQHandler) for SDIO_IRQHandler
    startup_stm32f427xx.o(RESET) refers to stm32f4xx_it.o(i.DMA2_Stream3_IRQHandler) for DMA2_Stream3_IRQHandler
    startup_stm32f427xx.o(RESET) refers to stm32f4xx_it.o(i.DMA2_Stream6_IRQHandler) for DMA2_Stream6_IRQHandler
    startup_stm32f427xx.o(RESET) refers to stm32f4xx_it.o(i.DMA2_Stream7_IRQHandler) for DMA2_Stream7_IRQHandler
    startup_stm32f427xx.o(.text) refers to system_stm32f4xx.o(i.SystemInit) for SystemInit
    startup_stm32f427xx.o(.text) refers to entry.o(.ARM.Collect$$$$00000000) for __main
    my_printf.o(i.DBG_My_Printf) refers to stm32f4xx_hal_uart.o(i.HAL_UART_Transmit_DMA) for HAL_UART_Transmit_DMA
    my_printf.o(i.DBG_My_Printf) refers to usart.o(.bss) for huart1
    my_printf.o(i.DBG_Print) refers to printfa.o(i.__0vsnprintf) for vsnprintf
    my_printf.o(i.DBG_Print) refers to strlen.o(.text) for strlen
    my_printf.o(i.DBG_Print) refers to my_printf.o(i.DBG_My_Printf) for DBG_My_Printf
    my_printf.o(i.DBG_Print) refers to usart.o(.bss) for huart1
    my_printf.o(i.DBG_Print) refers to my_printf.o(.data) for _level
    main.o(i.HAL_TIM_PeriodElapsedCallback) refers to stm32f4xx_hal_gpio.o(i.HAL_GPIO_TogglePin) for HAL_GPIO_TogglePin
    main.o(i.SystemClock_Config) refers to memseta.o(.text) for __aeabi_memclr4
    main.o(i.SystemClock_Config) refers to stm32f4xx_hal_rcc.o(i.HAL_RCC_OscConfig) for HAL_RCC_OscConfig
    main.o(i.SystemClock_Config) refers to main.o(i.Error_Handler) for Error_Handler
    main.o(i.SystemClock_Config) refers to stm32f4xx_hal_pwr_ex.o(i.HAL_PWREx_EnableOverDrive) for HAL_PWREx_EnableOverDrive
    main.o(i.SystemClock_Config) refers to stm32f4xx_hal_rcc.o(i.HAL_RCC_ClockConfig) for HAL_RCC_ClockConfig
    main.o(i.main) refers to stm32f4xx_hal.o(i.HAL_Init) for HAL_Init
    main.o(i.main) refers to main.o(i.SystemClock_Config) for SystemClock_Config
    main.o(i.main) refers to gpio.o(i.MX_GPIO_Init) for MX_GPIO_Init
    main.o(i.main) refers to dma.o(i.MX_DMA_Init) for MX_DMA_Init
    main.o(i.main) refers to usart.o(i.MX_USART1_UART_Init) for MX_USART1_UART_Init
    main.o(i.main) refers to sdio.o(i.MX_SDIO_SD_Init) for MX_SDIO_SD_Init
    main.o(i.main) refers to tim.o(i.MX_TIM1_Init) for MX_TIM1_Init
    main.o(i.main) refers to sdio.o(i.SDIO_ShowInfo) for SDIO_ShowInfo
    main.o(i.main) refers to stm32f4xx_hal_gpio.o(i.HAL_GPIO_WritePin) for HAL_GPIO_WritePin
    main.o(i.main) refers to sdio.o(i.SDIO_Write_Sector) for SDIO_Write_Sector
    main.o(i.main) refers to my_printf.o(i.DBG_Print) for DBG_Print
    main.o(i.main) refers to stm32f4xx_hal.o(i.HAL_Delay) for HAL_Delay
    main.o(i.main) refers to memseta.o(.text) for __aeabi_memclr4
    main.o(i.main) refers to sdio.o(i.SDIO_Read_Sector) for SDIO_Read_Sector
    gpio.o(i.MX_GPIO_Init) refers to memseta.o(.text) for __aeabi_memclr4
    gpio.o(i.MX_GPIO_Init) refers to stm32f4xx_hal_gpio.o(i.HAL_GPIO_WritePin) for HAL_GPIO_WritePin
    gpio.o(i.MX_GPIO_Init) refers to stm32f4xx_hal_gpio.o(i.HAL_GPIO_Init) for HAL_GPIO_Init
    dma.o(i.MX_DMA_Init) refers to stm32f4xx_hal_cortex.o(i.HAL_NVIC_SetPriority) for HAL_NVIC_SetPriority
    dma.o(i.MX_DMA_Init) refers to stm32f4xx_hal_cortex.o(i.HAL_NVIC_EnableIRQ) for HAL_NVIC_EnableIRQ
    sdio.o(i.HAL_SD_MspDeInit) refers to stm32f4xx_hal_gpio.o(i.HAL_GPIO_DeInit) for HAL_GPIO_DeInit
    sdio.o(i.HAL_SD_MspDeInit) refers to stm32f4xx_hal_dma.o(i.HAL_DMA_DeInit) for HAL_DMA_DeInit
[...]
    ../Src/gpio.c                            0x00000000   Number         0  gpio.o ABSOLUTE
    ../Src/main.c                            0x00000000   Number         0  main.o ABSOLUTE
    ../Src/sdio.c                            0x00000000   Number         0  sdio.o ABSOLUTE
    ../Src/stm32f4xx_hal_msp.c               0x00000000   Number         0  stm32f4xx_hal_msp.o ABSOLUTE
    ../Src/stm32f4xx_it.c                    0x00000000   Number         0  stm32f4xx_it.o ABSOLUTE
    ../Src/system_stm32f4xx.c                0x00000000   Number         0  system_stm32f4xx.o ABSOLUTE
    ../Src/tim.c                             0x00000000   Number         0  tim.o ABSOLUTE
    ../Src/usart.c                           0x00000000   Number         0  usart.o ABSOLUTE
    ../clib/microlib/division.c              0x00000000   Number         0  uidiv.o ABSOLUTE
    ../clib/microlib/division.c              0x00000000   Number         0  uldiv.o ABSOLUTE
    ../clib/microlib/init/entry.s            0x00000000   Number         0  entry7a.o ABSOLUTE
    ../clib/microlib/init/entry.s            0x00000000   Number         0  entry5.o ABSOLUTE
    ../clib/microlib/init/entry.s            0x00000000   Number         0  entry8b.o ABSOLUTE
    ../clib/microlib/init/entry.s            0x00000000   Number         0  entry7b.o ABSOLUTE
    ../clib/microlib/init/entry.s            0x00000000   Number         0  entry9a.o ABSOLUTE
    ../clib/microlib/init/entry.s            0x00000000   Number         0  entry9b.o ABSOLUTE
    ../clib/microlib/init/entry.s            0x00000000   Number         0  entry10a.o ABSOLUTE
    ../clib/microlib/init/entry.s            0x00000000   Number         0  entry10b.o ABSOLUTE
    ../clib/microlib/init/entry.s            0x00000000   Number         0  entry.o ABSOLUTE
    ../clib/microlib/init/entry.s            0x00000000   Number         0  entry11b.o ABSOLUTE
    ../clib/microlib/init/entry.s            0x00000000   Number         0  entry8a.o ABSOLUTE
    ../clib/microlib/init/entry.s            0x00000000   Number         0  entry2.o ABSOLUTE
    ../clib/microlib/init/entry.s            0x00000000   Number         0  entry11a.o ABSOLUTE
    ../clib/microlib/longlong.c              0x00000000   Number         0  llsshr.o ABSOLUTE
    ../clib/microlib/longlong.c              0x00000000   Number         0  llshl.o ABSOLUTE
    ../clib/microlib/longlong.c              0x00000000   Number         0  llushr.o ABSOLUTE
    ../clib/microlib/printf/printf.c         0x00000000   Number         0  printfa.o ABSOLUTE
    ../clib/microlib/stdio/fputc.c           0x00000000   Number         0  fputc.o ABSOLUTE
    ../clib/microlib/stdio/semi.s            0x00000000   Number         0  semi.o ABSOLUTE
    ../clib/microlib/stdio/streams.c         0x00000000   Number         0  stdout.o ABSOLUTE
    ../clib/microlib/string/memcpy.c         0x00000000   Number         0  memcpya.o ABSOLUTE
    ../clib/microlib/string/memcpy.c         0x00000000   Number         0  memcpyb.o ABSOLUTE
    ../clib/microlib/string/memset.c         0x00000000   Number         0  memseta.o ABSOLUTE
    ../clib/microlib/string/strlen.c         0x00000000   Number         0  strlen.o ABSOLUTE
    ../clib/microlib/stubs.s                 0x00000000   Number         0  iusefp.o ABSOLUTE
    ../clib/microlib/stubs.s                 0x00000000   Number         0  iusesemip.o ABSOLUTE
    ../fplib/microlib/fpadd.c                0x00000000   Number         0  dadd.o ABSOLUTE
    ../fplib/microlib/fpdiv.c                0x00000000   Number         0  ddiv.o ABSOLUTE
    ../fplib/microlib/fpepilogue.c           0x00000000   Number         0  depilogue.o ABSOLUTE
    ../fplib/microlib/fpfix.c                0x00000000   Number         0  dfixul.o ABSOLUTE
    ../fplib/microlib/fpmul.c                0x00000000   Number         0  dmul.o ABSOLUTE
    ..\Drivers\STM32F4xx_HAL_Driver\Src\stm32f4xx_hal.c 0x00000000   Number         0  stm32f4xx_hal.o ABSOLUTE
    ..\Drivers\STM32F4xx_HAL_Driver\Src\stm32f4xx_hal_cortex.c 0x00000000   Number         0  stm32f4xx_hal_cortex.o ABSOLUTE
    ..\Drivers\STM32F4xx_HAL_Driver\Src\stm32f4xx_hal_dma.c 0x00000000   Number         0  stm32f4xx_hal_dma.o ABSOLUTE
    ..\Drivers\STM32F4xx_HAL_Driver\Src\stm32f4xx_hal_dma_ex.c 0x00000000   Number         0  stm32f4xx_hal_dma_ex.o ABSOLUTE
    ..\Drivers\STM32F4xx_HAL_Driver\Src\stm32f4xx_hal_exti.c 0x00000000   Number         0  stm32f4xx_hal_exti.o ABSOLUTE
    ..\Drivers\STM32F4xx_HAL_Driver\Src\stm32f4xx_hal_flash.c 0x00000000   Number         0  stm32f4xx_hal_flash.o ABSOLUTE
    ..\Drivers\STM32F4xx_HAL_Driver\Src\stm32f4xx_hal_flash_ex.c 0x00000000   Number         0  stm32f4xx_hal_flash_ex.o ABSOLUTE
    ..\Drivers\STM32F4xx_HAL_Driver\Src\stm32f4xx_hal_flash_ramfunc.c 0x00000000   Number         0  stm32f4xx_hal_flash_ramfunc.o ABSOLUTE
    ..\Drivers\STM32F4xx_HAL_Driver\Src\stm32f4xx_hal_gpio.c 0x00000000   Number         0  stm32f4xx_hal_gpio.o ABSOLUTE
    ..\Drivers\STM32F4xx_HAL_Driver\Src\stm32f4xx_hal_pwr.c 0x00000000   Number         0  stm32f4xx_hal_pwr.o ABSOLUTE
    ..\Drivers\STM32F4xx_HAL_Driver\Src\stm32f4xx_hal_pwr_ex.c 0x00000000   Number         0  stm32f4xx_hal_pwr_ex.o ABSOLUTE
    ..\Drivers\STM32F4xx_HAL_Driver\Src\stm32f4xx_hal_rcc.c 0x00000000   Number         0  stm32f4xx_hal_rcc.o ABSOLUTE
    ..\Drivers\STM32F4xx_HAL_Driver\Src\stm32f4xx_hal_rcc_ex.c 0x00000000   Number         0  stm32f4xx_hal_rcc_ex.o ABSOLUTE
    ..\Drivers\STM32F4xx_HAL_Driver\Src\stm32f4xx_hal_sd.c 0x00000000   Number         0  stm32f4xx_hal_sd.o ABSOLUTE
    ..\Drivers\STM32F4xx_HAL_Driver\Src\stm32f4xx_hal_tim.c 0x00000000   Number         0  stm32f4xx_hal_tim.o ABSOLUTE
    ..\Drivers\STM32F4xx_HAL_Driver\Src\stm32f4xx_hal_tim_ex.c 0x00000000   Number         0  stm32f4xx_hal_tim_ex.o ABSOLUTE
    ..\Drivers\STM32F4xx_HAL_Driver\Src\stm32f4xx_hal_uart.c 0x00000000   Number         0  stm32f4xx_hal_uart.o ABSOLUTE
    ..\Drivers\STM32F4xx_HAL_Driver\Src\stm32f4xx_ll_sdmmc.c 0x00000000   Number         0  stm32f4xx_ll_sdmmc.o ABSOLUTE
    ..\Src\dma.c                             0x00000000   Number         0  dma.o ABSOLUTE
    ..\Src\gpio.c                            0x00000000   Number         0  gpio.o ABSOLUTE
    ..\Src\main.c                            0x00000000   Number         0  main.o ABSOLUTE
    ..\Src\my_printf.c                       0x00000000   Number         0  my_printf.o ABSOLUTE
    ..\Src\sdio.c                            0x00000000   Number         0  sdio.o ABSOLUTE
    ..\Src\stm32f4xx_hal_msp.c               0x00000000   Number         0  stm32f4xx_hal_msp.o ABSOLUTE
    ..\Src\stm32f4xx_it.c                    0x00000000   Number         0  stm32f4xx_it.o ABSOLUTE
    ..\Src\system_stm32f4xx.c                0x00000000   Number         0  system_stm32f4xx.o ABSOLUTE
    ..\Src\tim.c                             0x00000000   Number         0  tim.o ABSOLUTE
    ..\Src\usart.c                           0x00000000   Number         0  usart.o ABSOLUTE
    ..\\Src\\my_printf.c                     0x00000000   Number         0  my_printf.o ABSOLUTE
    cdrcmple.s                               0x00000000   Number         0  cdrcmple.o ABSOLUTE
    dc.s                                     0x00000000   Number         0  dc.o ABSOLUTE
    handlers.s                               0x00000000   Number         0  handlers.o ABSOLUTE
    init.s                                   0x00000000   Number         0  init.o ABSOLUTE
    startup_stm32f427xx.s                    0x00000000   Number         0  startup_stm32f427xx.o ABSOLUTE
    RESET                                    0x08000000   Section      428  startup_stm32f427xx.o(RESET)
    .ARM.Collect$$$$00000000                 0x080001ac   Section        0  entry.o(.ARM.Collect$$$$00000000)
    .ARM.Collect$$$$00000001                 0x080001ac   Section        4  entry2.o(.ARM.Collect$$$$00000001)
    .ARM.Collect$$$$00000004                 0x080001b0   Section        4  entry5.o(.ARM.Collect$$$$00000004)
    .ARM.Collect$$$$00000008                 0x080001b4   Section        0  entry7b.o(.ARM.Collect$$$$00000008)
    .ARM.Collect$$$$0000000A                 0x080001b4   Section        0  entry8b.o(.ARM.Collect$$$$0000000A)
    .ARM.Collect$$$$0000000B                 0x080001b4   Section        8  entry9a.o(.ARM.Collect$$$$0000000B)
    .ARM.Collect$$$$0000000D                 0x080001bc   Section        0  entry10a.o(.ARM.Collect$$$$0000000D)
    .ARM.Collect$$$$0000000F                 0x080001bc   Section        0  entry11a.o(.ARM.Collect$$$$0000000F)
    .ARM.Collect$$$$00002712                 0x080001bc   Section        4  entry2.o(.ARM.Collect$$$$00002712)
    __lit__00000000                          0x080001bc   Data           4  entry2.o(.ARM.Collect$$$$00002712)
    .text                                    0x080001c0   Section       36  startup_stm32f427xx.o(.text)
    $v0                                      0x080001c0   Number         0  startup_stm32f427xx.o(.text)
    .text                                    0x080001e4   Section        0  uldiv.o(.text)
    .text                                    0x08000246   Section        0  memseta.o(.text)
    .text                                    0x0800026a   Section        0  strlen.o(.text)
    .text                                    0x08000278   Section        0  uidiv.o(.text)
    .text                                    0x080002a4   Section        0  llshl.o(.text)
    .text                                    0x080002c2   Section        0  llushr.o(.text)
    .text                                    0x080002e2   Section        0  iusefp.o(.text)
    .text                                    0x080002e2   Section        0  dadd.o(.text)
    .text                                    0x08000430   Section        0  dmul.o(.text)
    .text                                    0x08000514   Section        0  ddiv.o(.text)
    .text                                    0x080005f2   Section        0  dfixul.o(.text)
    .text                                    0x08000624   Section       48  cdrcmple.o(.text)
    .text                                    0x08000654   Section       36  init.o(.text)
    .text                                    0x08000678   Section        0  llsshr.o(.text)
    .text                                    0x0800069c   Section        0  depilogue.o(.text)
    i.BusFault_Handler                       0x08000756   Section        0  stm32f4xx_it.o(i.BusFault_Handler)
    i.DBG_My_Printf                          0x0800075c   Section        0  my_printf.o(i.DBG_My_Printf)
    DBG_My_Printf                            0x0800075d   Thumb Code    18  my_printf.o(i.DBG_My_Printf)
    i.DBG_Print                              0x08000774   Section        0  my_printf.o(i.DBG_Print)
    i.DMA2_Stream3_IRQHandler                0x080007d4   Section        0  stm32f4xx_it.o(i.DMA2_Stream3_IRQHandler)
    i.DMA2_Stream6_IRQHandler                0x080007f0   Section        0  stm32f4xx_it.o(i.DMA2_Stream6_IRQHandler)
    i.DMA2_Stream7_IRQHandler                0x0800080c   Section        0  stm32f4xx_it.o(i.DMA2_Stream7_IRQHandler)
    i.DMA_CalcBaseAndBitshift                0x08000828   Section        0  stm32f4xx_hal_dma.o(i.DMA_CalcBaseAndBitshift)
    DMA_CalcBaseAndBitshift                  0x08000829   Thumb Code    46  stm32f4xx_hal_dma.o(i.DMA_CalcBaseAndBitshift)
    i.DMA_CheckFifoParam                     0x0800085c   Section        0  stm32f4xx_hal_dma.o(i.DMA_CheckFifoParam)
    DMA_CheckFifoParam                       0x0800085d   Thumb Code   170  stm32f4xx_hal_dma.o(i.DMA_CheckFifoParam)
    i.DMA_SetConfig                          0x08000906   Section        0  stm32f4xx_hal_dma.o(i.DMA_SetConfig)
    DMA_SetConfig                            0x08000907   Thumb Code    44  stm32f4xx_hal_dma.o(i.DMA_SetConfig)
    i.DebugMon_Handler                       0x08000932   Section        0  stm32f4xx_it.o(i.DebugMon_Handler)
    i.Error_Handler                          0x08000934   Section        0  main.o(i.Error_Handler)
    i.HAL_DMA_Abort_IT                       0x08000936   Section        0  stm32f4xx_hal_dma.o(i.HAL_DMA_Abort_IT)
    i.HAL_DMA_GetError                       0x0800095e   Section        0  stm32f4xx_hal_dma.o(i.HAL_DMA_GetError)
    i.HAL_DMA_IRQHandler                     0x08000964   Section        0  stm32f4xx_hal_dma.o(i.HAL_DMA_IRQHandler)
    i.HAL_DMA_Init                           0x08000ba4   Section        0  stm32f4xx_hal_dma.o(i.HAL_DMA_Init)
    i.HAL_DMA_Start_IT                       0x08000c90   Section        0  stm32f4xx_hal_dma.o(i.HAL_DMA_Start_IT)
    i.HAL_Delay                              0x08000d24   Section        0  stm32f4xx_hal.o(i.HAL_Delay)
    i.HAL_GPIO_Init                          0x08000d4c   Section        0  stm32f4xx_hal_gpio.o(i.HAL_GPIO_Init)
    i.HAL_GPIO_TogglePin                     0x08000f68   Section        0  stm32f4xx_hal_gpio.o(i.HAL_GPIO_TogglePin)
    i.HAL_GPIO_WritePin                      0x08000f7a   Section        0  stm32f4xx_hal_gpio.o(i.HAL_GPIO_WritePin)
    i.HAL_GetTick                            0x08000f88   Section        0  stm32f4xx_hal.o(i.HAL_GetTick)
    i.HAL_IncTick                            0x08000f94   Section        0  stm32f4xx_hal.o(i.HAL_IncTick)
    i.HAL_Init                               0x08000fac   Section        0  stm32f4xx_hal.o(i.HAL_Init)
    i.HAL_InitTick                           0x08000fe8   Section        0  stm32f4xx_hal.o(i.HAL_InitTick)
    i.HAL_MspInit                            0x08001034   Section        0  stm32f4xx_hal_msp.o(i.HAL_MspInit)
    i.HAL_NVIC_EnableIRQ                     0x0800107c   Section        0  stm32f4xx_hal_cortex.o(i.HAL_NVIC_EnableIRQ)
    i.HAL_NVIC_SetPriority                   0x0800109c   Section        0  stm32f4xx_hal_cortex.o(i.HAL_NVIC_SetPriority)
    i.HAL_NVIC_SetPriorityGrouping           0x08001118   Section        0  stm32f4xx_hal_cortex.o(i.HAL_NVIC_SetPriorityGrouping)
    i.HAL_PWREx_EnableOverDrive              0x08001140   Section        0  stm32f4xx_hal_pwr_ex.o(i.HAL_PWREx_EnableOverDrive)
    i.HAL_RCC_ClockConfig                    0x080011cc   Section        0  stm32f4xx_hal_rcc.o(i.HAL_RCC_ClockConfig)
    i.HAL_RCC_GetHCLKFreq                    0x08001350   Section        0  stm32f4xx_hal_rcc.o(i.HAL_RCC_GetHCLKFreq)
    i.HAL_RCC_GetPCLK1Freq                   0x0800135c   Section        0  stm32f4xx_hal_rcc.o(i.HAL_RCC_GetPCLK1Freq)
    i.HAL_RCC_GetPCLK2Freq                   0x0800137c   Section        0  stm32f4xx_hal_rcc.o(i.HAL_RCC_GetPCLK2Freq)
    i.HAL_RCC_GetSysClockFreq                0x0800139c   Section        0  stm32f4xx_hal_rcc.o(i.HAL_RCC_GetSysClockFreq)
    i.HAL_RCC_OscConfig                      0x0800144c   Section        0  stm32f4xx_hal_rcc.o(i.HAL_RCC_OscConfig)
    i.HAL_SD_AbortCallback                   0x080018d4   Section        0  stm32f4xx_hal_sd.o(i.HAL_SD_AbortCallback)
    i.HAL_SD_ConfigWideBusOperation          0x080018d8   Section        0  stm32f4xx_hal_sd.o(i.HAL_SD_ConfigWideBusOperation)
    i.HAL_SD_ErrorCallback                   0x08001980   Section        0  stm32f4xx_hal_sd.o(i.HAL_SD_ErrorCallback)
    i.HAL_SD_GetCardCSD                      0x08001984   Section        0  stm32f4xx_hal_sd.o(i.HAL_SD_GetCardCSD)
    i.HAL_SD_GetCardState                    0x08001b4c   Section        0  stm32f4xx_hal_sd.o(i.HAL_SD_GetCardState)
    i.HAL_SD_IRQHandler                      0x08001b70   Section        0  stm32f4xx_hal_sd.o(i.HAL_SD_IRQHandler)
    i.HAL_SD_Init                            0x08001d8c   Section        0  stm32f4xx_hal_sd.o(i.HAL_SD_Init)
    i.HAL_SD_InitCard                        0x08001dc8   Section        0  stm32f4xx_hal_sd.o(i.HAL_SD_InitCard)
    i.HAL_SD_MspInit                         0x08001e4c   Section        0  sdio.o(i.HAL_SD_MspInit)
    i.HAL_SD_ReadBlocks_DMA                  0x08001fdc   Section        0  stm32f4xx_hal_sd.o(i.HAL_SD_ReadBlocks_DMA)
    i.HAL_SD_RxCpltCallback                  0x08002130   Section        0  sdio.o(i.HAL_SD_RxCpltCallback)
    i.HAL_SD_TxCpltCallback                  0x0800213c   Section        0  sdio.o(i.HAL_SD_TxCpltCallback)
    i.HAL_SD_WriteBlocks_DMA                 0x08002148   Section        0  stm32f4xx_hal_sd.o(i.HAL_SD_WriteBlocks_DMA)
    i.HAL_SYSTICK_Config                     0x080022a0   Section        0  stm32f4xx_hal_cortex.o(i.HAL_SYSTICK_Config)
    i.HAL_TIMEx_BreakCallback                0x080022d4   Section        0  stm32f4xx_hal_tim_ex.o(i.HAL_TIMEx_BreakCallback)
    i.HAL_TIMEx_CommutCallback               0x080022d6   Section        0  stm32f4xx_hal_tim_ex.o(i.HAL_TIMEx_CommutCallback)
    i.HAL_TIMEx_MasterConfigSynchronization  0x080022d8   Section        0  stm32f4xx_hal_tim_ex.o(i.HAL_TIMEx_MasterConfigSynchronization)
    i.HAL_TIM_Base_Init                      0x0800238c   Section        0  stm32f4xx_hal_tim.o(i.HAL_TIM_Base_Init)
    i.HAL_TIM_Base_MspInit                   0x080023c0   Section        0  tim.o(i.HAL_TIM_Base_MspInit)
    i.HAL_TIM_ConfigClockSource              0x08002408   Section        0  stm32f4xx_hal_tim.o(i.HAL_TIM_ConfigClockSource)
    i.HAL_TIM_IC_CaptureCallback             0x08002510   Section        0  stm32f4xx_hal_tim.o(i.HAL_TIM_IC_CaptureCallback)
    i.HAL_TIM_IRQHandler                     0x08002512   Section        0  stm32f4xx_hal_tim.o(i.HAL_TIM_IRQHandler)
    i.HAL_TIM_OC_DelayElapsedCallback        0x080026a8   Section        0  stm32f4xx_hal_tim.o(i.HAL_TIM_OC_DelayElapsedCallback)
    i.HAL_TIM_PWM_PulseFinishedCallback      0x080026aa   Section        0  stm32f4xx_hal_tim.o(i.HAL_TIM_PWM_PulseFinishedCallback)
    i.HAL_TIM_PeriodElapsedCallback          0x080026ac   Section        0  main.o(i.HAL_TIM_PeriodElapsedCallback)
    i.HAL_TIM_TriggerCallback                0x080026c0   Section        0  stm32f4xx_hal_tim.o(i.HAL_TIM_TriggerCallback)
    i.HAL_UART_ErrorCallback                 0x080026c2   Section        0  stm32f4xx_hal_uart.o(i.HAL_UART_ErrorCallback)
    i.HAL_UART_IRQHandler                    0x080026c4   Section        0  stm32f4xx_hal_uart.o(i.HAL_UART_IRQHandler)
    i.HAL_UART_Init                          0x08002818   Section        0  stm32f4xx_hal_uart.o(i.HAL_UART_Init)
    i.HAL_UART_MspInit                       0x0800288c   Section        0  usart.o(i.HAL_UART_MspInit)
    i.HAL_UART_RxCpltCallback                0x08002970   Section        0  stm32f4xx_hal_uart.o(i.HAL_UART_RxCpltCallback)
    i.HAL_UART_Transmit_DMA                  0x08002974   Section        0  stm32f4xx_hal_uart.o(i.HAL_UART_Transmit_DMA)
    i.HAL_UART_TxCpltCallback                0x08002a10   Section        0  stm32f4xx_hal_uart.o(i.HAL_UART_TxCpltCallback)
    i.HAL_UART_TxHalfCpltCallback            0x08002a12   Section        0  stm32f4xx_hal_uart.o(i.HAL_UART_TxHalfCpltCallback)
    i.HardFault_Handler                      0x08002a14   Section        0  stm32f4xx_it.o(i.HardFault_Handler)
    i.MX_DMA_Init                            0x08002a18   Section        0  dma.o(i.MX_DMA_Init)
    i.MX_GPIO_Init                           0x08002a70   Section        0  gpio.o(i.MX_GPIO_Init)
    i.MX_SDIO_SD_Init                        0x08002b28   Section        0  sdio.o(i.MX_SDIO_SD_Init)
    i.MX_TIM1_Init                           0x08002b68   Section        0  tim.o(i.MX_TIM1_Init)
    i.MX_USART1_UART_Init                    0x08002bd8   Section        0  usart.o(i.MX_USART1_UART_Init)
    i.MemManage_Handler                      0x08002c10   Section        0  stm32f4xx_it.o(i.MemManage_Handler)
    i.NMI_Handler                            0x08002c14   Section        0  stm32f4xx_it.o(i.NMI_Handler)
    i.PendSV_Handler                         0x08002c16   Section        0  stm32f4xx_it.o(i.PendSV_Handler)
    i.SDIO_ConfigData                        0x08002c18   Section        0  stm32f4xx_ll_sdmmc.o(i.SDIO_ConfigData)
    i.SDIO_GetCardState                      0x08002c44   Section        0  sdio.o(i.SDIO_GetCardState)
    i.SDIO_GetCommandResponse                0x08002c5c   Section        0  stm32f4xx_ll_sdmmc.o(i.SDIO_GetCommandResponse)
    i.SDIO_GetPowerState                     0x08002c64   Section        0  stm32f4xx_ll_sdmmc.o(i.SDIO_GetPowerState)
    i.SDIO_GetResponse                       0x08002c6e   Section        0  stm32f4xx_ll_sdmmc.o(i.SDIO_GetResponse)
    i.SDIO_IRQHandler                        0x08002c7c   Section        0  stm32f4xx_it.o(i.SDIO_IRQHandler)
    i.SDIO_Init                              0x08002c98   Section        0  stm32f4xx_ll_sdmmc.o(i.SDIO_Init)
    i.SDIO_PowerState_ON                     0x08002ccc   Section        0  stm32f4xx_ll_sdmmc.o(i.SDIO_PowerState_ON)
    i.SDIO_ReadFIFO                          0x08002cde   Section        0  stm32f4xx_ll_sdmmc.o(i.SDIO_ReadFIFO)
    i.SDIO_Read_Sector                       0x08002ce8   Section        0  sdio.o(i.SDIO_Read_Sector)
    i.SDIO_SendCommand                       0x08002d28   Section        0  stm32f4xx_ll_sdmmc.o(i.SDIO_SendCommand)
    i.SDIO_ShowInfo                          0x08002d50   Section        0  sdio.o(i.SDIO_ShowInfo)
    i.SDIO_WaitReady                         0x08002eec   Section        0  sdio.o(i.SDIO_WaitReady)
    i.SDIO_WriteFIFO                         0x08002f54   Section        0  stm32f4xx_ll_sdmmc.o(i.SDIO_WriteFIFO)
    i.SDIO_Write_Sector                      0x08002f60   Section        0  sdio.o(i.SDIO_Write_Sector)
    i.SDMMC_CmdAppCommand                    0x08002fa0   Section        0  stm32f4xx_ll_sdmmc.o(i.SDMMC_CmdAppCommand)
    i.SDMMC_CmdAppOperCommand                0x08002fd8   Section        0  stm32f4xx_ll_sdmmc.o(i.SDMMC_CmdAppOperCommand)
    i.SDMMC_CmdBlockLength                   0x08003014   Section        0  stm32f4xx_ll_sdmmc.o(i.SDMMC_CmdBlockLength)
    i.SDMMC_CmdBusWidth                      0x0800304c   Section        0  stm32f4xx_ll_sdmmc.o(i.SDMMC_CmdBusWidth)
    i.SDMMC_CmdGoIdleState                   0x08003084   Section        0  stm32f4xx_ll_sdmmc.o(i.SDMMC_CmdGoIdleState)
    i.SDMMC_CmdOperCond                      0x080030b0   Section        0  stm32f4xx_ll_sdmmc.o(i.SDMMC_CmdOperCond)
    i.SDMMC_CmdReadMultiBlock                0x080030e4   Section        0  stm32f4xx_ll_sdmmc.o(i.SDMMC_CmdReadMultiBlock)
    i.SDMMC_CmdReadSingleBlock               0x0800311c   Section        0  stm32f4xx_ll_sdmmc.o(i.SDMMC_CmdReadSingleBlock)
    i.SDMMC_CmdSelDesel                      0x08003154   Section        0  stm32f4xx_ll_sdmmc.o(i.SDMMC_CmdSelDesel)
    i.SDMMC_CmdSendCID                       0x0800318e   Section        0  stm32f4xx_ll_sdmmc.o(i.SDMMC_CmdSendCID)
    i.SDMMC_CmdSendCSD                       0x080031c0   Section        0  stm32f4xx_ll_sdmmc.o(i.SDMMC_CmdSendCSD)
    i.SDMMC_CmdSendSCR                       0x080031f2   Section        0  stm32f4xx_ll_sdmmc.o(i.SDMMC_CmdSendSCR)
    i.SDMMC_CmdSendStatus                    0x0800322a   Section        0  stm32f4xx_ll_sdmmc.o(i.SDMMC_CmdSendStatus)
    i.SDMMC_CmdSetRelAdd                     0x08003262   Section        0  stm32f4xx_ll_sdmmc.o(i.SDMMC_CmdSetRelAdd)
    i.SDMMC_CmdStopTransfer                  0x0800329c   Section        0  stm32f4xx_ll_sdmmc.o(i.SDMMC_CmdStopTransfer)
    i.SDMMC_CmdWriteMultiBlock               0x080032d8   Section        0  stm32f4xx_ll_sdmmc.o(i.SDMMC_CmdWriteMultiBlock)
    i.SDMMC_CmdWriteSingleBlock              0x08003310   Section        0  stm32f4xx_ll_sdmmc.o(i.SDMMC_CmdWriteSingleBlock)
    i.SDMMC_GetCmdError                      0x08003348   Section        0  stm32f4xx_ll_sdmmc.o(i.SDMMC_GetCmdError)
    SDMMC_GetCmdError                        0x08003349   Thumb Code    58  stm32f4xx_ll_sdmmc.o(i.SDMMC_GetCmdError)
    i.SDMMC_GetCmdResp1                      0x08003388   Section        0  stm32f4xx_ll_sdmmc.o(i.SDMMC_GetCmdResp1)
    SDMMC_GetCmdResp1                        0x08003389   Thumb Code   418  stm32f4xx_ll_sdmmc.o(i.SDMMC_GetCmdResp1)
    i.SDMMC_GetCmdResp2                      0x08003534   Section        0  stm32f4xx_ll_sdmmc.o(i.SDMMC_GetCmdResp2)
    SDMMC_GetCmdResp2                        0x08003535   Thumb Code    96  stm32f4xx_ll_sdmmc.o(i.SDMMC_GetCmdResp2)
    i.SDMMC_GetCmdResp3                      0x08003598   Section        0  stm32f4xx_ll_sdmmc.o(i.SDMMC_GetCmdResp3)
    SDMMC_GetCmdResp3                        0x08003599   Thumb Code    82  stm32f4xx_ll_sdmmc.o(i.SDMMC_GetCmdResp3)
    i.SDMMC_GetCmdResp6                      0x080035f0   Section        0  stm32f4xx_ll_sdmmc.o(i.SDMMC_GetCmdResp6)
    SDMMC_GetCmdResp6                        0x080035f1   Thumb Code   180  stm32f4xx_ll_sdmmc.o(i.SDMMC_GetCmdResp6)
    i.SDMMC_GetCmdResp7                      0x080036a8   Section        0  stm32f4xx_ll_sdmmc.o(i.SDMMC_GetCmdResp7)
    SDMMC_GetCmdResp7                        0x080036a9   Thumb Code   104  stm32f4xx_ll_sdmmc.o(i.SDMMC_GetCmdResp7)
    i.SD_DMAError                            0x08003714   Section        0  stm32f4xx_hal_sd.o(i.SD_DMAError)
    SD_DMAError                              0x08003715   Thumb Code   112  stm32f4xx_hal_sd.o(i.SD_DMAError)
    i.SD_DMAReceiveCplt                      0x08003788   Section        0  stm32f4xx_hal_sd.o(i.SD_DMAReceiveCplt)
    SD_DMAReceiveCplt                        0x08003789   Thumb Code    72  stm32f4xx_hal_sd.o(i.SD_DMAReceiveCplt)
    i.SD_DMARxAbort                          0x080037d0   Section        0  stm32f4xx_hal_sd.o(i.SD_DMARxAbort)
    SD_DMARxAbort                            0x080037d1   Thumb Code    72  stm32f4xx_hal_sd.o(i.SD_DMARxAbort)
    i.SD_DMATransmitCplt                     0x08003818   Section        0  stm32f4xx_hal_sd.o(i.SD_DMATransmitCplt)
    SD_DMATransmitCplt                       0x08003819   Thumb Code    18  stm32f4xx_hal_sd.o(i.SD_DMATransmitCplt)
    i.SD_DMATxAbort                          0x0800382a   Section        0  stm32f4xx_hal_sd.o(i.SD_DMATxAbort)
    SD_DMATxAbort                            0x0800382b   Thumb Code    72  stm32f4xx_hal_sd.o(i.SD_DMATxAbort)
    i.SD_FindSCR                             0x08003872   Section        0  stm32f4xx_hal_sd.o(i.SD_FindSCR)
    SD_FindSCR                               0x08003873   Thumb Code   308  stm32f4xx_hal_sd.o(i.SD_FindSCR)
    i.SD_InitCard                            0x080039a6   Section        0  stm32f4xx_hal_sd.o(i.SD_InitCard)
    SD_InitCard                              0x080039a7   Thumb Code   258  stm32f4xx_hal_sd.o(i.SD_InitCard)
    i.SD_PowerON                             0x08003aa8   Section        0  stm32f4xx_hal_sd.o(i.SD_PowerON)
    SD_PowerON                               0x08003aa9   Thumb Code   198  stm32f4xx_hal_sd.o(i.SD_PowerON)
    i.SD_Read_IT                             0x08003b74   Section        0  stm32f4xx_hal_sd.o(i.SD_Read_IT)
    SD_Read_IT                               0x08003b75   Thumb Code    74  stm32f4xx_hal_sd.o(i.SD_Read_IT)
    i.SD_SendStatus                          0x08003bbe   Section        0  stm32f4xx_hal_sd.o(i.SD_SendStatus)
    SD_SendStatus                            0x08003bbf   Thumb Code    48  stm32f4xx_hal_sd.o(i.SD_SendStatus)
    i.SD_WideBus_Disable                     0x08003bee   Section        0  stm32f4xx_hal_sd.o(i.SD_WideBus_Disable)
    SD_WideBus_Disable                       0x08003bef   Thumb Code   104  stm32f4xx_hal_sd.o(i.SD_WideBus_Disable)
    i.SD_WideBus_Enable                      0x08003c56   Section        0  stm32f4xx_hal_sd.o(i.SD_WideBus_Enable)
    SD_WideBus_Enable                        0x08003c57   Thumb Code   104  stm32f4xx_hal_sd.o(i.SD_WideBus_Enable)
    i.SD_Write_IT                            0x08003cbe   Section        0  stm32f4xx_hal_sd.o(i.SD_Write_IT)
    SD_Write_IT                              0x08003cbf   Thumb Code    84  stm32f4xx_hal_sd.o(i.SD_Write_IT)
    i.SVC_Handler                            0x08003d12   Section        0  stm32f4xx_it.o(i.SVC_Handler)
    i.SysTick_Handler                        0x08003d14   Section        0  stm32f4xx_it.o(i.SysTick_Handler)
    i.SystemClock_Config                     0x08003d1c   Section        0  main.o(i.SystemClock_Config)
    i.SystemInit                             0x08003ddc   Section        0  system_stm32f4xx.o(i.SystemInit)
    i.TIM1_UP_TIM10_IRQHandler               0x08003df8   Section        0  stm32f4xx_it.o(i.TIM1_UP_TIM10_IRQHandler)
    i.TIM_Base_SetConfig                     0x08003e08   Section        0  stm32f4xx_hal_tim.o(i.TIM_Base_SetConfig)
    i.TIM_ETR_SetConfig                      0x08003ee0   Section        0  stm32f4xx_hal_tim.o(i.TIM_ETR_SetConfig)
    i.TIM_ITRx_SetConfig                     0x08003ef6   Section        0  stm32f4xx_hal_tim.o(i.TIM_ITRx_SetConfig)
    TIM_ITRx_SetConfig                       0x08003ef7   Thumb Code    18  stm32f4xx_hal_tim.o(i.TIM_ITRx_SetConfig)
    i.TIM_TI1_ConfigInputStage               0x08003f08   Section        0  stm32f4xx_hal_tim.o(i.TIM_TI1_ConfigInputStage)
    TIM_TI1_ConfigInputStage                 0x08003f09   Thumb Code    38  stm32f4xx_hal_tim.o(i.TIM_TI1_ConfigInputStage)
    i.TIM_TI2_ConfigInputStage               0x08003f2e   Section        0  stm32f4xx_hal_tim.o(i.TIM_TI2_ConfigInputStage)
    TIM_TI2_ConfigInputStage                 0x08003f2f   Thumb Code    40  stm32f4xx_hal_tim.o(i.TIM_TI2_ConfigInputStage)
    i.UART_DMAAbortOnError                   0x08003f56   Section        0  stm32f4xx_hal_uart.o(i.UART_DMAAbortOnError)
    UART_DMAAbortOnError                     0x08003f57   Thumb Code    20  stm32f4xx_hal_uart.o(i.UART_DMAAbortOnError)
    i.UART_DMAError                          0x08003f6a   Section        0  stm32f4xx_hal_uart.o(i.UART_DMAError)
    UART_DMAError                            0x08003f6b   Thumb Code    80  stm32f4xx_hal_uart.o(i.UART_DMAError)
    i.UART_DMATransmitCplt                   0x08003fba   Section        0  stm32f4xx_hal_uart.o(i.UART_DMATransmitCplt)
    UART_DMATransmitCplt                     0x08003fbb   Thumb Code    54  stm32f4xx_hal_uart.o(i.UART_DMATransmitCplt)
    i.UART_DMATxHalfCplt                     0x08003ff0   Section        0  stm32f4xx_hal_uart.o(i.UART_DMATxHalfCplt)
    UART_DMATxHalfCplt                       0x08003ff1   Thumb Code    14  stm32f4xx_hal_uart.o(i.UART_DMATxHalfCplt)
    i.UART_EndRxTransfer                     0x08003ffe   Section        0  stm32f4xx_hal_uart.o(i.UART_EndRxTransfer)
    UART_EndRxTransfer                       0x08003fff   Thumb Code    32  stm32f4xx_hal_uart.o(i.UART_EndRxTransfer)
    i.UART_EndTransmit_IT                    0x0800401e   Section        0  stm32f4xx_hal_uart.o(i.UART_EndTransmit_IT)
    UART_EndTransmit_IT                      0x0800401f   Thumb Code    32  stm32f4xx_hal_uart.o(i.UART_EndTransmit_IT)
    i.UART_EndTxTransfer                     0x0800403e   Section        0  stm32f4xx_hal_uart.o(i.UART_EndTxTransfer)
    UART_EndTxTransfer                       0x0800403f   Thumb Code    20  stm32f4xx_hal_uart.o(i.UART_EndTxTransfer)
    i.UART_Receive_IT                        0x08004052   Section        0  stm32f4xx_hal_uart.o(i.UART_Receive_IT)
    UART_Receive_IT                          0x08004053   Thumb Code   166  stm32f4xx_hal_uart.o(i.UART_Receive_IT)
    i.UART_SetConfig                         0x080040f8   Section        0  stm32f4xx_hal_uart.o(i.UART_SetConfig)
    UART_SetConfig                           0x080040f9   Thumb Code   992  stm32f4xx_hal_uart.o(i.UART_SetConfig)
    i.UART_Transmit_IT                       0x080044e0   Section        0  stm32f4xx_hal_uart.o(i.UART_Transmit_IT)
    UART_Transmit_IT                         0x080044e1   Thumb Code   104  stm32f4xx_hal_uart.o(i.UART_Transmit_IT)
    i.USART1_IRQHandler                      0x08004548   Section        0  stm32f4xx_it.o(i.USART1_IRQHandler)
    i.UsageFault_Handler                     0x08004564   Section        0  stm32f4xx_it.o(i.UsageFault_Handler)
    i.__0vsnprintf                           0x08004568   Section        0  printfa.o(i.__0vsnprintf)
    i.__NVIC_GetPriorityGrouping             0x08004594   Section        0  stm32f4xx_hal_cortex.o(i.__NVIC_GetPriorityGrouping)
    __NVIC_GetPriorityGrouping               0x08004595   Thumb Code    10  stm32f4xx_hal_cortex.o(i.__NVIC_GetPriorityGrouping)
    i.__NVIC_SetPriority                     0x080045a4   Section        0  stm32f4xx_hal_cortex.o(i.__NVIC_SetPriority)
    __NVIC_SetPriority                       0x080045a5   Thumb Code    32  stm32f4xx_hal_cortex.o(i.__NVIC_SetPriority)
    i.__scatterload_copy                     0x080045cc   Section       14  handlers.o(i.__scatterload_copy)
    i.__scatterload_null                     0x080045da   Section        2  handlers.o(i.__scatterload_null)
    i.__scatterload_zeroinit                 0x080045dc   Section       14  handlers.o(i.__scatterload_zeroinit)
    i._fp_digits                             0x080045ec   Section        0  printfa.o(i._fp_digits)
    _fp_digits                               0x080045ed   Thumb Code   366  printfa.o(i._fp_digits)
    i._printf_core                           0x08004770   Section        0  printfa.o(i._printf_core)
    _printf_core                             0x08004771   Thumb Code  1744  printfa.o(i._printf_core)
    i._printf_post_padding                   0x08004e4c   Section        0  printfa.o(i._printf_post_padding)
    _printf_post_padding                     0x08004e4d   Thumb Code    36  printfa.o(i._printf_post_padding)
    i._printf_pre_padding                    0x08004e70   Section        0  printfa.o(i._printf_pre_padding)
    _printf_pre_padding                      0x08004e71   Thumb Code    46  printfa.o(i._printf_pre_padding)
    i._snputc                                0x08004e9e   Section        0  printfa.o(i._snputc)
    _snputc                                  0x08004e9f   Thumb Code    22  printfa.o(i._snputc)
    i.main                                   0x08004eb4   Section        0  main.o(i.main)
    .constdata                               0x08004ffc   Section        8  stm32f4xx_hal_dma.o(.constdata)
    flagBitshiftOffset                       0x08004ffc   Data           8  stm32f4xx_hal_dma.o(.constdata)
    .constdata                               0x08005004   Section       24  system_stm32f4xx.o(.constdata)
    .data                                    0x20000000   Section        1  my_printf.o(.data)
    .data                                    0x20000001   Section        7  sdio.o(.data)
    WriteStatus                              0x20000001   Data           1  sdio.o(.data)
    ReadStatus                               0x20000002   Data           1  sdio.o(.data)
    state                                    0x20000003   Data           1  sdio.o(.data)
    state                                    0x20000004   Data           1  sdio.o(.data)
    state                                    0x20000005   Data           1  sdio.o(.data)
    state                                    0x20000006   Data           1  sdio.o(.data)
    state                                    0x20000007   Data           1  sdio.o(.data)
    .data                                    0x20000008   Section        9  stm32f4xx_hal.o(.data)
    .data                                    0x20000014   Section        4  system_stm32f4xx.o(.data)
    .bss                                     0x20000018   Section      836  sdio.o(.bss)
    cpy_buf                                  0x20000018   Data         512  sdio.o(.bss)
    .bss                                     0x2000035c   Section       64  tim.o(.bss)
    .bss                                     0x2000039c   Section      160  usart.o(.bss)
    .bss                                     0x2000043c   Section       40  stm32f4xx_it.o(.bss)
    STACK                                    0x20000468   Section     8192  startup_stm32f427xx.o(STACK)

    Global Symbols

    Symbol Name                              Value     Ov Type        Size  Object(Section)

    BuildAttributes$$THM_ISAv4$E$P$D$K$B$S$7EM$VFPi3$EXTD16$VFPS$VFMA$PE$A:L22UL41UL21$X:L11$S22US41US21$IEEE1$IW$USESV6$~STKCKD$USESV7$~SHL$OSPACE$ROPI$EBA8$MICROLIB$REQ8$PRES8$EABIv2 0x00000000   Number         0  anon$$obj.o ABSOLUTE
    __ARM_use_no_argv                        0x00000000   Number         0  main.o ABSOLUTE
    __cpp_initialize__aeabi_                  - Undefined Weak Reference
    __cxa_finalize                            - Undefined Weak Reference
    __decompress                              - Undefined Weak Reference
    _clock_init                               - Undefined Weak Reference
    _microlib_exit                            - Undefined Weak Reference
    __Vectors_Size                           0x000001ac   Number         0  startup_stm32f427xx.o ABSOLUTE
    __Vectors                                0x08000000   Data           4  startup_stm32f427xx.o(RESET)
    __Vectors_End                            0x080001ac   Data           0  startup_stm32f427xx.o(RESET)
    __main                                   0x080001ad   Thumb Code     0  entry.o(.ARM.Collect$$$$00000000)
    _main_stk                                0x080001ad   Thumb Code     0  entry2.o(.ARM.Collect$$$$00000001)
    _main_scatterload                        0x080001b1   Thumb Code     0  entry5.o(.ARM.Collect$$$$00000004)
    __main_after_scatterload                 0x080001b5   Thumb Code     0  entry5.o(.ARM.Collect$$$$00000004)
    _main_clock                              0x080001b5   Thumb Code     0  entry7b.o(.ARM.Collect$$$$00000008)
    _main_cpp_init                           0x080001b5   Thumb Code     0  entry8b.o(.ARM.Collect$$$$0000000A)
    _main_init                               0x080001b5   Thumb Code     0  entry9a.o(.ARM.Collect$$$$0000000B)
    __rt_final_cpp                           0x080001bd   Thumb Code     0  entry10a.o(.ARM.Collect$$$$0000000D)
    __rt_final_exit                          0x080001bd   Thumb Code     0  entry11a.o(.ARM.Collect$$$$0000000F)
    Reset_Handler                            0x080001c1   Thumb Code     8  startup_stm32f427xx.o(.text)
    ADC_IRQHandler                           0x080001db   Thumb Code     0  startup_stm32f427xx.o(.text)
    CAN1_RX0_IRQHandler                      0x080001db   Thumb Code     0  startup_stm32f427xx.o(.text)
    CAN1_RX1_IRQHandler                      0x080001db   Thumb Code     0  startup_stm32f427xx.o(.text)
    CAN1_SCE_IRQHandler                      0x080001db   Thumb Code     0  startup_stm32f427xx.o(.text)
    CAN1_TX_IRQHandler                       0x080001db   Thumb Code     0  startup_stm32f427xx.o(.text)
    CAN2_RX0_IRQHandler                      0x080001db   Thumb Code     0  startup_stm32f427xx.o(.text)
    CAN2_RX1_IRQHandler                      0x080001db   Thumb Code     0  startup_stm32f427xx.o(.text)
    CAN2_SCE_IRQHandler                      0x080001db   Thumb Code     0  startup_stm32f427xx.o(.text)
    CAN2_TX_IRQHandler                       0x080001db   Thumb Code     0  startup_stm32f427xx.o(.text)
    DCMI_IRQHandler                          0x080001db   Thumb Code     0  startup_stm32f427xx.o(.text)
    DMA1_Stream0_IRQHandler                  0x080001db   Thumb Code     0  startup_stm32f427xx.o(.text)
    DMA1_Stream1_IRQHandler                  0x080001db   Thumb Code     0  startup_stm32f427xx.o(.text)
    DMA1_Stream2_IRQHandler                  0x080001db   Thumb Code     0  startup_stm32f427xx.o(.text)
    DMA1_Stream3_IRQHandler                  0x080001db   Thumb Code     0  startup_stm32f427xx.o(.text)
    DMA1_Stream4_IRQHandler                  0x080001db   Thumb Code     0  startup_stm32f427xx.o(.text)
    DMA1_Stream5_IRQHandler                  0x080001db   Thumb Code     0  startup_stm32f427xx.o(.text)
    DMA1_Stream6_IRQHandler                  0x080001db   Thumb Code     0  startup_stm32f427xx.o(.text)
    DMA1_Stream7_IRQHandler                  0x080001db   Thumb Code     0  startup_stm32f427xx.o(.text)
    DMA2D_IRQHandler                         0x080001db   Thumb Code     0  startup_stm32f427xx.o(.text)
    DMA2_Stream0_IRQHandler                  0x080001db   Thumb Code     0  startup_stm32f427xx.o(.text)
    DMA2_Stream1_IRQHandler                  0x080001db   Thumb Code     0  startup_stm32f427xx.o(.text)
    DMA2_Stream2_IRQHandler                  0x080001db   Thumb Code     0  startup_stm32f427xx.o(.text)
    DMA2_Stream4_IRQHandler                  0x080001db   Thumb Code     0  startup_stm32f427xx.o(.text)
    DMA2_Stream5_IRQHandler                  0x080001db   Thumb Code     0  startup_stm32f427xx.o(.text)
    ETH_IRQHandler                           0x080001db   Thumb Code     0  startup_stm32f427xx.o(.text)
    ETH_WKUP_IRQHandler                      0x080001db   Thumb Code     0  startup_stm32f427xx.o(.text)
    EXTI0_IRQHandler                         0x080001db   Thumb Code     0  startup_stm32f427xx.o(.text)
    EXTI15_10_IRQHandler                     0x080001db   Thumb Code     0  startup_stm32f427xx.o(.text)
    EXTI1_IRQHandler                         0x080001db   Thumb Code     0  startup_stm32f427xx.o(.text)
    EXTI2_IRQHandler                         0x080001db   Thumb Code     0  startup_stm32f427xx.o(.text)
    EXTI3_IRQHandler                         0x080001db   Thumb Code     0  startup_stm32f427xx.o(.text)
    EXTI4_IRQHandler                         0x080001db   Thumb Code     0  startup_stm32f427xx.o(.text)
    EXTI9_5_IRQHandler                       0x080001db   Thumb Code     0  startup_stm32f427xx.o(.text)
    FLASH_IRQHandler                         0x080001db   Thumb Code     0  startup_stm32f427xx.o(.text)
    FMC_IRQHandler                           0x080001db   Thumb Code     0  startup_stm32f427xx.o(.text)
    FPU_IRQHandler                           0x080001db   Thumb Code     0  startup_stm32f427xx.o(.text)
    HASH_RNG_IRQHandler                      0x080001db   Thumb Code     0  startup_stm32f427xx.o(.text)
    I2C1_ER_IRQHandler                       0x080001db   Thumb Code     0  startup_stm32f427xx.o(.text)
    I2C1_EV_IRQHandler                       0x080001db   Thumb Code     0  startup_stm32f427xx.o(.text)
    I2C2_ER_IRQHandler                       0x080001db   Thumb Code     0  startup_stm32f427xx.o(.text)
    I2C2_EV_IRQHandler                       0x080001db   Thumb Code     0  startup_stm32f427xx.o(.text)
    I2C3_ER_IRQHandler                       0x080001db   Thumb Code     0  startup_stm32f427xx.o(.text)
    I2C3_EV_IRQHandler                       0x080001db   Thumb Code     0  startup_stm32f427xx.o(.text)
    OTG_FS_IRQHandler                        0x080001db   Thumb Code     0  startup_stm32f427xx.o(.text)
    OTG_FS_WKUP_IRQHandler                   0x080001db   Thumb Code     0  startup_stm32f427xx.o(.text)
    OTG_HS_EP1_IN_IRQHandler                 0x080001db   Thumb Code     0  startup_stm32f427xx.o(.text)
    OTG_HS_EP1_OUT_IRQHandler                0x080001db   Thumb Code     0  startup_stm32f427xx.o(.text)
    OTG_HS_IRQHandler                        0x080001db   Thumb Code     0  startup_stm32f427xx.o(.text)
    OTG_HS_WKUP_IRQHandler                   0x080001db   Thumb Code     0  startup_stm32f427xx.o(.text)
    PVD_IRQHandler                           0x080001db   Thumb Code     0  startup_stm32f427xx.o(.text)
    RCC_IRQHandler                           0x080001db   Thumb Code     0  startup_stm32f427xx.o(.text)
    RTC_Alarm_IRQHandler                     0x080001db   Thumb Code     0  startup_stm32f427xx.o(.text)
    RTC_WKUP_IRQHandler                      0x080001db   Thumb Code     0  startup_stm32f427xx.o(.text)
    SAI1_IRQHandler                          0x080001db   Thumb Code     0  startup_stm32f427xx.o(.text)
    SPI1_IRQHandler                          0x080001db   Thumb Code     0  startup_stm32f427xx.o(.text)
    SPI2_IRQHandler                          0x080001db   Thumb Code     0  startup_stm32f427xx.o(.text)
    SPI3_IRQHandler                          0x080001db   Thumb Code     0  startup_stm32f427xx.o(.text)
    SPI4_IRQHandler                          0x080001db   Thumb Code     0  startup_stm32f427xx.o(.text)
    SPI5_IRQHandler                          0x080001db   Thumb Code     0  startup_stm32f427xx.o(.text)
    SPI6_IRQHandler                          0x080001db   Thumb Code     0  startup_stm32f427xx.o(.text)
    TAMP_STAMP_IRQHandler                    0x080001db   Thumb Code     0  startup_stm32f427xx.o(.text)
    TIM1_BRK_TIM9_IRQHandler                 0x080001db   Thumb Code     0  startup_stm32f427xx.o(.text)
    TIM1_CC_IRQHandler                       0x080001db   Thumb Code     0  startup_stm32f427xx.o(.text)
    TIM1_TRG_COM_TIM11_IRQHandler            0x080001db   Thumb Code     0  startup_stm32f427xx.o(.text)
    TIM2_IRQHandler                          0x080001db   Thumb Code     0  startup_stm32f427xx.o(.text)
    TIM3_IRQHandler                          0x080001db   Thumb Code     0  startup_stm32f427xx.o(.text)
    TIM4_IRQHandler                          0x080001db   Thumb Code     0  startup_stm32f427xx.o(.text)
    TIM5_IRQHandler                          0x080001db   Thumb Code     0  startup_stm32f427xx.o(.text)
    TIM6_DAC_IRQHandler                      0x080001db   Thumb Code     0  startup_stm32f427xx.o(.text)
    TIM7_IRQHandler                          0x080001db   Thumb Code     0  startup_stm32f427xx.o(.text)
    TIM8_BRK_TIM12_IRQHandler                0x080001db   Thumb Code     0  startup_stm32f427xx.o(.text)
    TIM8_CC_IRQHandler                       0x080001db   Thumb Code     0  startup_stm32f427xx.o(.text)
    TIM8_TRG_COM_TIM14_IRQHandler            0x080001db   Thumb Code     0  startup_stm32f427xx.o(.text)
    TIM8_UP_TIM13_IRQHandler                 0x080001db   Thumb Code     0  startup_stm32f427xx.o(.text)
    UART4_IRQHandler                         0x080001db   Thumb Code     0  startup_stm32f427xx.o(.text)
    UART5_IRQHandler                         0x080001db   Thumb Code     0  startup_stm32f427xx.o(.text)
    UART7_IRQHandler                         0x080001db   Thumb Code     0  startup_stm32f427xx.o(.text)
    UART8_IRQHandler                         0x080001db   Thumb Code     0  startup_stm32f427xx.o(.text)
    USART2_IRQHandler                        0x080001db   Thumb Code     0  startup_stm32f427xx.o(.text)
    USART3_IRQHandler                        0x080001db   Thumb Code     0  startup_stm32f427xx.o(.text)
    USART6_IRQHandler                        0x080001db   Thumb Code     0  startup_stm32f427xx.o(.text)
    WWDG_IRQHandler                          0x080001db   Thumb Code     0  startup_stm32f427xx.o(.text)
    __aeabi_uldivmod                         0x080001e5   Thumb Code    98  uldiv.o(.text)
    __aeabi_memset                           0x08000247   Thumb Code    14  memseta.o(.text)
    __aeabi_memset4                          0x08000247   Thumb Code     0  memseta.o(.text)
    __aeabi_memset8                          0x08000247   Thumb Code     0  memseta.o(.text)
    __aeabi_memclr                           0x08000255   Thumb Code     4  memseta.o(.text)
    __aeabi_memclr4                          0x08000255   Thumb Code     0  memseta.o(.text)
    __aeabi_memclr8                          0x08000255   Thumb Code     0  memseta.o(.text)
    _memset$wrapper                          0x08000259   Thumb Code    18  memseta.o(.text)
    strlen                                   0x0800026b   Thumb Code    14  strlen.o(.text)
    __aeabi_uidiv                            0x08000279   Thumb Code     0  uidiv.o(.text)
    __aeabi_uidivmod                         0x08000279   Thumb Code    44  uidiv.o(.text)
    __aeabi_llsl                             0x080002a5   Thumb Code    30  llshl.o(.text)
    _ll_shift_l                              0x080002a5   Thumb Code     0  llshl.o(.text)
    __aeabi_llsr                             0x080002c3   Thumb Code    32  llushr.o(.text)
    _ll_ushift_r                             0x080002c3   Thumb Code     0  llushr.o(.text)
    __I$use$fp                               0x080002e3   Thumb Code     0  iusefp.o(.text)
    __aeabi_dadd                             0x080002e3   Thumb Code   322  dadd.o(.text)
    __aeabi_dsub                             0x08000425   Thumb Code     6  dadd.o(.text)
    __aeabi_drsub                            0x0800042b   Thumb Code     6  dadd.o(.text)
    __aeabi_dmul                             0x08000431   Thumb Code   228  dmul.o(.text)
    __aeabi_ddiv                             0x08000515   Thumb Code   222  ddiv.o(.text)
    __aeabi_d2ulz                            0x080005f3   Thumb Code    48  dfixul.o(.text)
    __aeabi_cdrcmple                         0x08000625   Thumb Code    48  cdrcmple.o(.text)
    __scatterload                            0x08000655   Thumb Code    28  init.o(.text)
    __scatterload_rt2                        0x08000655   Thumb Code     0  init.o(.text)
    __aeabi_lasr                             0x08000679   Thumb Code    36  llsshr.o(.text)
    _ll_sshift_r                             0x08000679   Thumb Code     0  llsshr.o(.text)
    _double_round                            0x0800069d   Thumb Code    30  depilogue.o(.text)
    _double_epilogue                         0x080006bb   Thumb Code   156  depilogue.o(.text)
    BusFault_Handler                         0x08000757   Thumb Code     4  stm32f4xx_it.o(i.BusFault_Handler)
    DBG_Print                                0x08000775   Thumb Code    86  my_printf.o(i.DBG_Print)
    DMA2_Stream3_IRQHandler                  0x080007d5   Thumb Code    20  stm32f4xx_it.o(i.DMA2_Stream3_IRQHandler)
    DMA2_Stream6_IRQHandler                  0x080007f1   Thumb Code    20  stm32f4xx_it.o(i.DMA2_Stream6_IRQHandler)
    DMA2_Stream7_IRQHandler                  0x0800080d   Thumb Code    20  stm32f4xx_it.o(i.DMA2_Stream7_IRQHandler)
    DebugMon_Handler                         0x08000933   Thumb Code     2  stm32f4xx_it.o(i.DebugMon_Handler)
    Error_Handler                            0x08000935   Thumb Code     2  main.o(i.Error_Handler)
    HAL_DMA_Abort_IT                         0x08000937   Thumb Code    40  stm32f4xx_hal_dma.o(i.HAL_DMA_Abort_IT)
    HAL_DMA_GetError                         0x0800095f   Thumb Code     6  stm32f4xx_hal_dma.o(i.HAL_DMA_GetError)
    HAL_DMA_IRQHandler                       0x08000965   Thumb Code   570  stm32f4xx_hal_dma.o(i.HAL_DMA_IRQHandler)
    HAL_DMA_Init                             0x08000ba5   Thumb Code   232  stm32f4xx_hal_dma.o(i.HAL_DMA_Init)
    HAL_DMA_Start_IT                         0x08000c91   Thumb Code   146  stm32f4xx_hal_dma.o(i.HAL_DMA_Start_IT)
    HAL_Delay                                0x08000d25   Thumb Code    36  stm32f4xx_hal.o(i.HAL_Delay)
    HAL_GPIO_Init                            0x08000d4d   Thumb Code   486  stm32f4xx_hal_gpio.o(i.HAL_GPIO_Init)
    HAL_GPIO_TogglePin                       0x08000f69   Thumb Code    18  stm32f4xx_hal_gpio.o(i.HAL_GPIO_TogglePin)
    HAL_GPIO_WritePin                        0x08000f7b   Thumb Code    12  stm32f4xx_hal_gpio.o(i.HAL_GPIO_WritePin)
    HAL_GetTick                              0x08000f89   Thumb Code     6  stm32f4xx_hal.o(i.HAL_GetTick)
    HAL_IncTick                              0x08000f95   Thumb Code    16  stm32f4xx_hal.o(i.HAL_IncTick)
    HAL_Init                                 0x08000fad   Thumb Code    54  stm32f4xx_hal.o(i.HAL_Init)
    HAL_InitTick                             0x08000fe9   Thumb Code    64  stm32f4xx_hal.o(i.HAL_InitTick)
    HAL_MspInit                              0x08001035   Thumb Code    68  stm32f4xx_hal_msp.o(i.HAL_MspInit)
    HAL_NVIC_EnableIRQ                       0x0800107d   Thumb Code    32  stm32f4xx_hal_cortex.o(i.HAL_NVIC_EnableIRQ)
    HAL_NVIC_SetPriority                     0x0800109d   Thumb Code   124  stm32f4xx_hal_cortex.o(i.HAL_NVIC_SetPriority)
    HAL_NVIC_SetPriorityGrouping             0x08001119   Thumb Code    32  stm32f4xx_hal_cortex.o(i.HAL_NVIC_SetPriorityGrouping)
    HAL_PWREx_EnableOverDrive                0x08001141   Thumb Code   128  stm32f4xx_hal_pwr_ex.o(i.HAL_PWREx_EnableOverDrive)
    HAL_RCC_ClockConfig                      0x080011cd   Thumb Code   368  stm32f4xx_hal_rcc.o(i.HAL_RCC_ClockConfig)
    HAL_RCC_GetHCLKFreq                      0x08001351   Thumb Code     6  stm32f4xx_hal_rcc.o(i.HAL_RCC_GetHCLKFreq)
    HAL_RCC_GetPCLK1Freq                     0x0800135d   Thumb Code    22  stm32f4xx_hal_rcc.o(i.HAL_RCC_GetPCLK1Freq)
    HAL_RCC_GetPCLK2Freq                     0x0800137d   Thumb Code    22  stm32f4xx_hal_rcc.o(i.HAL_RCC_GetPCLK2Freq)
    HAL_RCC_GetSysClockFreq                  0x0800139d   Thumb Code   162  stm32f4xx_hal_rcc.o(i.HAL_RCC_GetSysClockFreq)
    HAL_RCC_OscConfig                        0x0800144d   Thumb Code  1152  stm32f4xx_hal_rcc.o(i.HAL_RCC_OscConfig)
    HAL_SD_AbortCallback                     0x080018d5   Thumb Code     2  stm32f4xx_hal_sd.o(i.HAL_SD_AbortCallback)
    HAL_SD_ConfigWideBusOperation            0x080018d9   Thumb Code   164  stm32f4xx_hal_sd.o(i.HAL_SD_ConfigWideBusOperation)
    HAL_SD_ErrorCallback                     0x08001981   Thumb Code     2  stm32f4xx_hal_sd.o(i.HAL_SD_ErrorCallback)
    HAL_SD_GetCardCSD                        0x08001985   Thumb Code   450  stm32f4xx_hal_sd.o(i.HAL_SD_GetCardCSD)
    HAL_SD_GetCardState                      0x08001b4d   Thumb Code    36  stm32f4xx_hal_sd.o(i.HAL_SD_GetCardState)
    HAL_SD_IRQHandler                        0x08001b71   Thumb Code   530  stm32f4xx_hal_sd.o(i.HAL_SD_IRQHandler)
    HAL_SD_Init                              0x08001d8d   Thumb Code    60  stm32f4xx_hal_sd.o(i.HAL_SD_Init)
    HAL_SD_InitCard                          0x08001dc9   Thumb Code   128  stm32f4xx_hal_sd.o(i.HAL_SD_InitCard)
    HAL_SD_MspInit                           0x08001e4d   Thumb Code   370  sdio.o(i.HAL_SD_MspInit)
    HAL_SD_ReadBlocks_DMA                    0x08001fdd   Thumb Code   322  stm32f4xx_hal_sd.o(i.HAL_SD_ReadBlocks_DMA)
    HAL_SD_RxCpltCallback                    0x08002131   Thumb Code     8  sdio.o(i.HAL_SD_RxCpltCallback)
    HAL_SD_TxCpltCallback                    0x0800213d   Thumb Code     8  sdio.o(i.HAL_SD_TxCpltCallback)
    HAL_SD_WriteBlocks_DMA                   0x08002149   Thumb Code   328  stm32f4xx_hal_sd.o(i.HAL_SD_WriteBlocks_DMA)
    HAL_SYSTICK_Config                       0x080022a1   Thumb Code    52  stm32f4xx_hal_cortex.o(i.HAL_SYSTICK_Config)
    HAL_TIMEx_BreakCallback                  0x080022d5   Thumb Code     2  stm32f4xx_hal_tim_ex.o(i.HAL_TIMEx_BreakCallback)
    HAL_TIMEx_CommutCallback                 0x080022d7   Thumb Code     2  stm32f4xx_hal_tim_ex.o(i.HAL_TIMEx_CommutCallback)
    HAL_TIMEx_MasterConfigSynchronization    0x080022d9   Thumb Code   150  stm32f4xx_hal_tim_ex.o(i.HAL_TIMEx_MasterConfigSynchronization)
    HAL_TIM_Base_Init                        0x0800238d   Thumb Code    52  stm32f4xx_hal_tim.o(i.HAL_TIM_Base_Init)
    HAL_TIM_Base_MspInit                     0x080023c1   Thumb Code    62  tim.o(i.HAL_TIM_Base_MspInit)
    HAL_TIM_ConfigClockSource                0x08002409   Thumb Code   264  stm32f4xx_hal_tim.o(i.HAL_TIM_ConfigClockSource)
    HAL_TIM_IC_CaptureCallback               0x08002511   Thumb Code     2  stm32f4xx_hal_tim.o(i.HAL_TIM_IC_CaptureCallback)
    HAL_TIM_IRQHandler                       0x08002513   Thumb Code   406  stm32f4xx_hal_tim.o(i.HAL_TIM_IRQHandler)
    HAL_TIM_OC_DelayElapsedCallback          0x080026a9   Thumb Code     2  stm32f4xx_hal_tim.o(i.HAL_TIM_OC_DelayElapsedCallback)
    HAL_TIM_PWM_PulseFinishedCallback        0x080026ab   Thumb Code     2  stm32f4xx_hal_tim.o(i.HAL_TIM_PWM_PulseFinishedCallback)
    HAL_TIM_PeriodElapsedCallback            0x080026ad   Thumb Code    16  main.o(i.HAL_TIM_PeriodElapsedCallback)
    HAL_TIM_TriggerCallback                  0x080026c1   Thumb Code     2  stm32f4xx_hal_tim.o(i.HAL_TIM_TriggerCallback)
    HAL_UART_ErrorCallback                   0x080026c3   Thumb Code     2  stm32f4xx_hal_uart.o(i.HAL_UART_ErrorCallback)
    HAL_UART_IRQHandler                      0x080026c5   Thumb Code   336  stm32f4xx_hal_uart.o(i.HAL_UART_IRQHandler)
    HAL_UART_Init                            0x08002819   Thumb Code   114  stm32f4xx_hal_uart.o(i.HAL_UART_Init)
    HAL_UART_MspInit                         0x0800288d   Thumb Code   206  usart.o(i.HAL_UART_MspInit)
    HAL_UART_RxCpltCallback                  0x08002971   Thumb Code     2  stm32f4xx_hal_uart.o(i.HAL_UART_RxCpltCallback)
    HAL_UART_Transmit_DMA                    0x08002975   Thumb Code   142  stm32f4xx_hal_uart.o(i.HAL_UART_Transmit_DMA)
    HAL_UART_TxCpltCallback                  0x08002a11   Thumb Code     2  stm32f4xx_hal_uart.o(i.HAL_UART_TxCpltCallback)
    HAL_UART_TxHalfCpltCallback              0x08002a13   Thumb Code     2  stm32f4xx_hal_uart.o(i.HAL_UART_TxHalfCpltCallback)
    HardFault_Handler                        0x08002a15   Thumb Code     4  stm32f4xx_it.o(i.HardFault_Handler)
    MX_DMA_Init                              0x08002a19   Thumb Code    84  dma.o(i.MX_DMA_Init)
    MX_GPIO_Init                             0x08002a71   Thumb Code   174  gpio.o(i.MX_GPIO_Init)
    MX_SDIO_SD_Init                          0x08002b29   Thumb Code    54  sdio.o(i.MX_SDIO_SD_Init)
    MX_TIM1_Init                             0x08002b69   Thumb Code   104  tim.o(i.MX_TIM1_Init)
    MX_USART1_UART_Init                      0x08002bd9   Thumb Code    46  usart.o(i.MX_USART1_UART_Init)
    MemManage_Handler                        0x08002c11   Thumb Code     4  stm32f4xx_it.o(i.MemManage_Handler)
    NMI_Handler                              0x08002c15   Thumb Code     2  stm32f4xx_it.o(i.NMI_Handler)
    PendSV_Handler                           0x08002c17   Thumb Code     2  stm32f4xx_it.o(i.PendSV_Handler)
    SDIO_ConfigData                          0x08002c19   Thumb Code    44  stm32f4xx_ll_sdmmc.o(i.SDIO_ConfigData)
    SDIO_GetCardState                        0x08002c45   Thumb Code    20  sdio.o(i.SDIO_GetCardState)
    SDIO_GetCommandResponse                  0x08002c5d   Thumb Code     8  stm32f4xx_ll_sdmmc.o(i.SDIO_GetCommandResponse)
    SDIO_GetPowerState                       0x08002c65   Thumb Code    10  stm32f4xx_ll_sdmmc.o(i.SDIO_GetPowerState)
    SDIO_GetResponse                         0x08002c6f   Thumb Code    12  stm32f4xx_ll_sdmmc.o(i.SDIO_GetResponse)
    SDIO_IRQHandler                          0x08002c7d   Thumb Code    20  stm32f4xx_it.o(i.SDIO_IRQHandler)
    SDIO_Init                                0x08002c99   Thumb Code    52  stm32f4xx_ll_sdmmc.o(i.SDIO_Init)
    SDIO_PowerState_ON                       0x08002ccd   Thumb Code    18  stm32f4xx_ll_sdmmc.o(i.SDIO_PowerState_ON)
    SDIO_ReadFIFO                            0x08002cdf   Thumb Code     8  stm32f4xx_ll_sdmmc.o(i.SDIO_ReadFIFO)
    SDIO_Read_Sector                         0x08002ce9   Thumb Code    50  sdio.o(i.SDIO_Read_Sector)
    SDIO_SendCommand                         0x08002d29   Thumb Code    40  stm32f4xx_ll_sdmmc.o(i.SDIO_SendCommand)
    SDIO_ShowInfo                            0x08002d51   Thumb Code   140  sdio.o(i.SDIO_ShowInfo)
    SDIO_WaitReady                           0x08002eed   Thumb Code    92  sdio.o(i.SDIO_WaitReady)
    SDIO_WriteFIFO                           0x08002f55   Thumb Code    12  stm32f4xx_ll_sdmmc.o(i.SDIO_WriteFIFO)
    SDIO_Write_Sector                        0x08002f61   Thumb Code    50  sdio.o(i.SDIO_Write_Sector)
    SDMMC_CmdAppCommand                      0x08002fa1   Thumb Code    56  stm32f4xx_ll_sdmmc.o(i.SDMMC_CmdAppCommand)
    SDMMC_CmdAppOperCommand                  0x08002fd9   Thumb Code    54  stm32f4xx_ll_sdmmc.o(i.SDMMC_CmdAppOperCommand)
    SDMMC_CmdBlockLength                     0x08003015   Thumb Code    56  stm32f4xx_ll_sdmmc.o(i.SDMMC_CmdBlockLength)
    SDMMC_CmdBusWidth                        0x0800304d   Thumb Code    56  stm32f4xx_ll_sdmmc.o(i.SDMMC_CmdBusWidth)
    SDMMC_CmdGoIdleState                     0x08003085   Thumb Code    44  stm32f4xx_ll_sdmmc.o(i.SDMMC_CmdGoIdleState)
    SDMMC_CmdOperCond                        0x080030b1   Thumb Code    52  stm32f4xx_ll_sdmmc.o(i.SDMMC_CmdOperCond)
    SDMMC_CmdReadMultiBlock                  0x080030e5   Thumb Code    56  stm32f4xx_ll_sdmmc.o(i.SDMMC_CmdReadMultiBlock)
    SDMMC_CmdReadSingleBlock                 0x0800311d   Thumb Code    56  stm32f4xx_ll_sdmmc.o(i.SDMMC_CmdReadSingleBlock)
    SDMMC_CmdSelDesel                        0x08003155   Thumb Code    58  stm32f4xx_ll_sdmmc.o(i.SDMMC_CmdSelDesel)
    SDMMC_CmdSendCID                         0x0800318f   Thumb Code    50  stm32f4xx_ll_sdmmc.o(i.SDMMC_CmdSendCID)
    SDMMC_CmdSendCSD                         0x080031c1   Thumb Code    50  stm32f4xx_ll_sdmmc.o(i.SDMMC_CmdSendCSD)
    SDMMC_CmdSendSCR                         0x080031f3   Thumb Code    56  stm32f4xx_ll_sdmmc.o(i.SDMMC_CmdSendSCR)
    SDMMC_CmdSendStatus                      0x0800322b   Thumb Code    56  stm32f4xx_ll_sdmmc.o(i.SDMMC_CmdSendStatus)
    SDMMC_CmdSetRelAdd                       0x08003263   Thumb Code    56  stm32f4xx_ll_sdmmc.o(i.SDMMC_CmdSetRelAdd)
    SDMMC_CmdStopTransfer                    0x0800329d   Thumb Code    54  stm32f4xx_ll_sdmmc.o(i.SDMMC_CmdStopTransfer)
    SDMMC_CmdWriteMultiBlock                 0x080032d9   Thumb Code    56  stm32f4xx_ll_sdmmc.o(i.SDMMC_CmdWriteMultiBlock)
    SDMMC_CmdWriteSingleBlock                0x08003311   Thumb Code    56  stm32f4xx_ll_sdmmc.o(i.SDMMC_CmdWriteSingleBlock)
    SVC_Handler                              0x08003d13   Thumb Code     2  stm32f4xx_it.o(i.SVC_Handler)
    SysTick_Handler                          0x08003d15   Thumb Code     8  stm32f4xx_it.o(i.SysTick_Handler)
    SystemClock_Config                       0x08003d1d   Thumb Code   182  main.o(i.SystemClock_Config)
    SystemInit                               0x08003ddd   Thumb Code    24  system_stm32f4xx.o(i.SystemInit)
    TIM1_UP_TIM10_IRQHandler                 0x08003df9   Thumb Code    10  stm32f4xx_it.o(i.TIM1_UP_TIM10_IRQHandler)
    TIM_Base_SetConfig                       0x08003e09   Thumb Code   170  stm32f4xx_hal_tim.o(i.TIM_Base_SetConfig)
    TIM_ETR_SetConfig                        0x08003ee1   Thumb Code    22  stm32f4xx_hal_tim.o(i.TIM_ETR_SetConfig)
    USART1_IRQHandler                        0x08004549   Thumb Code    20  stm32f4xx_it.o(i.USART1_IRQHandler)
    UsageFault_Handler                       0x08004565   Thumb Code     4  stm32f4xx_it.o(i.UsageFault_Handler)
    __0vsnprintf                             0x08004569   Thumb Code    40  printfa.o(i.__0vsnprintf)
    __1vsnprintf                             0x08004569   Thumb Code     0  printfa.o(i.__0vsnprintf)
    __2vsnprintf                             0x08004569   Thumb Code     0  printfa.o(i.__0vsnprintf)
    __c89vsnprintf                           0x08004569   Thumb Code     0  printfa.o(i.__0vsnprintf)
    vsnprintf                                0x08004569   Thumb Code     0  printfa.o(i.__0vsnprintf)
    __scatterload_copy                       0x080045cd   Thumb Code    14  handlers.o(i.__scatterload_copy)
    __scatterload_null                       0x080045db   Thumb Code     2  handlers.o(i.__scatterload_null)
    __scatterload_zeroinit                   0x080045dd   Thumb Code    14  handlers.o(i.__scatterload_zeroinit)
    main                                     0x08004eb5   Thumb Code   212  main.o(i.main)
    AHBPrescTable                            0x08005004   Data          16  system_stm32f4xx.o(.constdata)
    APBPrescTable                            0x08005014   Data           8  system_stm32f4xx.o(.constdata)
    Region$$Table$$Base                      0x0800501c   Number         0  anon$$obj.o(Region$$Table)
    Region$$Table$$Limit                     0x0800503c   Number         0  anon$$obj.o(Region$$Table)
    _level                                   0x20000000   Data           1  my_printf.o(.data)
    uwTick                                   0x20000008   Data           4  stm32f4xx_hal.o(.data)
    uwTickPrio                               0x2000000c   Data           4  stm32f4xx_hal.o(.data)
    uwTickFreq                               0x20000010   Data           1  stm32f4xx_hal.o(.data)
    SystemCoreClock                          0x20000014   Data           4  system_stm32f4xx.o(.data)
    hsd                                      0x20000218   Data         132  sdio.o(.bss)
    hdma_sdio_rx                             0x2000029c   Data          96  sdio.o(.bss)
    hdma_sdio_tx                             0x200002fc   Data          96  sdio.o(.bss)
    htim1                                    0x2000035c   Data          64  tim.o(.bss)
    huart1                                   0x2000039c   Data          64  usart.o(.bss)
    hdma_usart1_tx                           0x200003dc   Data          96  usart.o(.bss)
    intx                                     0x2000043c   Data          40  stm32f4xx_it.o(.bss)
    __initial_sp                             0x20002468   Data           0  startup_stm32f427xx.o(STACK)



==============================================================================

Memory Map of the image

  Image Entry point : 0x080001ad

  Load Region LR_IROM1 (Base: 0x08000000, Size: 0x00005054, Max: 0x00200000, ABSOLUTE)

    Execution Region ER_IROM1 (Exec base: 0x08000000, Load base: 0x08000000, Size: 0x0000503c, Max: 0x00200000, ABSOLUTE)

    Exec Addr    Load Addr    Size         Type   Attr      Idx    E Section Name        Object

    0x08000000   0x08000000   0x000001ac   Data   RO            3    RESET               startup_stm32f427xx.o
    0x080001ac   0x080001ac   0x00000000   Code   RO         3713  * .ARM.Collect$$$$00000000  mc_w.l(entry.o)
    0x080001ac   0x080001ac   0x00000004   Code   RO         3754    .ARM.Collect$$$$00000001  mc_w.l(entry2.o)
    0x080001b0   0x080001b0   0x00000004   Code   RO         3757    .ARM.Collect$$$$00000004  mc_w.l(entry5.o)
    0x080001b4   0x080001b4   0x00000000   Code   RO         3759    .ARM.Collect$$$$00000008  mc_w.l(entry7b.o)
    0x080001b4   0x080001b4   0x00000000   Code   RO         3761    .ARM.Collect$$$$0000000A  mc_w.l(entry8b.o)
    0x080001b4   0x080001b4   0x00000008   Code   RO         3762    .ARM.Collect$$$$0000000B  mc_w.l(entry9a.o)
    0x080001bc   0x080001bc   0x00000000   Code   RO         3764    .ARM.Collect$$$$0000000D  mc_w.l(entry10a.o)
    0x080001bc   0x080001bc   0x00000000   Code   RO         3766    .ARM.Collect$$$$0000000F  mc_w.l(entry11a.o)
    0x080001bc   0x080001bc   0x00000004   Code   RO         3755    .ARM.Collect$$$$00002712  mc_w.l(entry2.o)
    0x080001c0   0x080001c0   0x00000024   Code   RO            4    .text               startup_stm32f427xx.o
    0x080001e4   0x080001e4   0x00000062   Code   RO         3716    .text               mc_w.l(uldiv.o)
    0x08000246   0x08000246   0x00000024   Code   RO         3720    .text               mc_w.l(memseta.o)
    0x0800026a   0x0800026a   0x0000000e   Code   RO         3722    .text               mc_w.l(strlen.o)
    0x08000278   0x08000278   0x0000002c   Code   RO         3771    .text               mc_w.l(uidiv.o)
    0x080002a4   0x080002a4   0x0000001e   Code   RO         3773    .text               mc_w.l(llshl.o)
    0x080002c2   0x080002c2   0x00000020   Code   RO         3775    .text               mc_w.l(llushr.o)
    0x080002e2   0x080002e2   0x00000000   Code   RO         3777    .text               mc_w.l(iusefp.o)
    0x080002e2   0x080002e2   0x0000014e   Code   RO         3778    .text               mf_w.l(dadd.o)
    0x08000430   0x08000430   0x000000e4   Code   RO         3780    .text               mf_w.l(dmul.o)
    0x08000514   0x08000514   0x000000de   Code   RO         3782    .text               mf_w.l(ddiv.o)
    0x080005f2   0x080005f2   0x00000030   Code   RO         3784    .text               mf_w.l(dfixul.o)
    0x08000622   0x08000622   0x00000002   PAD
    0x08000624   0x08000624   0x00000030   Code   RO         3786    .text               mf_w.l(cdrcmple.o)
    0x08000654   0x08000654   0x00000024   Code   RO         3788    .text               mc_w.l(init.o)
    0x08000678   0x08000678   0x00000024   Code   RO         3791    .text               mc_w.l(llsshr.o)
    0x0800069c   0x0800069c   0x000000ba   Code   RO         3794    .text               mf_w.l(depilogue.o)
    0x08000756   0x08000756   0x00000004   Code   RO          470    i.BusFault_Handler  stm32f4xx_it.o
    0x0800075a   0x0800075a   0x00000002   PAD
    0x0800075c   0x0800075c   0x00000018   Code   RO           13    i.DBG_My_Printf     my_printf.o
    0x08000774   0x08000774   0x00000060   Code   RO           14    i.DBG_Print         my_printf.o
    0x080007d4   0x080007d4   0x0000001c   Code   RO          471    i.DMA2_Stream3_IRQHandler  stm32f4xx_it.o
    0x080007f0   0x080007f0   0x0000001c   Code   RO          472    i.DMA2_Stream6_IRQHandler  stm32f4xx_it.o
    0x0800080c   0x0800080c   0x0000001c   Code   RO          473    i.DMA2_Stream7_IRQHandler  stm32f4xx_it.o
    0x08000828   0x08000828   0x00000034   Code   RO         1446    i.DMA_CalcBaseAndBitshift  stm32f4xx_hal_dma.o
    0x0800085c   0x0800085c   0x000000aa   Code   RO         1447    i.DMA_CheckFifoParam  stm32f4xx_hal_dma.o
    0x08000906   0x08000906   0x0000002c   Code   RO         1448    i.DMA_SetConfig     stm32f4xx_hal_dma.o
    0x08000932   0x08000932   0x00000002   Code   RO          474    i.DebugMon_Handler  stm32f4xx_it.o
    0x08000934   0x08000934   0x00000002   Code   RO          171    i.Error_Handler     main.o
    0x08000936   0x08000936   0x00000028   Code   RO         1450    i.HAL_DMA_Abort_IT  stm32f4xx_hal_dma.o
    0x0800095e   0x0800095e   0x00000006   Code   RO         1452    i.HAL_DMA_GetError  stm32f4xx_hal_dma.o
    0x08000964   0x08000964   0x00000240   Code   RO         1454    i.HAL_DMA_IRQHandler  stm32f4xx_hal_dma.o
    0x08000ba4   0x08000ba4   0x000000ec   Code   RO         1455    i.HAL_DMA_Init      stm32f4xx_hal_dma.o
    0x08000c90   0x08000c90   0x00000092   Code   RO         1459    i.HAL_DMA_Start_IT  stm32f4xx_hal_dma.o
    0x08000d22   0x08000d22   0x00000002   PAD
    0x08000d24   0x08000d24   0x00000028   Code   RO         1891    i.HAL_Delay         stm32f4xx_hal.o
    0x08000d4c   0x08000d4c   0x0000021c   Code   RO         1342    i.HAL_GPIO_Init     stm32f4xx_hal_gpio.o
    0x08000f68   0x08000f68   0x00000012   Code   RO         1345    i.HAL_GPIO_TogglePin  stm32f4xx_hal_gpio.o
    0x08000f7a   0x08000f7a   0x0000000c   Code   RO         1346    i.HAL_GPIO_WritePin  stm32f4xx_hal_gpio.o
    0x08000f86   0x08000f86   0x00000002   PAD
    0x08000f88   0x08000f88   0x0000000c   Code   RO         1899    i.HAL_GetTick       stm32f4xx_hal.o
    0x08000f94   0x08000f94   0x00000018   Code   RO         1905    i.HAL_IncTick       stm32f4xx_hal.o
    0x08000fac   0x08000fac   0x0000003c   Code   RO         1906    i.HAL_Init          stm32f4xx_hal.o
    0x08000fe8   0x08000fe8   0x0000004c   Code   RO         1907    i.HAL_InitTick      stm32f4xx_hal.o
    0x08001034   0x08001034   0x00000048   Code   RO          585    i.HAL_MspInit       stm32f4xx_hal_msp.o
    0x0800107c   0x0800107c   0x00000020   Code   RO         1749    i.HAL_NVIC_EnableIRQ  stm32f4xx_hal_cortex.o
    0x0800109c   0x0800109c   0x0000007c   Code   RO         1755    i.HAL_NVIC_SetPriority  stm32f4xx_hal_cortex.o
    0x08001118   0x08001118   0x00000028   Code   RO         1756    i.HAL_NVIC_SetPriorityGrouping  stm32f4xx_hal_cortex.o
    0x08001140   0x08001140   0x0000008c   Code   RO         1678    i.HAL_PWREx_EnableOverDrive  stm32f4xx_hal_pwr_ex.o
    0x080011cc   0x080011cc   0x00000184   Code   RO          886    i.HAL_RCC_ClockConfig  stm32f4xx_hal_rcc.o
    0x08001350   0x08001350   0x0000000c   Code   RO          891    i.HAL_RCC_GetHCLKFreq  stm32f4xx_hal_rcc.o
    0x0800135c   0x0800135c   0x00000020   Code   RO          893    i.HAL_RCC_GetPCLK1Freq  stm32f4xx_hal_rcc.o
    0x0800137c   0x0800137c   0x00000020   Code   RO          894    i.HAL_RCC_GetPCLK2Freq  stm32f4xx_hal_rcc.o
    0x0800139c   0x0800139c   0x000000b0   Code   RO          895    i.HAL_RCC_GetSysClockFreq  stm32f4xx_hal_rcc.o
    0x0800144c   0x0800144c   0x00000488   Code   RO          898    i.HAL_RCC_OscConfig  stm32f4xx_hal_rcc.o
    0x080018d4   0x080018d4   0x00000002   Code   RO         2155    i.HAL_SD_AbortCallback  stm32f4xx_hal_sd.o
    0x080018d6   0x080018d6   0x00000002   PAD
    0x080018d8   0x080018d8   0x000000a8   Code   RO         2157    i.HAL_SD_ConfigWideBusOperation  stm32f4xx_hal_sd.o
    0x08001980   0x08001980   0x00000002   Code   RO         2160    i.HAL_SD_ErrorCallback  stm32f4xx_hal_sd.o
    0x08001982   0x08001982   0x00000002   PAD
    0x08001984   0x08001984   0x000001c8   Code   RO         2162    i.HAL_SD_GetCardCSD  stm32f4xx_hal_sd.o
    0x08001b4c   0x08001b4c   0x00000024   Code   RO         2164    i.HAL_SD_GetCardState  stm32f4xx_hal_sd.o
    0x08001b70   0x08001b70   0x0000021c   Code   RO         2168    i.HAL_SD_IRQHandler  stm32f4xx_hal_sd.o
    0x08001d8c   0x08001d8c   0x0000003c   Code   RO         2169    i.HAL_SD_Init       stm32f4xx_hal_sd.o
    0x08001dc8   0x08001dc8   0x00000084   Code   RO         2170    i.HAL_SD_InitCard   stm32f4xx_hal_sd.o
    0x08001e4c   0x08001e4c   0x00000190   Code   RO          280    i.HAL_SD_MspInit    sdio.o
    0x08001fdc   0x08001fdc   0x00000154   Code   RO         2174    i.HAL_SD_ReadBlocks_DMA  stm32f4xx_hal_sd.o
    0x08002130   0x08002130   0x0000000c   Code   RO          281    i.HAL_SD_RxCpltCallback  sdio.o
    0x0800213c   0x0800213c   0x0000000c   Code   RO          282    i.HAL_SD_TxCpltCallback  sdio.o
    0x08002148   0x08002148   0x00000158   Code   RO         2179    i.HAL_SD_WriteBlocks_DMA  stm32f4xx_hal_sd.o
    0x080022a0   0x080022a0   0x00000034   Code   RO         1760    i.HAL_SYSTICK_Config  stm32f4xx_hal_cortex.o
    0x080022d4   0x080022d4   0x00000002   Code   RO         3097    i.HAL_TIMEx_BreakCallback  stm32f4xx_hal_tim_ex.o
    0x080022d6   0x080022d6   0x00000002   Code   RO         3098    i.HAL_TIMEx_CommutCallback  stm32f4xx_hal_tim_ex.o
    0x080022d8   0x080022d8   0x000000b4   Code   RO         3115    i.HAL_TIMEx_MasterConfigSynchronization  stm32f4xx_hal_tim_ex.o
    0x0800238c   0x0800238c   0x00000034   Code   RO         2411    i.HAL_TIM_Base_Init  stm32f4xx_hal_tim.o
    0x080023c0   0x080023c0   0x00000048   Code   RO          387    i.HAL_TIM_Base_MspInit  tim.o
    0x08002408   0x08002408   0x00000108   Code   RO         2420    i.HAL_TIM_ConfigClockSource  stm32f4xx_hal_tim.o
    0x08002510   0x08002510   0x00000002   Code   RO         2440    i.HAL_TIM_IC_CaptureCallback  stm32f4xx_hal_tim.o
    0x08002512   0x08002512   0x00000196   Code   RO         2454    i.HAL_TIM_IRQHandler  stm32f4xx_hal_tim.o
    0x080026a8   0x080026a8   0x00000002   Code   RO         2457    i.HAL_TIM_OC_DelayElapsedCallback  stm32f4xx_hal_tim.o
    0x080026aa   0x080026aa   0x00000002   Code   RO         2484    i.HAL_TIM_PWM_PulseFinishedCallback  stm32f4xx_hal_tim.o
    0x080026ac   0x080026ac   0x00000014   Code   RO          172    i.HAL_TIM_PeriodElapsedCallback  main.o
    0x080026c0   0x080026c0   0x00000002   Code   RO         2497    i.HAL_TIM_TriggerCallback  stm32f4xx_hal_tim.o
    0x080026c2   0x080026c2   0x00000002   Code   RO         3369    i.HAL_UART_ErrorCallback  stm32f4xx_hal_uart.o
    0x080026c4   0x080026c4   0x00000154   Code   RO         3372    i.HAL_UART_IRQHandler  stm32f4xx_hal_uart.o
    0x08002818   0x08002818   0x00000072   Code   RO         3373    i.HAL_UART_Init     stm32f4xx_hal_uart.o
    0x0800288a   0x0800288a   0x00000002   PAD
    0x0800288c   0x0800288c   0x000000e4   Code   RO          429    i.HAL_UART_MspInit  usart.o
    0x08002970   0x08002970   0x00000002   Code   RO         3379    i.HAL_UART_RxCpltCallback  stm32f4xx_hal_uart.o
    0x08002972   0x08002972   0x00000002   PAD
    0x08002974   0x08002974   0x0000009c   Code   RO         3382    i.HAL_UART_Transmit_DMA  stm32f4xx_hal_uart.o
    0x08002a10   0x08002a10   0x00000002   Code   RO         3384    i.HAL_UART_TxCpltCallback  stm32f4xx_hal_uart.o
    0x08002a12   0x08002a12   0x00000002   Code   RO         3385    i.HAL_UART_TxHalfCpltCallback  stm32f4xx_hal_uart.o
    0x08002a14   0x08002a14   0x00000004   Code   RO          475    i.HardFault_Handler  stm32f4xx_it.o
    0x08002a18   0x08002a18   0x00000058   Code   RO          255    i.MX_DMA_Init       dma.o
    0x08002a70   0x08002a70   0x000000b8   Code   RO          231    i.MX_GPIO_Init      gpio.o
    0x08002b28   0x08002b28   0x00000040   Code   RO          283    i.MX_SDIO_SD_Init   sdio.o
    0x08002b68   0x08002b68   0x00000070   Code   RO          388    i.MX_TIM1_Init      tim.o
    0x08002bd8   0x08002bd8   0x00000038   Code   RO          430    i.MX_USART1_UART_Init  usart.o
    0x08002c10   0x08002c10   0x00000004   Code   RO          476    i.MemManage_Handler  stm32f4xx_it.o
    0x08002c14   0x08002c14   0x00000002   Code   RO          477    i.NMI_Handler       stm32f4xx_it.o
    0x08002c16   0x08002c16   0x00000002   Code   RO          478    i.PendSV_Handler    stm32f4xx_it.o
    0x08002c18   0x08002c18   0x0000002c   Code   RO          609    i.SDIO_ConfigData   stm32f4xx_ll_sdmmc.o
    0x08002c44   0x08002c44   0x00000018   Code   RO          285    i.SDIO_GetCardState  sdio.o
    0x08002c5c   0x08002c5c   0x00000008   Code   RO          610    i.SDIO_GetCommandResponse  stm32f4xx_ll_sdmmc.o
    0x08002c64   0x08002c64   0x0000000a   Code   RO          613    i.SDIO_GetPowerState  stm32f4xx_ll_sdmmc.o
    0x08002c6e   0x08002c6e   0x0000000c   Code   RO          614    i.SDIO_GetResponse  stm32f4xx_ll_sdmmc.o
    0x08002c7a   0x08002c7a   0x00000002   PAD
    0x08002c7c   0x08002c7c   0x0000001c   Code   RO          479    i.SDIO_IRQHandler   stm32f4xx_it.o
    0x08002c98   0x08002c98   0x00000034   Code   RO          615    i.SDIO_Init         stm32f4xx_ll_sdmmc.o
    0x08002ccc   0x08002ccc   0x00000012   Code   RO          617    i.SDIO_PowerState_ON  stm32f4xx_ll_sdmmc.o
    0x08002cde   0x08002cde   0x00000008   Code   RO          618    i.SDIO_ReadFIFO     stm32f4xx_ll_sdmmc.o
    0x08002ce6   0x08002ce6   0x00000002   PAD
    0x08002ce8   0x08002ce8   0x00000040   Code   RO          288    i.SDIO_Read_Sector  sdio.o
    0x08002d28   0x08002d28   0x00000028   Code   RO          619    i.SDIO_SendCommand  stm32f4xx_ll_sdmmc.o
    0x08002d50   0x08002d50   0x0000019c   Code   RO          289    i.SDIO_ShowInfo     sdio.o
    0x08002eec   0x08002eec   0x00000068   Code   RO          290    i.SDIO_WaitReady    sdio.o
    0x08002f54   0x08002f54   0x0000000c   Code   RO          621    i.SDIO_WriteFIFO    stm32f4xx_ll_sdmmc.o
    0x08002f60   0x08002f60   0x00000040   Code   RO          292    i.SDIO_Write_Sector  sdio.o
    0x08002fa0   0x08002fa0   0x00000038   Code   RO          622    i.SDMMC_CmdAppCommand  stm32f4xx_ll_sdmmc.o
    0x08002fd8   0x08002fd8   0x0000003c   Code   RO          623    i.SDMMC_CmdAppOperCommand  stm32f4xx_ll_sdmmc.o
    0x08003014   0x08003014   0x00000038   Code   RO          624    i.SDMMC_CmdBlockLength  stm32f4xx_ll_sdmmc.o
    0x0800304c   0x0800304c   0x00000038   Code   RO          625    i.SDMMC_CmdBusWidth  stm32f4xx_ll_sdmmc.o
    0x08003084   0x08003084   0x0000002c   Code   RO          629    i.SDMMC_CmdGoIdleState  stm32f4xx_ll_sdmmc.o
    0x080030b0   0x080030b0   0x00000034   Code   RO          631    i.SDMMC_CmdOperCond  stm32f4xx_ll_sdmmc.o
    0x080030e4   0x080030e4   0x00000038   Code   RO          632    i.SDMMC_CmdReadMultiBlock  stm32f4xx_ll_sdmmc.o
    0x0800311c   0x0800311c   0x00000038   Code   RO          633    i.SDMMC_CmdReadSingleBlock  stm32f4xx_ll_sdmmc.o
    0x08003154   0x08003154   0x0000003a   Code   RO          636    i.SDMMC_CmdSelDesel  stm32f4xx_ll_sdmmc.o
    0x0800318e   0x0800318e   0x00000032   Code   RO          637    i.SDMMC_CmdSendCID  stm32f4xx_ll_sdmmc.o
    0x080031c0   0x080031c0   0x00000032   Code   RO          638    i.SDMMC_CmdSendCSD  stm32f4xx_ll_sdmmc.o
    0x080031f2   0x080031f2   0x00000038   Code   RO          639    i.SDMMC_CmdSendSCR  stm32f4xx_ll_sdmmc.o
    0x0800322a   0x0800322a   0x00000038   Code   RO          640    i.SDMMC_CmdSendStatus  stm32f4xx_ll_sdmmc.o
    0x08003262   0x08003262   0x00000038   Code   RO          641    i.SDMMC_CmdSetRelAdd  stm32f4xx_ll_sdmmc.o
    0x0800329a   0x0800329a   0x00000002   PAD
    0x0800329c   0x0800329c   0x0000003c   Code   RO          643    i.SDMMC_CmdStopTransfer  stm32f4xx_ll_sdmmc.o
    0x080032d8   0x080032d8   0x00000038   Code   RO          645    i.SDMMC_CmdWriteMultiBlock  stm32f4xx_ll_sdmmc.o
    0x08003310   0x08003310   0x00000038   Code   RO          646    i.SDMMC_CmdWriteSingleBlock  stm32f4xx_ll_sdmmc.o
    0x08003348   0x08003348   0x00000040   Code   RO          647    i.SDMMC_GetCmdError  stm32f4xx_ll_sdmmc.o
    0x08003388   0x08003388   0x000001ac   Code   RO          648    i.SDMMC_GetCmdResp1  stm32f4xx_ll_sdmmc.o
    0x08003534   0x08003534   0x00000064   Code   RO          649    i.SDMMC_GetCmdResp2  stm32f4xx_ll_sdmmc.o
    0x08003598   0x08003598   0x00000058   Code   RO          650    i.SDMMC_GetCmdResp3  stm32f4xx_ll_sdmmc.o
    0x080035f0   0x080035f0   0x000000b8   Code   RO          651    i.SDMMC_GetCmdResp6  stm32f4xx_ll_sdmmc.o
    0x080036a8   0x080036a8   0x0000006c   Code   RO          652    i.SDMMC_GetCmdResp7  stm32f4xx_ll_sdmmc.o
    0x08003714   0x08003714   0x00000074   Code   RO         2181    i.SD_DMAError       stm32f4xx_hal_sd.o
    0x08003788   0x08003788   0x00000048   Code   RO         2182    i.SD_DMAReceiveCplt  stm32f4xx_hal_sd.o
    0x080037d0   0x080037d0   0x00000048   Code   RO         2183    i.SD_DMARxAbort     stm32f4xx_hal_sd.o
    0x08003818   0x08003818   0x00000012   Code   RO         2184    i.SD_DMATransmitCplt  stm32f4xx_hal_sd.o
    0x0800382a   0x0800382a   0x00000048   Code   RO         2185    i.SD_DMATxAbort     stm32f4xx_hal_sd.o
    0x08003872   0x08003872   0x00000134   Code   RO         2186    i.SD_FindSCR        stm32f4xx_hal_sd.o
    0x080039a6   0x080039a6   0x00000102   Code   RO         2187    i.SD_InitCard       stm32f4xx_hal_sd.o
    0x08003aa8   0x08003aa8   0x000000cc   Code   RO         2189    i.SD_PowerON        stm32f4xx_hal_sd.o
    0x08003b74   0x08003b74   0x0000004a   Code   RO         2190    i.SD_Read_IT        stm32f4xx_hal_sd.o
    0x08003bbe   0x08003bbe   0x00000030   Code   RO         2192    i.SD_SendStatus     stm32f4xx_hal_sd.o
    0x08003bee   0x08003bee   0x00000068   Code   RO         2193    i.SD_WideBus_Disable  stm32f4xx_hal_sd.o
    0x08003c56   0x08003c56   0x00000068   Code   RO         2194    i.SD_WideBus_Enable  stm32f4xx_hal_sd.o
    0x08003cbe   0x08003cbe   0x00000054   Code   RO         2195    i.SD_Write_IT       stm32f4xx_hal_sd.o
    0x08003d12   0x08003d12   0x00000002   Code   RO          480    i.SVC_Handler       stm32f4xx_it.o
    0x08003d14   0x08003d14   0x00000008   Code   RO          481    i.SysTick_Handler   stm32f4xx_it.o
    0x08003d1c   0x08003d1c   0x000000c0   Code   RO          173    i.SystemClock_Config  main.o
    0x08003ddc   0x08003ddc   0x0000001c   Code   RO         3680    i.SystemInit        system_stm32f4xx.o
    0x08003df8   0x08003df8   0x00000010   Code   RO          482    i.TIM1_UP_TIM10_IRQHandler  stm32f4xx_it.o
    0x08003e08   0x08003e08   0x000000d8   Code   RO         2499    i.TIM_Base_SetConfig  stm32f4xx_hal_tim.o
    0x08003ee0   0x08003ee0   0x00000016   Code   RO         2510    i.TIM_ETR_SetConfig  stm32f4xx_hal_tim.o
    0x08003ef6   0x08003ef6   0x00000012   Code   RO         2511    i.TIM_ITRx_SetConfig  stm32f4xx_hal_tim.o
    0x08003f08   0x08003f08   0x00000026   Code   RO         2517    i.TIM_TI1_ConfigInputStage  stm32f4xx_hal_tim.o
    0x08003f2e   0x08003f2e   0x00000028   Code   RO         2519    i.TIM_TI2_ConfigInputStage  stm32f4xx_hal_tim.o
    0x08003f56   0x08003f56   0x00000014   Code   RO         3386    i.UART_DMAAbortOnError  stm32f4xx_hal_uart.o
    0x08003f6a   0x08003f6a   0x00000050   Code   RO         3387    i.UART_DMAError     stm32f4xx_hal_uart.o
    0x08003fba   0x08003fba   0x00000036   Code   RO         3392    i.UART_DMATransmitCplt  stm32f4xx_hal_uart.o
    0x08003ff0   0x08003ff0   0x0000000e   Code   RO         3394    i.UART_DMATxHalfCplt  stm32f4xx_hal_uart.o
    0x08003ffe   0x08003ffe   0x00000020   Code   RO         3396    i.UART_EndRxTransfer  stm32f4xx_hal_uart.o
    0x0800401e   0x0800401e   0x00000020   Code   RO         3397    i.UART_EndTransmit_IT  stm32f4xx_hal_uart.o
    0x0800403e   0x0800403e   0x00000014   Code   RO         3398    i.UART_EndTxTransfer  stm32f4xx_hal_uart.o
    0x08004052   0x08004052   0x000000a6   Code   RO         3399    i.UART_Receive_IT   stm32f4xx_hal_uart.o
    0x080040f8   0x080040f8   0x000003e8   Code   RO         3400    i.UART_SetConfig    stm32f4xx_hal_uart.o
    0x080044e0   0x080044e0   0x00000068   Code   RO         3401    i.UART_Transmit_IT  stm32f4xx_hal_uart.o
    0x08004548   0x08004548   0x0000001c   Code   RO          483    i.USART1_IRQHandler  stm32f4xx_it.o
    0x08004564   0x08004564   0x00000004   Code   RO          484    i.UsageFault_Handler  stm32f4xx_it.o
    0x08004568   0x08004568   0x0000002c   Code   RO         3732    i.__0vsnprintf      mc_w.l(printfa.o)
    0x08004594   0x08004594   0x00000010   Code   RO         1762    i.__NVIC_GetPriorityGrouping  stm32f4xx_hal_cortex.o
    0x080045a4   0x080045a4   0x00000028   Code   RO         1763    i.__NVIC_SetPriority  stm32f4xx_hal_cortex.o
    0x080045cc   0x080045cc   0x0000000e   Code   RO         3798    i.__scatterload_copy  mc_w.l(handlers.o)
    0x080045da   0x080045da   0x00000002   Code   RO         3799    i.__scatterload_null  mc_w.l(handlers.o)
    0x080045dc   0x080045dc   0x0000000e   Code   RO         3800    i.__scatterload_zeroinit  mc_w.l(handlers.o)
    0x080045ea   0x080045ea   0x00000002   PAD
    0x080045ec   0x080045ec   0x00000184   Code   RO         3734    i._fp_digits        mc_w.l(printfa.o)
    0x08004770   0x08004770   0x000006dc   Code   RO         3735    i._printf_core      mc_w.l(printfa.o)
    0x08004e4c   0x08004e4c   0x00000024   Code   RO         3736    i._printf_post_padding  mc_w.l(printfa.o)
    0x08004e70   0x08004e70   0x0000002e   Code   RO         3737    i._printf_pre_padding  mc_w.l(printfa.o)
    0x08004e9e   0x08004e9e   0x00000016   Code   RO         3738    i._snputc           mc_w.l(printfa.o)
    0x08004eb4   0x08004eb4   0x00000148   Code   RO          174    i.main              main.o
    0x08004ffc   0x08004ffc   0x00000008   Data   RO         1461    .constdata          stm32f4xx_hal_dma.o
    0x08005004   0x08005004   0x00000018   Data   RO         3681    .constdata          system_stm32f4xx.o
    0x0800501c   0x0800501c   0x00000020   Data   RO         3796    Region$$Table       anon$$obj.o


    Execution Region RW_IRAM2 (Exec base: 0x10000000, Load base: 0x08005054, Size: 0x00000000, Max: 0x00010000, ABSOLUTE)

    **** No section assigned to this execution region ****


    Execution Region RW_IRAM1 (Exec base: 0x20000000, Load base: 0x0800503c, Size: 0x00002468, Max: 0x00030000, ABSOLUTE)

    Exec Addr    Load Addr    Size         Type   Attr      Idx    E Section Name        Object

    0x20000000   0x0800503c   0x00000001   Data   RW           16    .data               my_printf.o
    0x20000001   0x0800503d   0x00000007   Data   RW          294    .data               sdio.o
    0x20000008   0x08005044   0x00000009   Data   RW         1913    .data               stm32f4xx_hal.o
    0x20000011   0x0800504d   0x00000003   PAD
    0x20000014   0x08005050   0x00000004   Data   RW         3682    .data               system_stm32f4xx.o
    0x20000018        -       0x00000344   Zero   RW          293    .bss                sdio.o
    0x2000035c        -       0x00000040   Zero   RW          389    .bss                tim.o
    0x2000039c        -       0x000000a0   Zero   RW          431    .bss                usart.o
    0x2000043c        -       0x00000028   Zero   RW          485    .bss                stm32f4xx_it.o
    0x20000464   0x08005054   0x00000004   PAD
    0x20000468        -       0x00002000   Zero   RW            1    STACK               startup_stm32f427xx.o


==============================================================================

Image component sizes


      Code (inc. data)   RO Data    RW Data    ZI Data      Debug   Object Name

        88          4          0          0          0        802   dma.o
       184         10          0          0          0        987   gpio.o
       542        130          0          0          0       3048   main.o
       120         16          0          1          0     760521   my_printf.o
      1156        364          0          7        836       7736   sdio.o
        36          8        428          0       8192        860   startup_stm32f427xx.o
       212         36          0          9          0       9717   stm32f4xx_hal.o
       304         22          0          0          0      34607   stm32f4xx_hal_cortex.o
      1270         16          8          0          0       6997   stm32f4xx_hal_dma.o
       570         54          0          0          0       3037   stm32f4xx_hal_gpio.o
        72          4          0          0          0        874   stm32f4xx_hal_msp.o
       140         12          0          0          0       1324   stm32f4xx_hal_pwr_ex.o
      1800         84          0          0          0       5768   stm32f4xx_hal_rcc.o
      3614         68          0          0          0      19473   stm32f4xx_hal_sd.o
      1064         46          0          0          0       9147   stm32f4xx_hal_tim.o
       184         30          0          0          0       2581   stm32f4xx_hal_tim_ex.o
      2140         26          0          0          0      12137   stm32f4xx_hal_uart.o
       188         46          0          0         40       8188   stm32f4xx_it.o
      2110         46          0          0          0      25103   stm32f4xx_ll_sdmmc.o
        28          4         24          4          0       1199   system_stm32f4xx.o
       184         18          0          0         64       1726   tim.o
       284         32          0          0        160       1849   usart.o

    ----------------------------------------------------------------------
     16310       1076        492         24       9296     917681   Object Totals
         0          0         32          0          0          0   (incl. Generated)
        20          0          0          3          4          0   (incl. Padding)

    ----------------------------------------------------------------------

      Code (inc. data)   RO Data    RW Data    ZI Data      Debug   Library Member Name

         0          0          0          0          0          0   entry.o
         0          0          0          0          0          0   entry10a.o
         0          0          0          0          0          0   entry11a.o
         8          4          0          0          0          0   entry2.o
         4          0          0          0          0          0   entry5.o
         0          0          0          0          0          0   entry7b.o
         0          0          0          0          0          0   entry8b.o
         8          4          0          0          0          0   entry9a.o
        30          0          0          0          0          0   handlers.o
        36          8          0          0          0         68   init.o
         0          0          0          0          0          0   iusefp.o
        30          0          0          0          0         68   llshl.o
        36          0          0          0          0         68   llsshr.o
        32          0          0          0          0         68   llushr.o
        36          0          0          0          0        108   memseta.o
      2292         84          0          0          0        516   printfa.o
        14          0          0          0          0         68   strlen.o
        44          0          0          0          0         80   uidiv.o
        98          0          0          0          0         92   uldiv.o
        48          0          0          0          0         68   cdrcmple.o
       334          0          0          0          0        148   dadd.o
       222          0          0          0          0        100   ddiv.o
       186          0          0          0          0        176   depilogue.o
        48          0          0          0          0         68   dfixul.o
       228          0          0          0          0         96   dmul.o

    ----------------------------------------------------------------------
      3738        100          0          0          0       1792   Library Totals
         4          0          0          0          0          0   (incl. Padding)

    ----------------------------------------------------------------------

      Code (inc. data)   RO Data    RW Data    ZI Data      Debug   Library Name

      2668        100          0          0          0       1136   mc_w.l
      1066          0          0          0          0        656   mf_w.l

    ----------------------------------------------------------------------
      3738        100          0          0          0       1792   Library Totals

    ----------------------------------------------------------------------

==============================================================================


      Code (inc. data)   RO Data    RW Data    ZI Data      Debug   

     20048       1176        492         24       9296     904093   Grand Totals
     20048       1176        492         24       9296     904093   ELF Image Totals
     20048       1176        492         24          0          0   ROM Totals

==============================================================================

    Total RO  Size (Code + RO Data)                20540 (  20.06kB)
    Total RW  Size (RW Data + ZI Data)              9320 (   9.10kB)
    Total ROM Size (Code + RO Data + RW Data)      20564 (  20.08kB)

==============================================================================

